Archive member included to satisfy reference by file (symbol)

c:/st/stm32cubeide_1.3.0/stm32cubeide/plugins/com.st.stm32cube.ide.mcu.externaltools.gnu-tools-for-stm32.9-2020-q2-update.win32_2.0.0.202105311346/tools/bin/../lib/gcc/arm-none-eabi/9.3.1/../../../../arm-none-eabi/lib/thumb/v7e-m+fp/hard\libc_nano.a(lib_a-errno.o)
                              ./Core/Src/syscalls.o (__errno)
c:/st/stm32cubeide_1.3.0/stm32cubeide/plugins/com.st.stm32cube.ide.mcu.externaltools.gnu-tools-for-stm32.9-2020-q2-update.win32_2.0.0.202105311346/tools/bin/../lib/gcc/arm-none-eabi/9.3.1/../../../../arm-none-eabi/lib/thumb/v7e-m+fp/hard\libc_nano.a(lib_a-exit.o)
                              c:/st/stm32cubeide_1.3.0/stm32cubeide/plugins/com.st.stm32cube.ide.mcu.externaltools.gnu-tools-for-stm32.9-2020-q2-update.win32_2.0.0.202105311346/tools/bin/../lib/gcc/arm-none-eabi/9.3.1/../../../../arm-none-eabi/lib/thumb/v7e-m+fp/hard/crt0.o (exit)
c:/st/stm32cubeide_1.3.0/stm32cubeide/plugins/com.st.stm32cube.ide.mcu.externaltools.gnu-tools-for-stm32.9-2020-q2-update.win32_2.0.0.202105311346/tools/bin/../lib/gcc/arm-none-eabi/9.3.1/../../../../arm-none-eabi/lib/thumb/v7e-m+fp/hard\libc_nano.a(lib_a-impure.o)
                              c:/st/stm32cubeide_1.3.0/stm32cubeide/plugins/com.st.stm32cube.ide.mcu.externaltools.gnu-tools-for-stm32.9-2020-q2-update.win32_2.0.0.202105311346/tools/bin/../lib/gcc/arm-none-eabi/9.3.1/../../../../arm-none-eabi/lib/thumb/v7e-m+fp/hard\libc_nano.a(lib_a-exit.o) (_global_impure_ptr)
c:/st/stm32cubeide_1.3.0/stm32cubeide/plugins/com.st.stm32cube.ide.mcu.externaltools.gnu-tools-for-stm32.9-2020-q2-update.win32_2.0.0.202105311346/tools/bin/../lib/gcc/arm-none-eabi/9.3.1/../../../../arm-none-eabi/lib/thumb/v7e-m+fp/hard\libc_nano.a(lib_a-init.o)
                              c:/st/stm32cubeide_1.3.0/stm32cubeide/plugins/com.st.stm32cube.ide.mcu.externaltools.gnu-tools-for-stm32.9-2020-q2-update.win32_2.0.0.202105311346/tools/bin/../lib/gcc/arm-none-eabi/9.3.1/../../../../arm-none-eabi/lib/thumb/v7e-m+fp/hard/crt0.o (__libc_init_array)
c:/st/stm32cubeide_1.3.0/stm32cubeide/plugins/com.st.stm32cube.ide.mcu.externaltools.gnu-tools-for-stm32.9-2020-q2-update.win32_2.0.0.202105311346/tools/bin/../lib/gcc/arm-none-eabi/9.3.1/../../../../arm-none-eabi/lib/thumb/v7e-m+fp/hard\libc_nano.a(lib_a-memset.o)
                              c:/st/stm32cubeide_1.3.0/stm32cubeide/plugins/com.st.stm32cube.ide.mcu.externaltools.gnu-tools-for-stm32.9-2020-q2-update.win32_2.0.0.202105311346/tools/bin/../lib/gcc/arm-none-eabi/9.3.1/../../../../arm-none-eabi/lib/thumb/v7e-m+fp/hard/crt0.o (memset)
c:/st/stm32cubeide_1.3.0/stm32cubeide/plugins/com.st.stm32cube.ide.mcu.externaltools.gnu-tools-for-stm32.9-2020-q2-update.win32_2.0.0.202105311346/tools/bin/../lib/gcc/arm-none-eabi/9.3.1/thumb/v7e-m+fp/hard\libgcc.a(_aeabi_uldivmod.o)
                              ./Drivers/STM32L4xx_HAL_Driver/Src/stm32l4xx_hal_uart.o (__aeabi_uldivmod)
c:/st/stm32cubeide_1.3.0/stm32cubeide/plugins/com.st.stm32cube.ide.mcu.externaltools.gnu-tools-for-stm32.9-2020-q2-update.win32_2.0.0.202105311346/tools/bin/../lib/gcc/arm-none-eabi/9.3.1/thumb/v7e-m+fp/hard\libgcc.a(_udivmoddi4.o)
                              c:/st/stm32cubeide_1.3.0/stm32cubeide/plugins/com.st.stm32cube.ide.mcu.externaltools.gnu-tools-for-stm32.9-2020-q2-update.win32_2.0.0.202105311346/tools/bin/../lib/gcc/arm-none-eabi/9.3.1/thumb/v7e-m+fp/hard\libgcc.a(_aeabi_uldivmod.o) (__udivmoddi4)
c:/st/stm32cubeide_1.3.0/stm32cubeide/plugins/com.st.stm32cube.ide.mcu.externaltools.gnu-tools-for-stm32.9-2020-q2-update.win32_2.0.0.202105311346/tools/bin/../lib/gcc/arm-none-eabi/9.3.1/thumb/v7e-m+fp/hard\libgcc.a(_dvmd_tls.o)
                              c:/st/stm32cubeide_1.3.0/stm32cubeide/plugins/com.st.stm32cube.ide.mcu.externaltools.gnu-tools-for-stm32.9-2020-q2-update.win32_2.0.0.202105311346/tools/bin/../lib/gcc/arm-none-eabi/9.3.1/thumb/v7e-m+fp/hard\libgcc.a(_aeabi_uldivmod.o) (__aeabi_ldiv0)

Allocating common symbols
Common symbol       size              file

hdma_usart2_rx      0x48              ./Core/Src/main.o
hcrc                0x24              ./Core/Src/main.o
uwTick              0x4               ./Drivers/STM32L4xx_HAL_Driver/Src/stm32l4xx_hal.o
hdma_usart1_tx      0x48              ./Core/Src/main.o
hadc1               0x64              ./Core/Src/main.o
hdma_usart1_rx      0x48              ./Core/Src/main.o
hdma_usart2_tx      0x48              ./Core/Src/main.o
huart1              0x84              ./Core/Src/main.o
htim1               0x4c              ./Core/Src/main.o
hspi1               0x64              ./Core/Src/main.o
JCUState            0xa               ./Core/Src/AS5048A.o
huart2              0x84              ./Core/Src/main.o
JCUConfig           0x2c              ./Core/Src/AS5048A.o

Discarded input sections

[...]
Memory Configuration

Name             Origin             Length             Attributes
RAM              0x0000000020000000 0x000000000000c000 xrw
RAM2             0x0000000010000000 0x0000000000004000 xrw
FLASH            0x0000000008000000 0x0000000000040000 xr
*default*        0x0000000000000000 0xffffffffffffffff

Linker script and memory map

LOAD c:/st/stm32cubeide_1.3.0/stm32cubeide/plugins/com.st.stm32cube.ide.mcu.externaltools.gnu-tools-for-stm32.9-2020-q2-update.win32_2.0.0.202105311346/tools/bin/../lib/gcc/arm-none-eabi/9.3.1/thumb/v7e-m+fp/hard/crti.o
LOAD c:/st/stm32cubeide_1.3.0/stm32cubeide/plugins/com.st.stm32cube.ide.mcu.externaltools.gnu-tools-for-stm32.9-2020-q2-update.win32_2.0.0.202105311346/tools/bin/../lib/gcc/arm-none-eabi/9.3.1/thumb/v7e-m+fp/hard/crtbegin.o
LOAD c:/st/stm32cubeide_1.3.0/stm32cubeide/plugins/com.st.stm32cube.ide.mcu.externaltools.gnu-tools-for-stm32.9-2020-q2-update.win32_2.0.0.202105311346/tools/bin/../lib/gcc/arm-none-eabi/9.3.1/../../../../arm-none-eabi/lib/thumb/v7e-m+fp/hard/crt0.o
LOAD ./Core/Src/AS5048A.o
LOAD ./Core/Src/MODBUS_RTU_Slave.o
LOAD ./Core/Src/Motor_Driver.o
LOAD ./Core/Src/main.o
LOAD ./Core/Src/stm32l4xx_hal_msp.o
LOAD ./Core/Src/stm32l4xx_it.o
LOAD ./Core/Src/syscalls.o
LOAD ./Core/Src/sysmem.o
LOAD ./Core/Src/system_stm32l4xx.o
LOAD ./Core/Startup/startup_stm32l432kcux.o
LOAD ./Drivers/STM32L4xx_HAL_Driver/Src/stm32l4xx_hal.o
LOAD ./Drivers/STM32L4xx_HAL_Driver/Src/stm32l4xx_hal_adc.o
LOAD ./Drivers/STM32L4xx_HAL_Driver/Src/stm32l4xx_hal_adc_ex.o
LOAD ./Drivers/STM32L4xx_HAL_Driver/Src/stm32l4xx_hal_cortex.o
LOAD ./Drivers/STM32L4xx_HAL_Driver/Src/stm32l4xx_hal_crc.o
LOAD ./Drivers/STM32L4xx_HAL_Driver/Src/stm32l4xx_hal_crc_ex.o
LOAD ./Drivers/STM32L4xx_HAL_Driver/Src/stm32l4xx_hal_dma.o
LOAD ./Drivers/STM32L4xx_HAL_Driver/Src/stm32l4xx_hal_dma_ex.o
LOAD ./Drivers/STM32L4xx_HAL_Driver/Src/stm32l4xx_hal_exti.o
LOAD ./Drivers/STM32L4xx_HAL_Driver/Src/stm32l4xx_hal_flash.o
LOAD ./Drivers/STM32L4xx_HAL_Driver/Src/stm32l4xx_hal_flash_ex.o
LOAD ./Drivers/STM32L4xx_HAL_Driver/Src/stm32l4xx_hal_flash_ramfunc.o
LOAD ./Drivers/STM32L4xx_HAL_Driver/Src/stm32l4xx_hal_gpio.o
LOAD ./Drivers/STM32L4xx_HAL_Driver/Src/stm32l4xx_hal_i2c.o
LOAD ./Drivers/STM32L4xx_HAL_Driver/Src/stm32l4xx_hal_i2c_ex.o
LOAD ./Drivers/STM32L4xx_HAL_Driver/Src/stm32l4xx_hal_pwr.o
LOAD ./Drivers/STM32L4xx_HAL_Driver/Src/stm32l4xx_hal_pwr_ex.o
LOAD ./Drivers/STM32L4xx_HAL_Driver/Src/stm32l4xx_hal_rcc.o
LOAD ./Drivers/STM32L4xx_HAL_Driver/Src/stm32l4xx_hal_rcc_ex.o
LOAD ./Drivers/STM32L4xx_HAL_Driver/Src/stm32l4xx_hal_spi.o
LOAD ./Drivers/STM32L4xx_HAL_Driver/Src/stm32l4xx_hal_spi_ex.o
LOAD ./Drivers/STM32L4xx_HAL_Driver/Src/stm32l4xx_hal_tim.o
LOAD ./Drivers/STM32L4xx_HAL_Driver/Src/stm32l4xx_hal_tim_ex.o
LOAD ./Drivers/STM32L4xx_HAL_Driver/Src/stm32l4xx_hal_uart.o
LOAD ./Drivers/STM32L4xx_HAL_Driver/Src/stm32l4xx_hal_uart_ex.o
START GROUP
LOAD c:/st/stm32cubeide_1.3.0/stm32cubeide/plugins/com.st.stm32cube.ide.mcu.externaltools.gnu-tools-for-stm32.9-2020-q2-update.win32_2.0.0.202105311346/tools/bin/../lib/gcc/arm-none-eabi/9.3.1/../../../../arm-none-eabi/lib/thumb/v7e-m+fp/hard\libc_nano.a
LOAD c:/st/stm32cubeide_1.3.0/stm32cubeide/plugins/com.st.stm32cube.ide.mcu.externaltools.gnu-tools-for-stm32.9-2020-q2-update.win32_2.0.0.202105311346/tools/bin/../lib/gcc/arm-none-eabi/9.3.1/../../../../arm-none-eabi/lib/thumb/v7e-m+fp/hard\libm.a
END GROUP
START GROUP
LOAD c:/st/stm32cubeide_1.3.0/stm32cubeide/plugins/com.st.stm32cube.ide.mcu.externaltools.gnu-tools-for-stm32.9-2020-q2-update.win32_2.0.0.202105311346/tools/bin/../lib/gcc/arm-none-eabi/9.3.1/thumb/v7e-m+fp/hard\libgcc.a
LOAD c:/st/stm32cubeide_1.3.0/stm32cubeide/plugins/com.st.stm32cube.ide.mcu.externaltools.gnu-tools-for-stm32.9-2020-q2-update.win32_2.0.0.202105311346/tools/bin/../lib/gcc/arm-none-eabi/9.3.1/../../../../arm-none-eabi/lib/thumb/v7e-m+fp/hard\libc_nano.a
END GROUP
START GROUP
LOAD c:/st/stm32cubeide_1.3.0/stm32cubeide/plugins/com.st.stm32cube.ide.mcu.externaltools.gnu-tools-for-stm32.9-2020-q2-update.win32_2.0.0.202105311346/tools/bin/../lib/gcc/arm-none-eabi/9.3.1/thumb/v7e-m+fp/hard\libgcc.a
LOAD c:/st/stm32cubeide_1.3.0/stm32cubeide/plugins/com.st.stm32cube.ide.mcu.externaltools.gnu-tools-for-stm32.9-2020-q2-update.win32_2.0.0.202105311346/tools/bin/../lib/gcc/arm-none-eabi/9.3.1/../../../../arm-none-eabi/lib/thumb/v7e-m+fp/hard\libc_nano.a
LOAD c:/st/stm32cubeide_1.3.0/stm32cubeide/plugins/com.st.stm32cube.ide.mcu.externaltools.gnu-tools-for-stm32.9-2020-q2-update.win32_2.0.0.202105311346/tools/bin/../lib/gcc/arm-none-eabi/9.3.1/../../../../arm-none-eabi/lib/thumb/v7e-m+fp/hard\libnosys.a
END GROUP
START GROUP
LOAD c:/st/stm32cubeide_1.3.0/stm32cubeide/plugins/com.st.stm32cube.ide.mcu.externaltools.gnu-tools-for-stm32.9-2020-q2-update.win32_2.0.0.202105311346/tools/bin/../lib/gcc/arm-none-eabi/9.3.1/thumb/v7e-m+fp/hard\libgcc.a
LOAD c:/st/stm32cubeide_1.3.0/stm32cubeide/plugins/com.st.stm32cube.ide.mcu.externaltools.gnu-tools-for-stm32.9-2020-q2-update.win32_2.0.0.202105311346/tools/bin/../lib/gcc/arm-none-eabi/9.3.1/../../../../arm-none-eabi/lib/thumb/v7e-m+fp/hard\libc_nano.a
LOAD c:/st/stm32cubeide_1.3.0/stm32cubeide/plugins/com.st.stm32cube.ide.mcu.externaltools.gnu-tools-for-stm32.9-2020-q2-update.win32_2.0.0.202105311346/tools/bin/../lib/gcc/arm-none-eabi/9.3.1/../../../../arm-none-eabi/lib/thumb/v7e-m+fp/hard\libnosys.a
END GROUP
LOAD c:/st/stm32cubeide_1.3.0/stm32cubeide/plugins/com.st.stm32cube.ide.mcu.externaltools.gnu-tools-for-stm32.9-2020-q2-update.win32_2.0.0.202105311346/tools/bin/../lib/gcc/arm-none-eabi/9.3.1/thumb/v7e-m+fp/hard/crtend.o
LOAD c:/st/stm32cubeide_1.3.0/stm32cubeide/plugins/com.st.stm32cube.ide.mcu.externaltools.gnu-tools-for-stm32.9-2020-q2-update.win32_2.0.0.202105311346/tools/bin/../lib/gcc/arm-none-eabi/9.3.1/thumb/v7e-m+fp/hard/crtn.o
                0x000000002000c000                _estack = (ORIGIN (RAM) + LENGTH (RAM))
                0x0000000000000200                _Min_Heap_Size = 0x200
                0x0000000000000400                _Min_Stack_Size = 0x400

.isr_vector     0x0000000008000000      0x18c
                0x0000000008000000                . = ALIGN (0x4)
 *(.isr_vector)
 .isr_vector    0x0000000008000000      0x18c ./Core/Startup/startup_stm32l432kcux.o
                0x0000000008000000                g_pfnVectors
                0x000000000800018c                . = ALIGN (0x4)

.text           0x000000000800018c     0x7f24
                0x000000000800018c                . = ALIGN (0x4)
 *(.text)
 .text          0x000000000800018c       0x40 c:/st/stm32cubeide_1.3.0/stm32cubeide/plugins/com.st.stm32cube.ide.mcu.externaltools.gnu-tools-for-stm32.9-2020-q2-update.win32_2.0.0.202105311346/tools/bin/../lib/gcc/arm-none-eabi/9.3.1/thumb/v7e-m+fp/hard/crtbegin.o
 .text          0x00000000080001cc       0x30 c:/st/stm32cubeide_1.3.0/stm32cubeide/plugins/com.st.stm32cube.ide.mcu.externaltools.gnu-tools-for-stm32.9-2020-q2-update.win32_2.0.0.202105311346/tools/bin/../lib/gcc/arm-none-eabi/9.3.1/thumb/v7e-m+fp/hard\libgcc.a(_aeabi_uldivmod.o)
                0x00000000080001cc                __aeabi_uldivmod
 .text          0x00000000080001fc      0x2c4 c:/st/stm32cubeide_1.3.0/stm32cubeide/plugins/com.st.stm32cube.ide.mcu.externaltools.gnu-tools-for-stm32.9-2020-q2-update.win32_2.0.0.202105311346/tools/bin/../lib/gcc/arm-none-eabi/9.3.1/thumb/v7e-m+fp/hard\libgcc.a(_udivmoddi4.o)
                0x00000000080001fc                __udivmoddi4
 .text          0x00000000080004c0        0x4 c:/st/stm32cubeide_1.3.0/stm32cubeide/plugins/com.st.stm32cube.ide.mcu.externaltools.gnu-tools-for-stm32.9-2020-q2-update.win32_2.0.0.202105311346/tools/bin/../lib/gcc/arm-none-eabi/9.3.1/thumb/v7e-m+fp/hard\libgcc.a(_dvmd_tls.o)
                0x00000000080004c0                __aeabi_idiv0
                0x00000000080004c0                __aeabi_ldiv0
 *(.text*)
 .text.CheckErrorsEnc
                0x00000000080004c4       0xd0 ./Core/Src/AS5048A.o
                0x00000000080004c4                CheckErrorsEnc
 .text.ParityOk
                0x0000000008000594       0x58 ./Core/Src/AS5048A.o
                0x0000000008000594                ParityOk
 .text.EncoderDataParcing
                0x00000000080005ec       0x88 ./Core/Src/AS5048A.o
                0x00000000080005ec                EncoderDataParcing
 .text.ReadAngle_RequestErrors
                0x0000000008000674       0x38 ./Core/Src/AS5048A.o
                0x0000000008000674                ReadAngle_RequestErrors
 .text.ReadErrors_RequestAngle
                0x00000000080006ac       0x38 ./Core/Src/AS5048A.o
                0x00000000080006ac                ReadErrors_RequestAngle
 .text.EnableAlarmLED
                0x00000000080006e4       0x18 ./Core/Src/AS5048A.o
                0x00000000080006e4                EnableAlarmLED
 .text.DisableAlarmLED
                0x00000000080006fc       0x18 ./Core/Src/AS5048A.o
                0x00000000080006fc                DisableAlarmLED
 .text.ModbusRTURoutine
                0x0000000008000714      0x5c8 ./Core/Src/MODBUS_RTU_Slave.o
                0x0000000008000714                ModbusRTURoutine
 .text.ModbusExceptionHandler
                0x0000000008000cdc       0x16 ./Core/Src/MODBUS_RTU_Slave.o
                0x0000000008000cdc                ModbusExceptionHandler
 *fill*         0x0000000008000cf2        0x2 
 .text.RunMotor
                0x0000000008000cf4       0x3c ./Core/Src/Motor_Driver.o
                0x0000000008000cf4                RunMotor
 .text.EnableMotor
                0x0000000008000d30       0x48 ./Core/Src/Motor_Driver.o
                0x0000000008000d30                EnableMotor
 .text.main     0x0000000008000d78       0x60 ./Core/Src/main.o
                0x0000000008000d78                main
 .text.SystemClock_Config
                0x0000000008000dd8       0xa2 ./Core/Src/main.o
                0x0000000008000dd8                SystemClock_Config
 *fill*         0x0000000008000e7a        0x2 
 .text.MX_ADC1_Init
                0x0000000008000e7c       0xc8 ./Core/Src/main.o
 .text.MX_CRC_Init
                0x0000000008000f44       0x5c ./Core/Src/main.o
 .text.MX_SPI1_Init
                0x0000000008000fa0       0x7c ./Core/Src/main.o
 .text.MX_TIM1_Init
                0x000000000800101c      0x138 ./Core/Src/main.o
 .text.MX_USART1_UART_Init
                0x0000000008001154       0x90 ./Core/Src/main.o
 .text.MX_USART2_UART_Init
                0x00000000080011e4       0x90 ./Core/Src/main.o
 .text.MX_DMA_Init
                0x0000000008001274       0x6c ./Core/Src/main.o
 .text.MX_GPIO_Init
                0x00000000080012e0       0xec ./Core/Src/main.o
 .text.HAL_TIM_PeriodElapsedCallback
                0x00000000080013cc       0x14 ./Core/Src/main.o
                0x00000000080013cc                HAL_TIM_PeriodElapsedCallback
 .text.HAL_ADC_ConvCpltCallback
                0x00000000080013e0       0x24 ./Core/Src/main.o
                0x00000000080013e0                HAL_ADC_ConvCpltCallback
 .text.EndofBlock
                0x0000000008001404       0x6c ./Core/Src/main.o
                0x0000000008001404                EndofBlock
 .text.HAL_UART_ErrorCallback
                0x0000000008001470       0x14 ./Core/Src/main.o
                0x0000000008001470                HAL_UART_ErrorCallback
 .text.HAL_UART_TxCpltCallback
                0x0000000008001484       0x5c ./Core/Src/main.o
                0x0000000008001484                HAL_UART_TxCpltCallback
 .text.HAL_SPI_TxRxCpltCallback
                0x00000000080014e0       0x20 ./Core/Src/main.o
                0x00000000080014e0                HAL_SPI_TxRxCpltCallback
 .text.Error_Handler
                0x0000000008001500        0xa ./Core/Src/main.o
                0x0000000008001500                Error_Handler
 *fill*         0x000000000800150a        0x2 
 .text.HAL_MspInit
                0x000000000800150c       0x48 ./Core/Src/stm32l4xx_hal_msp.o
                0x000000000800150c                HAL_MspInit
 .text.HAL_ADC_MspInit
                0x0000000008001554       0xd8 ./Core/Src/stm32l4xx_hal_msp.o
                0x0000000008001554                HAL_ADC_MspInit
 .text.HAL_CRC_MspInit
                0x000000000800162c       0x40 ./Core/Src/stm32l4xx_hal_msp.o
                0x000000000800162c                HAL_CRC_MspInit
 .text.HAL_SPI_MspInit
                0x000000000800166c       0x98 ./Core/Src/stm32l4xx_hal_msp.o
                0x000000000800166c                HAL_SPI_MspInit
 .text.HAL_TIM_PWM_MspInit
                0x0000000008001704       0x4c ./Core/Src/stm32l4xx_hal_msp.o
                0x0000000008001704                HAL_TIM_PWM_MspInit
 .text.HAL_TIM_MspPostInit
                0x0000000008001750       0xac ./Core/Src/stm32l4xx_hal_msp.o
                0x0000000008001750                HAL_TIM_MspPostInit
 .text.HAL_UART_MspInit
                0x00000000080017fc      0x2e0 ./Core/Src/stm32l4xx_hal_msp.o
                0x00000000080017fc                HAL_UART_MspInit
 .text.NMI_Handler
                0x0000000008001adc        0x6 ./Core/Src/stm32l4xx_it.o
                0x0000000008001adc                NMI_Handler
 .text.HardFault_Handler
                0x0000000008001ae2        0x6 ./Core/Src/stm32l4xx_it.o
                0x0000000008001ae2                HardFault_Handler
 .text.MemManage_Handler
                0x0000000008001ae8        0x6 ./Core/Src/stm32l4xx_it.o
                0x0000000008001ae8                MemManage_Handler
 .text.BusFault_Handler
                0x0000000008001aee        0x6 ./Core/Src/stm32l4xx_it.o
                0x0000000008001aee                BusFault_Handler
 .text.UsageFault_Handler
                0x0000000008001af4        0x6 ./Core/Src/stm32l4xx_it.o
                0x0000000008001af4                UsageFault_Handler
 .text.SVC_Handler
                0x0000000008001afa        0xe ./Core/Src/stm32l4xx_it.o
                0x0000000008001afa                SVC_Handler
 .text.DebugMon_Handler
                0x0000000008001b08        0xe ./Core/Src/stm32l4xx_it.o
                0x0000000008001b08                DebugMon_Handler
 .text.PendSV_Handler
                0x0000000008001b16        0xe ./Core/Src/stm32l4xx_it.o
                0x0000000008001b16                PendSV_Handler
 .text.SysTick_Handler
                0x0000000008001b24        0xc ./Core/Src/stm32l4xx_it.o
                0x0000000008001b24                SysTick_Handler
 .text.DMA1_Channel4_IRQHandler
                0x0000000008001b30       0x14 ./Core/Src/stm32l4xx_it.o
                0x0000000008001b30                DMA1_Channel4_IRQHandler
 .text.DMA1_Channel5_IRQHandler
                0x0000000008001b44       0x14 ./Core/Src/stm32l4xx_it.o
                0x0000000008001b44                DMA1_Channel5_IRQHandler
 .text.DMA1_Channel6_IRQHandler
                0x0000000008001b58       0x14 ./Core/Src/stm32l4xx_it.o
                0x0000000008001b58                DMA1_Channel6_IRQHandler
 .text.DMA1_Channel7_IRQHandler
                0x0000000008001b6c       0x14 ./Core/Src/stm32l4xx_it.o
                0x0000000008001b6c                DMA1_Channel7_IRQHandler
 .text.ADC1_IRQHandler
                0x0000000008001b80       0x14 ./Core/Src/stm32l4xx_it.o
                0x0000000008001b80                ADC1_IRQHandler
 .text.TIM1_UP_TIM16_IRQHandler
                0x0000000008001b94       0x14 ./Core/Src/stm32l4xx_it.o
                0x0000000008001b94                TIM1_UP_TIM16_IRQHandler
 .text.SPI1_IRQHandler
                0x0000000008001ba8       0x14 ./Core/Src/stm32l4xx_it.o
                0x0000000008001ba8                SPI1_IRQHandler
 .text.USART1_IRQHandler
                0x0000000008001bbc       0x18 ./Core/Src/stm32l4xx_it.o
                0x0000000008001bbc                USART1_IRQHandler
 .text.USART2_IRQHandler
                0x0000000008001bd4       0x14 ./Core/Src/stm32l4xx_it.o
                0x0000000008001bd4                USART2_IRQHandler
 .text.SystemInit
                0x0000000008001be8       0x64 ./Core/Src/system_stm32l4xx.o
                0x0000000008001be8                SystemInit
 .text.Reset_Handler
                0x0000000008001c4c       0x50 ./Core/Startup/startup_stm32l432kcux.o
                0x0000000008001c4c                Reset_Handler
 .text.Default_Handler
                0x0000000008001c9c        0x2 ./Core/Startup/startup_stm32l432kcux.o
                0x0000000008001c9c                RTC_Alarm_IRQHandler
                0x0000000008001c9c                EXTI2_IRQHandler
                0x0000000008001c9c                TIM1_CC_IRQHandler
                0x0000000008001c9c                TSC_IRQHandler
                0x0000000008001c9c                TAMP_STAMP_IRQHandler
                0x0000000008001c9c                EXTI3_IRQHandler
                0x0000000008001c9c                LPTIM2_IRQHandler
                0x0000000008001c9c                I2C3_ER_IRQHandler
                0x0000000008001c9c                EXTI0_IRQHandler
                0x0000000008001c9c                CAN1_RX0_IRQHandler
                0x0000000008001c9c                FPU_IRQHandler
                0x0000000008001c9c                TIM6_DAC_IRQHandler
                0x0000000008001c9c                DMA2_Channel2_IRQHandler
                0x0000000008001c9c                CAN1_RX1_IRQHandler
                0x0000000008001c9c                DMA2_Channel1_IRQHandler
                0x0000000008001c9c                QUADSPI_IRQHandler
                0x0000000008001c9c                I2C1_EV_IRQHandler
                0x0000000008001c9c                DMA2_Channel4_IRQHandler
                0x0000000008001c9c                RCC_IRQHandler
                0x0000000008001c9c                TIM1_TRG_COM_IRQHandler
                0x0000000008001c9c                DMA1_Channel1_IRQHandler
                0x0000000008001c9c                Default_Handler
                0x0000000008001c9c                DMA2_Channel7_IRQHandler
                0x0000000008001c9c                EXTI15_10_IRQHandler
                0x0000000008001c9c                TIM7_IRQHandler
                0x0000000008001c9c                I2C3_EV_IRQHandler
                0x0000000008001c9c                USB_IRQHandler
                0x0000000008001c9c                EXTI9_5_IRQHandler
                0x0000000008001c9c                RTC_WKUP_IRQHandler
                0x0000000008001c9c                PVD_PVM_IRQHandler
                0x0000000008001c9c                CAN1_TX_IRQHandler
                0x0000000008001c9c                DMA2_Channel5_IRQHandler
                0x0000000008001c9c                CRS_IRQHandler
                0x0000000008001c9c                EXTI4_IRQHandler
                0x0000000008001c9c                RNG_IRQHandler
                0x0000000008001c9c                DMA1_Channel3_IRQHandler
                0x0000000008001c9c                COMP_IRQHandler
                0x0000000008001c9c                WWDG_IRQHandler
                0x0000000008001c9c                LPUART1_IRQHandler
                0x0000000008001c9c                DMA2_Channel6_IRQHandler
                0x0000000008001c9c                TIM2_IRQHandler
                0x0000000008001c9c                EXTI1_IRQHandler
                0x0000000008001c9c                DMA1_Channel2_IRQHandler
                0x0000000008001c9c                CAN1_SCE_IRQHandler
                0x0000000008001c9c                FLASH_IRQHandler
                0x0000000008001c9c                SPI3_IRQHandler
                0x0000000008001c9c                I2C1_ER_IRQHandler
                0x0000000008001c9c                SWPMI1_IRQHandler
                0x0000000008001c9c                LPTIM1_IRQHandler
                0x0000000008001c9c                SAI1_IRQHandler
                0x0000000008001c9c                DMA2_Channel3_IRQHandler
                0x0000000008001c9c                TIM1_BRK_TIM15_IRQHandler
 .text.HAL_Init
                0x0000000008001c9e       0x30 ./Drivers/STM32L4xx_HAL_Driver/Src/stm32l4xx_hal.o
                0x0000000008001c9e                HAL_Init
 *fill*         0x0000000008001cce        0x2 
 .text.HAL_InitTick
                0x0000000008001cd0       0x78 ./Drivers/STM32L4xx_HAL_Driver/Src/stm32l4xx_hal.o
                0x0000000008001cd0                HAL_InitTick
 .text.HAL_IncTick
                0x0000000008001d48       0x28 ./Drivers/STM32L4xx_HAL_Driver/Src/stm32l4xx_hal.o
                0x0000000008001d48                HAL_IncTick
 .text.HAL_GetTick
                0x0000000008001d70       0x18 ./Drivers/STM32L4xx_HAL_Driver/Src/stm32l4xx_hal.o
                0x0000000008001d70                HAL_GetTick
 .text.LL_ADC_SetCommonClock
                0x0000000008001d88       0x26 ./Drivers/STM32L4xx_HAL_Driver/Src/stm32l4xx_hal_adc.o
 .text.LL_ADC_SetCommonPathInternalCh
                0x0000000008001dae       0x26 ./Drivers/STM32L4xx_HAL_Driver/Src/stm32l4xx_hal_adc.o
 .text.LL_ADC_GetCommonPathInternalCh
                0x0000000008001dd4       0x1c ./Drivers/STM32L4xx_HAL_Driver/Src/stm32l4xx_hal_adc.o
 .text.LL_ADC_SetOffset
                0x0000000008001df0       0x48 ./Drivers/STM32L4xx_HAL_Driver/Src/stm32l4xx_hal_adc.o
 .text.LL_ADC_GetOffsetChannel
                0x0000000008001e38       0x2c ./Drivers/STM32L4xx_HAL_Driver/Src/stm32l4xx_hal_adc.o
 .text.LL_ADC_SetOffsetState
                0x0000000008001e64       0x36 ./Drivers/STM32L4xx_HAL_Driver/Src/stm32l4xx_hal_adc.o
 .text.LL_ADC_REG_IsTriggerSourceSWStart
                0x0000000008001e9a       0x26 ./Drivers/STM32L4xx_HAL_Driver/Src/stm32l4xx_hal_adc.o
 .text.LL_ADC_REG_SetSequencerRanks
                0x0000000008001ec0       0x58 ./Drivers/STM32L4xx_HAL_Driver/Src/stm32l4xx_hal_adc.o
 .text.LL_ADC_INJ_IsTriggerSourceSWStart
                0x0000000008001f18       0x26 ./Drivers/STM32L4xx_HAL_Driver/Src/stm32l4xx_hal_adc.o
 .text.LL_ADC_SetChannelSamplingTime
                0x0000000008001f3e       0x56 ./Drivers/STM32L4xx_HAL_Driver/Src/stm32l4xx_hal_adc.o
 .text.LL_ADC_SetChannelSingleDiff
                0x0000000008001f94       0x48 ./Drivers/STM32L4xx_HAL_Driver/Src/stm32l4xx_hal_adc.o
 .text.LL_ADC_DisableDeepPowerDown
                0x0000000008001fdc       0x24 ./Drivers/STM32L4xx_HAL_Driver/Src/stm32l4xx_hal_adc.o
 .text.LL_ADC_IsDeepPowerDownEnabled
                0x0000000008002000       0x28 ./Drivers/STM32L4xx_HAL_Driver/Src/stm32l4xx_hal_adc.o
 .text.LL_ADC_EnableInternalRegulator
                0x0000000008002028       0x28 ./Drivers/STM32L4xx_HAL_Driver/Src/stm32l4xx_hal_adc.o
 .text.LL_ADC_IsInternalRegulatorEnabled
                0x0000000008002050       0x28 ./Drivers/STM32L4xx_HAL_Driver/Src/stm32l4xx_hal_adc.o
 .text.LL_ADC_Enable
                0x0000000008002078       0x28 ./Drivers/STM32L4xx_HAL_Driver/Src/stm32l4xx_hal_adc.o
 .text.LL_ADC_IsEnabled
                0x00000000080020a0       0x26 ./Drivers/STM32L4xx_HAL_Driver/Src/stm32l4xx_hal_adc.o
 .text.LL_ADC_REG_StartConversion
                0x00000000080020c6       0x28 ./Drivers/STM32L4xx_HAL_Driver/Src/stm32l4xx_hal_adc.o
 .text.LL_ADC_REG_IsConversionOngoing
                0x00000000080020ee       0x26 ./Drivers/STM32L4xx_HAL_Driver/Src/stm32l4xx_hal_adc.o
 .text.LL_ADC_INJ_IsConversionOngoing
                0x0000000008002114       0x26 ./Drivers/STM32L4xx_HAL_Driver/Src/stm32l4xx_hal_adc.o
 *fill*         0x000000000800213a        0x2 
 .text.HAL_ADC_Init
                0x000000000800213c      0x290 ./Drivers/STM32L4xx_HAL_Driver/Src/stm32l4xx_hal_adc.o
                0x000000000800213c                HAL_ADC_Init
 .text.HAL_ADC_Start_IT
                0x00000000080023cc      0x16a ./Drivers/STM32L4xx_HAL_Driver/Src/stm32l4xx_hal_adc.o
                0x00000000080023cc                HAL_ADC_Start_IT
 .text.HAL_ADC_GetValue
                0x0000000008002536       0x1a ./Drivers/STM32L4xx_HAL_Driver/Src/stm32l4xx_hal_adc.o
                0x0000000008002536                HAL_ADC_GetValue
 .text.HAL_ADC_IRQHandler
                0x0000000008002550      0x368 ./Drivers/STM32L4xx_HAL_Driver/Src/stm32l4xx_hal_adc.o
                0x0000000008002550                HAL_ADC_IRQHandler
 .text.HAL_ADC_LevelOutOfWindowCallback
                0x00000000080028b8       0x14 ./Drivers/STM32L4xx_HAL_Driver/Src/stm32l4xx_hal_adc.o
                0x00000000080028b8                HAL_ADC_LevelOutOfWindowCallback
 .text.HAL_ADC_ErrorCallback
                0x00000000080028cc       0x14 ./Drivers/STM32L4xx_HAL_Driver/Src/stm32l4xx_hal_adc.o
                0x00000000080028cc                HAL_ADC_ErrorCallback
 .text.HAL_ADC_ConfigChannel
                0x00000000080028e0      0x7c0 ./Drivers/STM32L4xx_HAL_Driver/Src/stm32l4xx_hal_adc.o
                0x00000000080028e0                HAL_ADC_ConfigChannel
 .text.ADC_Enable
                0x00000000080030a0       0xc4 ./Drivers/STM32L4xx_HAL_Driver/Src/stm32l4xx_hal_adc.o
                0x00000000080030a0                ADC_Enable
 .text.HAL_ADCEx_InjectedConvCpltCallback
                0x0000000008003164       0x14 ./Drivers/STM32L4xx_HAL_Driver/Src/stm32l4xx_hal_adc_ex.o
                0x0000000008003164                HAL_ADCEx_InjectedConvCpltCallback
 .text.HAL_ADCEx_InjectedQueueOverflowCallback
                0x0000000008003178       0x14 ./Drivers/STM32L4xx_HAL_Driver/Src/stm32l4xx_hal_adc_ex.o
                0x0000000008003178                HAL_ADCEx_InjectedQueueOverflowCallback
 .text.HAL_ADCEx_LevelOutOfWindow2Callback
                0x000000000800318c       0x14 ./Drivers/STM32L4xx_HAL_Driver/Src/stm32l4xx_hal_adc_ex.o
                0x000000000800318c                HAL_ADCEx_LevelOutOfWindow2Callback
 .text.HAL_ADCEx_LevelOutOfWindow3Callback
                0x00000000080031a0       0x14 ./Drivers/STM32L4xx_HAL_Driver/Src/stm32l4xx_hal_adc_ex.o
                0x00000000080031a0                HAL_ADCEx_LevelOutOfWindow3Callback
 .text.HAL_ADCEx_EndOfSamplingCallback
                0x00000000080031b4       0x14 ./Drivers/STM32L4xx_HAL_Driver/Src/stm32l4xx_hal_adc_ex.o
                0x00000000080031b4                HAL_ADCEx_EndOfSamplingCallback
 .text.__NVIC_SetPriorityGrouping
                0x00000000080031c8       0x48 ./Drivers/STM32L4xx_HAL_Driver/Src/stm32l4xx_hal_cortex.o
 .text.__NVIC_GetPriorityGrouping
                0x0000000008003210       0x1c ./Drivers/STM32L4xx_HAL_Driver/Src/stm32l4xx_hal_cortex.o
 .text.__NVIC_EnableIRQ
                0x000000000800322c       0x3c ./Drivers/STM32L4xx_HAL_Driver/Src/stm32l4xx_hal_cortex.o
 .text.__NVIC_SetPriority
                0x0000000008003268       0x54 ./Drivers/STM32L4xx_HAL_Driver/Src/stm32l4xx_hal_cortex.o
 .text.NVIC_EncodePriority
                0x00000000080032bc       0x66 ./Drivers/STM32L4xx_HAL_Driver/Src/stm32l4xx_hal_cortex.o
 *fill*         0x0000000008003322        0x2 
 .text.SysTick_Config
                0x0000000008003324       0x44 ./Drivers/STM32L4xx_HAL_Driver/Src/stm32l4xx_hal_cortex.o
 .text.HAL_NVIC_SetPriorityGrouping
                0x0000000008003368       0x16 ./Drivers/STM32L4xx_HAL_Driver/Src/stm32l4xx_hal_cortex.o
                0x0000000008003368                HAL_NVIC_SetPriorityGrouping
 .text.HAL_NVIC_SetPriority
                0x000000000800337e       0x38 ./Drivers/STM32L4xx_HAL_Driver/Src/stm32l4xx_hal_cortex.o
                0x000000000800337e                HAL_NVIC_SetPriority
 .text.HAL_NVIC_EnableIRQ
                0x00000000080033b6       0x1c ./Drivers/STM32L4xx_HAL_Driver/Src/stm32l4xx_hal_cortex.o
                0x00000000080033b6                HAL_NVIC_EnableIRQ
 .text.HAL_SYSTICK_Config
                0x00000000080033d2       0x18 ./Drivers/STM32L4xx_HAL_Driver/Src/stm32l4xx_hal_cortex.o
                0x00000000080033d2                HAL_SYSTICK_Config
 *fill*         0x00000000080033ea        0x2 
 .text.HAL_CRC_Init
                0x00000000080033ec       0xc8 ./Drivers/STM32L4xx_HAL_Driver/Src/stm32l4xx_hal_crc.o
                0x00000000080033ec                HAL_CRC_Init
 .text.HAL_CRC_Calculate
                0x00000000080034b4       0x98 ./Drivers/STM32L4xx_HAL_Driver/Src/stm32l4xx_hal_crc.o
                0x00000000080034b4                HAL_CRC_Calculate
 .text.CRC_Handle_8
                0x000000000800354c      0x11c ./Drivers/STM32L4xx_HAL_Driver/Src/stm32l4xx_hal_crc.o
 .text.CRC_Handle_16
                0x0000000008003668       0x74 ./Drivers/STM32L4xx_HAL_Driver/Src/stm32l4xx_hal_crc.o
 .text.HAL_CRCEx_Polynomial_Set
                0x00000000080036dc      0x10c ./Drivers/STM32L4xx_HAL_Driver/Src/stm32l4xx_hal_crc_ex.o
                0x00000000080036dc                HAL_CRCEx_Polynomial_Set
 .text.HAL_DMA_Init
                0x00000000080037e8      0x170 ./Drivers/STM32L4xx_HAL_Driver/Src/stm32l4xx_hal_dma.o
                0x00000000080037e8                HAL_DMA_Init
 .text.HAL_DMA_Start_IT
                0x0000000008003958       0xc0 ./Drivers/STM32L4xx_HAL_Driver/Src/stm32l4xx_hal_dma.o
                0x0000000008003958                HAL_DMA_Start_IT
 .text.HAL_DMA_Abort
                0x0000000008003a18       0x7c ./Drivers/STM32L4xx_HAL_Driver/Src/stm32l4xx_hal_dma.o
                0x0000000008003a18                HAL_DMA_Abort
 .text.HAL_DMA_Abort_IT
                0x0000000008003a94       0x82 ./Drivers/STM32L4xx_HAL_Driver/Src/stm32l4xx_hal_dma.o
                0x0000000008003a94                HAL_DMA_Abort_IT
 .text.HAL_DMA_IRQHandler
                0x0000000008003b16      0x15e ./Drivers/STM32L4xx_HAL_Driver/Src/stm32l4xx_hal_dma.o
                0x0000000008003b16                HAL_DMA_IRQHandler
 .text.DMA_SetConfig
                0x0000000008003c74       0x60 ./Drivers/STM32L4xx_HAL_Driver/Src/stm32l4xx_hal_dma.o
 .text.HAL_GPIO_Init
                0x0000000008003cd4      0x2d4 ./Drivers/STM32L4xx_HAL_Driver/Src/stm32l4xx_hal_gpio.o
                0x0000000008003cd4                HAL_GPIO_Init
 .text.HAL_GPIO_WritePin
                0x0000000008003fa8       0x30 ./Drivers/STM32L4xx_HAL_Driver/Src/stm32l4xx_hal_gpio.o
                0x0000000008003fa8                HAL_GPIO_WritePin
 .text.HAL_PWREx_GetVoltageRange
                0x0000000008003fd8       0x1c ./Drivers/STM32L4xx_HAL_Driver/Src/stm32l4xx_hal_pwr_ex.o
                0x0000000008003fd8                HAL_PWREx_GetVoltageRange
 .text.HAL_PWREx_ControlVoltageScaling
                0x0000000008003ff4       0xac ./Drivers/STM32L4xx_HAL_Driver/Src/stm32l4xx_hal_pwr_ex.o
                0x0000000008003ff4                HAL_PWREx_ControlVoltageScaling
 .text.HAL_RCC_OscConfig
                0x00000000080040a0      0x840 ./Drivers/STM32L4xx_HAL_Driver/Src/stm32l4xx_hal_rcc.o
                0x00000000080040a0                HAL_RCC_OscConfig
 .text.HAL_RCC_ClockConfig
                0x00000000080048e0      0x1c4 ./Drivers/STM32L4xx_HAL_Driver/Src/stm32l4xx_hal_rcc.o
                0x00000000080048e0                HAL_RCC_ClockConfig
 .text.HAL_RCC_GetSysClockFreq
                0x0000000008004aa4      0x118 ./Drivers/STM32L4xx_HAL_Driver/Src/stm32l4xx_hal_rcc.o
                0x0000000008004aa4                HAL_RCC_GetSysClockFreq
 .text.HAL_RCC_GetHCLKFreq
                0x0000000008004bbc       0x18 ./Drivers/STM32L4xx_HAL_Driver/Src/stm32l4xx_hal_rcc.o
                0x0000000008004bbc                HAL_RCC_GetHCLKFreq
 .text.HAL_RCC_GetPCLK1Freq
                0x0000000008004bd4       0x2c ./Drivers/STM32L4xx_HAL_Driver/Src/stm32l4xx_hal_rcc.o
                0x0000000008004bd4                HAL_RCC_GetPCLK1Freq
 .text.HAL_RCC_GetPCLK2Freq
                0x0000000008004c00       0x2c ./Drivers/STM32L4xx_HAL_Driver/Src/stm32l4xx_hal_rcc.o
                0x0000000008004c00                HAL_RCC_GetPCLK2Freq
 .text.RCC_SetFlashLatencyFromMSIRange
                0x0000000008004c2c       0xc0 ./Drivers/STM32L4xx_HAL_Driver/Src/stm32l4xx_hal_rcc.o
 .text.HAL_RCCEx_PeriphCLKConfig
                0x0000000008004cec      0x3e8 ./Drivers/STM32L4xx_HAL_Driver/Src/stm32l4xx_hal_rcc_ex.o
                0x0000000008004cec                HAL_RCCEx_PeriphCLKConfig
 .text.RCCEx_PLLSAI1_Config
                0x00000000080050d4      0x1e4 ./Drivers/STM32L4xx_HAL_Driver/Src/stm32l4xx_hal_rcc_ex.o
 .text.HAL_SPI_Init
                0x00000000080052b8      0x146 ./Drivers/STM32L4xx_HAL_Driver/Src/stm32l4xx_hal_spi.o
                0x00000000080052b8                HAL_SPI_Init
 *fill*         0x00000000080053fe        0x2 
 .text.HAL_SPI_TransmitReceive_IT
                0x0000000008005400      0x160 ./Drivers/STM32L4xx_HAL_Driver/Src/stm32l4xx_hal_spi.o
                0x0000000008005400                HAL_SPI_TransmitReceive_IT
 .text.HAL_SPI_IRQHandler
                0x0000000008005560      0x200 ./Drivers/STM32L4xx_HAL_Driver/Src/stm32l4xx_hal_spi.o
                0x0000000008005560                HAL_SPI_IRQHandler
 .text.HAL_SPI_RxCpltCallback
                0x0000000008005760       0x14 ./Drivers/STM32L4xx_HAL_Driver/Src/stm32l4xx_hal_spi.o
                0x0000000008005760                HAL_SPI_RxCpltCallback
 .text.HAL_SPI_ErrorCallback
                0x0000000008005774       0x14 ./Drivers/STM32L4xx_HAL_Driver/Src/stm32l4xx_hal_spi.o
                0x0000000008005774                HAL_SPI_ErrorCallback
 .text.SPI_DMAAbortOnError
                0x0000000008005788       0x2a ./Drivers/STM32L4xx_HAL_Driver/Src/stm32l4xx_hal_spi.o
 .text.SPI_2linesRxISR_8BIT
                0x00000000080057b2       0xbe ./Drivers/STM32L4xx_HAL_Driver/Src/stm32l4xx_hal_spi.o
 .text.SPI_2linesTxISR_8BIT
                0x0000000008005870       0x92 ./Drivers/STM32L4xx_HAL_Driver/Src/stm32l4xx_hal_spi.o
 .text.SPI_2linesRxISR_16BIT
                0x0000000008005902       0x66 ./Drivers/STM32L4xx_HAL_Driver/Src/stm32l4xx_hal_spi.o
 .text.SPI_2linesTxISR_16BIT
                0x0000000008005968       0x60 ./Drivers/STM32L4xx_HAL_Driver/Src/stm32l4xx_hal_spi.o
 .text.SPI_WaitFlagStateUntilTimeout
                0x00000000080059c8      0x110 ./Drivers/STM32L4xx_HAL_Driver/Src/stm32l4xx_hal_spi.o
 .text.SPI_WaitFifoStateUntilTimeout
                0x0000000008005ad8      0x124 ./Drivers/STM32L4xx_HAL_Driver/Src/stm32l4xx_hal_spi.o
 .text.SPI_EndRxTxTransaction
                0x0000000008005bfc       0x8c ./Drivers/STM32L4xx_HAL_Driver/Src/stm32l4xx_hal_spi.o
 .text.SPI_CloseRxTx_ISR
                0x0000000008005c88       0x84 ./Drivers/STM32L4xx_HAL_Driver/Src/stm32l4xx_hal_spi.o
 .text.HAL_TIM_Base_Start_IT
                0x0000000008005d0c       0xa8 ./Drivers/STM32L4xx_HAL_Driver/Src/stm32l4xx_hal_tim.o
                0x0000000008005d0c                HAL_TIM_Base_Start_IT
 .text.HAL_TIM_PWM_Init
                0x0000000008005db4       0xae ./Drivers/STM32L4xx_HAL_Driver/Src/stm32l4xx_hal_tim.o
                0x0000000008005db4                HAL_TIM_PWM_Init
 *fill*         0x0000000008005e62        0x2 
 .text.HAL_TIM_PWM_Start_IT
                0x0000000008005e64      0x248 ./Drivers/STM32L4xx_HAL_Driver/Src/stm32l4xx_hal_tim.o
                0x0000000008005e64                HAL_TIM_PWM_Start_IT
 .text.HAL_TIM_IRQHandler
                0x00000000080060ac      0x23e ./Drivers/STM32L4xx_HAL_Driver/Src/stm32l4xx_hal_tim.o
                0x00000000080060ac                HAL_TIM_IRQHandler
 *fill*         0x00000000080062ea        0x2 
 .text.HAL_TIM_PWM_ConfigChannel
                0x00000000080062ec      0x220 ./Drivers/STM32L4xx_HAL_Driver/Src/stm32l4xx_hal_tim.o
                0x00000000080062ec                HAL_TIM_PWM_ConfigChannel
 .text.HAL_TIM_OC_DelayElapsedCallback
                0x000000000800650c       0x14 ./Drivers/STM32L4xx_HAL_Driver/Src/stm32l4xx_hal_tim.o
                0x000000000800650c                HAL_TIM_OC_DelayElapsedCallback
 .text.HAL_TIM_IC_CaptureCallback
                0x0000000008006520       0x14 ./Drivers/STM32L4xx_HAL_Driver/Src/stm32l4xx_hal_tim.o
                0x0000000008006520                HAL_TIM_IC_CaptureCallback
 .text.HAL_TIM_PWM_PulseFinishedCallback
                0x0000000008006534       0x14 ./Drivers/STM32L4xx_HAL_Driver/Src/stm32l4xx_hal_tim.o
                0x0000000008006534                HAL_TIM_PWM_PulseFinishedCallback
 .text.HAL_TIM_TriggerCallback
                0x0000000008006548       0x14 ./Drivers/STM32L4xx_HAL_Driver/Src/stm32l4xx_hal_tim.o
                0x0000000008006548                HAL_TIM_TriggerCallback
 .text.TIM_Base_SetConfig
                0x000000000800655c       0xc8 ./Drivers/STM32L4xx_HAL_Driver/Src/stm32l4xx_hal_tim.o
                0x000000000800655c                TIM_Base_SetConfig
 .text.TIM_OC1_SetConfig
                0x0000000008006624       0xf8 ./Drivers/STM32L4xx_HAL_Driver/Src/stm32l4xx_hal_tim.o
 .text.TIM_OC2_SetConfig
                0x000000000800671c       0xf4 ./Drivers/STM32L4xx_HAL_Driver/Src/stm32l4xx_hal_tim.o
                0x000000000800671c                TIM_OC2_SetConfig
 .text.TIM_OC3_SetConfig
                0x0000000008006810       0xf0 ./Drivers/STM32L4xx_HAL_Driver/Src/stm32l4xx_hal_tim.o
 .text.TIM_OC4_SetConfig
                0x0000000008006900       0xbc ./Drivers/STM32L4xx_HAL_Driver/Src/stm32l4xx_hal_tim.o
 .text.TIM_OC5_SetConfig
                0x00000000080069bc       0xb0 ./Drivers/STM32L4xx_HAL_Driver/Src/stm32l4xx_hal_tim.o
 .text.TIM_OC6_SetConfig
                0x0000000008006a6c       0xb4 ./Drivers/STM32L4xx_HAL_Driver/Src/stm32l4xx_hal_tim.o
 .text.TIM_CCxChannelCmd
                0x0000000008006b20       0x4a ./Drivers/STM32L4xx_HAL_Driver/Src/stm32l4xx_hal_tim.o
                0x0000000008006b20                TIM_CCxChannelCmd
 *fill*         0x0000000008006b6a        0x2 
 .text.HAL_TIMEx_PWMN_Start_IT
                0x0000000008006b6c      0x1a0 ./Drivers/STM32L4xx_HAL_Driver/Src/stm32l4xx_hal_tim_ex.o
                0x0000000008006b6c                HAL_TIMEx_PWMN_Start_IT
 .text.HAL_TIMEx_MasterConfigSynchronization
                0x0000000008006d0c       0xcc ./Drivers/STM32L4xx_HAL_Driver/Src/stm32l4xx_hal_tim_ex.o
                0x0000000008006d0c                HAL_TIMEx_MasterConfigSynchronization
 .text.HAL_TIMEx_ConfigBreakDeadTime
                0x0000000008006dd8       0xf0 ./Drivers/STM32L4xx_HAL_Driver/Src/stm32l4xx_hal_tim_ex.o
                0x0000000008006dd8                HAL_TIMEx_ConfigBreakDeadTime
 .text.HAL_TIMEx_CommutCallback
                0x0000000008006ec8       0x14 ./Drivers/STM32L4xx_HAL_Driver/Src/stm32l4xx_hal_tim_ex.o
                0x0000000008006ec8                HAL_TIMEx_CommutCallback
 .text.HAL_TIMEx_BreakCallback
                0x0000000008006edc       0x14 ./Drivers/STM32L4xx_HAL_Driver/Src/stm32l4xx_hal_tim_ex.o
                0x0000000008006edc                HAL_TIMEx_BreakCallback
 .text.HAL_TIMEx_Break2Callback
                0x0000000008006ef0       0x14 ./Drivers/STM32L4xx_HAL_Driver/Src/stm32l4xx_hal_tim_ex.o
                0x0000000008006ef0                HAL_TIMEx_Break2Callback
 .text.TIM_CCxNChannelCmd
                0x0000000008006f04       0x4a ./Drivers/STM32L4xx_HAL_Driver/Src/stm32l4xx_hal_tim_ex.o
 .text.HAL_UART_Init
                0x0000000008006f4e       0x9c ./Drivers/STM32L4xx_HAL_Driver/Src/stm32l4xx_hal_uart.o
                0x0000000008006f4e                HAL_UART_Init
 *fill*         0x0000000008006fea        0x2 
 .text.HAL_UART_Transmit_DMA
                0x0000000008006fec       0xfc ./Drivers/STM32L4xx_HAL_Driver/Src/stm32l4xx_hal_uart.o
                0x0000000008006fec                HAL_UART_Transmit_DMA
 .text.HAL_UART_Receive_DMA
                0x00000000080070e8       0x88 ./Drivers/STM32L4xx_HAL_Driver/Src/stm32l4xx_hal_uart.o
                0x00000000080070e8                HAL_UART_Receive_DMA
 .text.HAL_UART_IRQHandler
                0x0000000008007170      0x404 ./Drivers/STM32L4xx_HAL_Driver/Src/stm32l4xx_hal_uart.o
                0x0000000008007170                HAL_UART_IRQHandler
 .text.HAL_UART_TxHalfCpltCallback
                0x0000000008007574       0x14 ./Drivers/STM32L4xx_HAL_Driver/Src/stm32l4xx_hal_uart.o
                0x0000000008007574                HAL_UART_TxHalfCpltCallback
 .text.HAL_UART_RxCpltCallback
                0x0000000008007588       0x14 ./Drivers/STM32L4xx_HAL_Driver/Src/stm32l4xx_hal_uart.o
                0x0000000008007588                HAL_UART_RxCpltCallback
 .text.HAL_UART_RxHalfCpltCallback
                0x000000000800759c       0x14 ./Drivers/STM32L4xx_HAL_Driver/Src/stm32l4xx_hal_uart.o
                0x000000000800759c                HAL_UART_RxHalfCpltCallback
 .text.HAL_UARTEx_RxEventCallback
                0x00000000080075b0       0x18 ./Drivers/STM32L4xx_HAL_Driver/Src/stm32l4xx_hal_uart.o
                0x00000000080075b0                HAL_UARTEx_RxEventCallback
 .text.UART_SetConfig
                0x00000000080075c8      0x418 ./Drivers/STM32L4xx_HAL_Driver/Src/stm32l4xx_hal_uart.o
                0x00000000080075c8                UART_SetConfig
 .text.UART_AdvFeatureConfig
                0x00000000080079e0      0x144 ./Drivers/STM32L4xx_HAL_Driver/Src/stm32l4xx_hal_uart.o
                0x00000000080079e0                UART_AdvFeatureConfig
 .text.UART_CheckIdleState
                0x0000000008007b24       0x92 ./Drivers/STM32L4xx_HAL_Driver/Src/stm32l4xx_hal_uart.o
                0x0000000008007b24                UART_CheckIdleState
 .text.UART_WaitOnFlagUntilTimeout
                0x0000000008007bb6       0xf8 ./Drivers/STM32L4xx_HAL_Driver/Src/stm32l4xx_hal_uart.o
                0x0000000008007bb6                UART_WaitOnFlagUntilTimeout
 *fill*         0x0000000008007cae        0x2 
 .text.UART_Start_Receive_DMA
                0x0000000008007cb0       0xd8 ./Drivers/STM32L4xx_HAL_Driver/Src/stm32l4xx_hal_uart.o
                0x0000000008007cb0                UART_Start_Receive_DMA
 .text.UART_EndTxTransfer
                0x0000000008007d88       0x2a ./Drivers/STM32L4xx_HAL_Driver/Src/stm32l4xx_hal_uart.o
 .text.UART_EndRxTransfer
                0x0000000008007db2       0x5e ./Drivers/STM32L4xx_HAL_Driver/Src/stm32l4xx_hal_uart.o
 .text.UART_DMATransmitCplt
                0x0000000008007e10       0x54 ./Drivers/STM32L4xx_HAL_Driver/Src/stm32l4xx_hal_uart.o
 .text.UART_DMATxHalfCplt
                0x0000000008007e64       0x1c ./Drivers/STM32L4xx_HAL_Driver/Src/stm32l4xx_hal_uart.o
 .text.UART_DMAReceiveCplt
                0x0000000008007e80       0x98 ./Drivers/STM32L4xx_HAL_Driver/Src/stm32l4xx_hal_uart.o
 .text.UART_DMARxHalfCplt
                0x0000000008007f18       0x38 ./Drivers/STM32L4xx_HAL_Driver/Src/stm32l4xx_hal_uart.o
 .text.UART_DMAError
                0x0000000008007f50       0x7c ./Drivers/STM32L4xx_HAL_Driver/Src/stm32l4xx_hal_uart.o
 .text.UART_DMAAbortOnError
                0x0000000008007fcc       0x2c ./Drivers/STM32L4xx_HAL_Driver/Src/stm32l4xx_hal_uart.o
 .text.UART_EndTransmit_IT
                0x0000000008007ff8       0x32 ./Drivers/STM32L4xx_HAL_Driver/Src/stm32l4xx_hal_uart.o
 .text.HAL_UARTEx_WakeupCallback
                0x000000000800802a       0x14 ./Drivers/STM32L4xx_HAL_Driver/Src/stm32l4xx_hal_uart_ex.o
                0x000000000800802a                HAL_UARTEx_WakeupCallback
 *fill*         0x000000000800803e        0x2 
 .text.__libc_init_array
                0x0000000008008040       0x48 c:/st/stm32cubeide_1.3.0/stm32cubeide/plugins/com.st.stm32cube.ide.mcu.externaltools.gnu-tools-for-stm32.9-2020-q2-update.win32_2.0.0.202105311346/tools/bin/../lib/gcc/arm-none-eabi/9.3.1/../../../../arm-none-eabi/lib/thumb/v7e-m+fp/hard\libc_nano.a(lib_a-init.o)
                0x0000000008008040                __libc_init_array
 .text.memset   0x0000000008008088       0x10 c:/st/stm32cubeide_1.3.0/stm32cubeide/plugins/com.st.stm32cube.ide.mcu.externaltools.gnu-tools-for-stm32.9-2020-q2-update.win32_2.0.0.202105311346/tools/bin/../lib/gcc/arm-none-eabi/9.3.1/../../../../arm-none-eabi/lib/thumb/v7e-m+fp/hard\libc_nano.a(lib_a-memset.o)
                0x0000000008008088                memset
 *(.glue_7)
 .glue_7        0x0000000008008098        0x0 linker stubs
 *(.glue_7t)
 .glue_7t       0x0000000008008098        0x0 linker stubs
 *(.eh_frame)
 .eh_frame      0x0000000008008098        0x0 c:/st/stm32cubeide_1.3.0/stm32cubeide/plugins/com.st.stm32cube.ide.mcu.externaltools.gnu-tools-for-stm32.9-2020-q2-update.win32_2.0.0.202105311346/tools/bin/../lib/gcc/arm-none-eabi/9.3.1/thumb/v7e-m+fp/hard/crtbegin.o
 *(.init)
 .init          0x0000000008008098        0x4 c:/st/stm32cubeide_1.3.0/stm32cubeide/plugins/com.st.stm32cube.ide.mcu.externaltools.gnu-tools-for-stm32.9-2020-q2-update.win32_2.0.0.202105311346/tools/bin/../lib/gcc/arm-none-eabi/9.3.1/thumb/v7e-m+fp/hard/crti.o
                0x0000000008008098                _init
 .init          0x000000000800809c        0x8 c:/st/stm32cubeide_1.3.0/stm32cubeide/plugins/com.st.stm32cube.ide.mcu.externaltools.gnu-tools-for-stm32.9-2020-q2-update.win32_2.0.0.202105311346/tools/bin/../lib/gcc/arm-none-eabi/9.3.1/thumb/v7e-m+fp/hard/crtn.o
 *(.fini)
 .fini          0x00000000080080a4        0x4 c:/st/stm32cubeide_1.3.0/stm32cubeide/plugins/com.st.stm32cube.ide.mcu.externaltools.gnu-tools-for-stm32.9-2020-q2-update.win32_2.0.0.202105311346/tools/bin/../lib/gcc/arm-none-eabi/9.3.1/thumb/v7e-m+fp/hard/crti.o
                0x00000000080080a4                _fini
 .fini          0x00000000080080a8        0x8 c:/st/stm32cubeide_1.3.0/stm32cubeide/plugins/com.st.stm32cube.ide.mcu.externaltools.gnu-tools-for-stm32.9-2020-q2-update.win32_2.0.0.202105311346/tools/bin/../lib/gcc/arm-none-eabi/9.3.1/thumb/v7e-m+fp/hard/crtn.o
                0x00000000080080b0                . = ALIGN (0x4)
                0x00000000080080b0                _etext = .

.vfp11_veneer   0x00000000080080b0        0x0
 .vfp11_veneer  0x00000000080080b0        0x0 linker stubs

.v4_bx          0x00000000080080b0        0x0
 .v4_bx         0x00000000080080b0        0x0 linker stubs

.iplt           0x00000000080080b0        0x0
 .iplt          0x00000000080080b0        0x0 c:/st/stm32cubeide_1.3.0/stm32cubeide/plugins/com.st.stm32cube.ide.mcu.externaltools.gnu-tools-for-stm32.9-2020-q2-update.win32_2.0.0.202105311346/tools/bin/../lib/gcc/arm-none-eabi/9.3.1/thumb/v7e-m+fp/hard/crtbegin.o

.rodata         0x00000000080080b0       0x48
                0x00000000080080b0                . = ALIGN (0x4)
 *(.rodata)
 *(.rodata*)
 .rodata.AHBPrescTable
                0x00000000080080b0       0x10 ./Core/Src/system_stm32l4xx.o
                0x00000000080080b0                AHBPrescTable
 .rodata.APBPrescTable
                0x00000000080080c0        0x8 ./Core/Src/system_stm32l4xx.o
                0x00000000080080c0                APBPrescTable
 .rodata.MSIRangeTable
                0x00000000080080c8       0x30 ./Core/Src/system_stm32l4xx.o
                0x00000000080080c8                MSIRangeTable
                0x00000000080080f8                . = ALIGN (0x4)

.ARM.extab      0x00000000080080f8        0x0
                0x00000000080080f8                . = ALIGN (0x4)
 *(.ARM.extab* .gnu.linkonce.armextab.*)
                0x00000000080080f8                . = ALIGN (0x4)

.ARM            0x00000000080080f8        0x8
                0x00000000080080f8                . = ALIGN (0x4)
                0x00000000080080f8                __exidx_start = .
 *(.ARM.exidx*)
 .ARM.exidx     0x00000000080080f8        0x8 c:/st/stm32cubeide_1.3.0/stm32cubeide/plugins/com.st.stm32cube.ide.mcu.externaltools.gnu-tools-for-stm32.9-2020-q2-update.win32_2.0.0.202105311346/tools/bin/../lib/gcc/arm-none-eabi/9.3.1/thumb/v7e-m+fp/hard\libgcc.a(_udivmoddi4.o)
                0x0000000008008100                __exidx_end = .
                0x0000000008008100                . = ALIGN (0x4)

.rel.dyn        0x0000000008008100        0x0
 .rel.iplt      0x0000000008008100        0x0 c:/st/stm32cubeide_1.3.0/stm32cubeide/plugins/com.st.stm32cube.ide.mcu.externaltools.gnu-tools-for-stm32.9-2020-q2-update.win32_2.0.0.202105311346/tools/bin/../lib/gcc/arm-none-eabi/9.3.1/thumb/v7e-m+fp/hard/crtbegin.o

.preinit_array  0x0000000008008100        0x0
                0x0000000008008100                . = ALIGN (0x4)
                0x0000000008008100                PROVIDE (__preinit_array_start = .)
 *(.preinit_array*)
                0x0000000008008100                PROVIDE (__preinit_array_end = .)
                0x0000000008008100                . = ALIGN (0x4)

.init_array     0x0000000008008100        0x4
                0x0000000008008100                . = ALIGN (0x4)
                0x0000000008008100                PROVIDE (__init_array_start = .)
 *(SORT_BY_NAME(.init_array.*))
 *(.init_array*)
 .init_array    0x0000000008008100        0x4 c:/st/stm32cubeide_1.3.0/stm32cubeide/plugins/com.st.stm32cube.ide.mcu.externaltools.gnu-tools-for-stm32.9-2020-q2-update.win32_2.0.0.202105311346/tools/bin/../lib/gcc/arm-none-eabi/9.3.1/thumb/v7e-m+fp/hard/crtbegin.o
                0x0000000008008104                PROVIDE (__init_array_end = .)
                0x0000000008008104                . = ALIGN (0x4)

.fini_array     0x0000000008008104        0x4
                0x0000000008008104                . = ALIGN (0x4)
                [!provide]                        PROVIDE (__fini_array_start = .)
 *(SORT_BY_NAME(.fini_array.*))
 *(.fini_array*)
 .fini_array    0x0000000008008104        0x4 c:/st/stm32cubeide_1.3.0/stm32cubeide/plugins/com.st.stm32cube.ide.mcu.externaltools.gnu-tools-for-stm32.9-2020-q2-update.win32_2.0.0.202105311346/tools/bin/../lib/gcc/arm-none-eabi/9.3.1/thumb/v7e-m+fp/hard/crtbegin.o
                [!provide]                        PROVIDE (__fini_array_end = .)
                0x0000000008008108                . = ALIGN (0x4)
                0x0000000008008108                _sidata = LOADADDR (.data)

.data           0x0000000020000000       0x20 load address 0x0000000008008108
                0x0000000020000000                . = ALIGN (0x4)
                0x0000000020000000                _sdata = .
 *(.data)
 *(.data*)
 .data.ReadAngle
                0x0000000020000000        0x2 ./Core/Src/AS5048A.o
                0x0000000020000000                ReadAngle
 *fill*         0x0000000020000002        0x2 
 .data.AGCDiagnosticAddress
                0x0000000020000004        0x2 ./Core/Src/AS5048A.o
                0x0000000020000004                AGCDiagnosticAddress
 .data.OCF      0x0000000020000006        0x1 ./Core/Src/AS5048A.o
                0x0000000020000006                OCF
 *fill*         0x0000000020000007        0x1 
 .data.pJCUConfig
                0x0000000020000008        0x4 ./Core/Src/Motor_Driver.o
                0x0000000020000008                pJCUConfig
 .data.pJCUState
                0x000000002000000c        0x4 ./Core/Src/Motor_Driver.o
                0x000000002000000c                pJCUState
 .data.ModbusTimeout
                0x0000000020000010        0x4 ./Core/Src/main.o
                0x0000000020000010                ModbusTimeout
 .data.SystemCoreClock
                0x0000000020000014        0x4 ./Core/Src/system_stm32l4xx.o
                0x0000000020000014                SystemCoreClock
 .data.uwTickPrio
                0x0000000020000018        0x4 ./Drivers/STM32L4xx_HAL_Driver/Src/stm32l4xx_hal.o
                0x0000000020000018                uwTickPrio
 .data.uwTickFreq
                0x000000002000001c        0x1 ./Drivers/STM32L4xx_HAL_Driver/Src/stm32l4xx_hal.o
                0x000000002000001c                uwTickFreq
 *(.RamFunc)
 *(.RamFunc*)
                0x0000000020000020                . = ALIGN (0x4)
 *fill*         0x000000002000001d        0x3 
                0x0000000020000020                _edata = .

.igot.plt       0x0000000020000020        0x0 load address 0x0000000008008128
 .igot.plt      0x0000000020000020        0x0 c:/st/stm32cubeide_1.3.0/stm32cubeide/plugins/com.st.stm32cube.ide.mcu.externaltools.gnu-tools-for-stm32.9-2020-q2-update.win32_2.0.0.202105311346/tools/bin/../lib/gcc/arm-none-eabi/9.3.1/thumb/v7e-m+fp/hard/crtbegin.o
                0x0000000020000020                . = ALIGN (0x4)

.bss            0x0000000020000020      0x48c load address 0x0000000008008128
                0x0000000020000020                _sbss = .
                0x0000000020000020                __bss_start__ = _sbss
 *(.bss)
 .bss           0x0000000020000020       0x1c c:/st/stm32cubeide_1.3.0/stm32cubeide/plugins/com.st.stm32cube.ide.mcu.externaltools.gnu-tools-for-stm32.9-2020-q2-update.win32_2.0.0.202105311346/tools/bin/../lib/gcc/arm-none-eabi/9.3.1/thumb/v7e-m+fp/hard/crtbegin.o
 *(.bss*)
 .bss.Angle     0x000000002000003c        0x2 ./Core/Src/AS5048A.o
                0x000000002000003c                Angle
 *fill*         0x000000002000003e        0x2 
 .bss.AGCDiagnosticValue
                0x0000000020000040        0x2 ./Core/Src/AS5048A.o
                0x0000000020000040                AGCDiagnosticValue
 .bss.EncoderState
                0x0000000020000042        0x1 ./Core/Src/AS5048A.o
                0x0000000020000042                EncoderState
 .bss.comp_high
                0x0000000020000043        0x1 ./Core/Src/AS5048A.o
                0x0000000020000043                comp_high
 .bss.comp_low  0x0000000020000044        0x1 ./Core/Src/AS5048A.o
                0x0000000020000044                comp_low
 .bss.COF       0x0000000020000045        0x1 ./Core/Src/AS5048A.o
                0x0000000020000045                COF
 .bss.PeriodCounter
                0x0000000020000046        0x1 ./Core/Src/Motor_Driver.o
                0x0000000020000046                PeriodCounter
 *fill*         0x0000000020000047        0x1 
 .bss.RxData    0x0000000020000048       0x64 ./Core/Src/main.o
                0x0000000020000048                RxData
 .bss.TxData    0x00000000200000ac       0x64 ./Core/Src/main.o
                0x00000000200000ac                TxData
 *(COMMON)
 COMMON         0x0000000020000110       0x38 ./Core/Src/AS5048A.o
                0x0000000020000110                JCUState
                0x000000002000011c                JCUConfig
 COMMON         0x0000000020000148      0x360 ./Core/Src/main.o
                0x0000000020000148                hdma_usart2_rx
                0x0000000020000190                hcrc
                0x00000000200001b4                hdma_usart1_tx
                0x00000000200001fc                hadc1
                0x0000000020000260                hdma_usart1_rx
                0x00000000200002a8                hdma_usart2_tx
                0x00000000200002f0                huart1
                0x0000000020000374                htim1
                0x00000000200003c0                hspi1
                0x0000000020000424                huart2
 COMMON         0x00000000200004a8        0x4 ./Drivers/STM32L4xx_HAL_Driver/Src/stm32l4xx_hal.o
                0x00000000200004a8                uwTick
                0x00000000200004ac                . = ALIGN (0x4)
                0x00000000200004ac                _ebss = .
                0x00000000200004ac                __bss_end__ = _ebss

._user_heap_stack
                0x00000000200004ac      0x604 load address 0x0000000008008128
                0x00000000200004b0                . = ALIGN (0x8)
 *fill*         0x00000000200004ac        0x4 
                [!provide]                        PROVIDE (end = .)
                0x00000000200004b0                PROVIDE (_end = .)
                0x00000000200006b0                . = (. + _Min_Heap_Size)
 *fill*         0x00000000200004b0      0x200 
                0x0000000020000ab0                . = (. + _Min_Stack_Size)
 *fill*         0x00000000200006b0      0x400 
                0x0000000020000ab0                . = ALIGN (0x8)

/DISCARD/
 libc.a(*)
 libm.a(*)
 libgcc.a(*)

.ARM.attributes
                0x0000000000000000       0x30
 *(.ARM.attributes)
 .ARM.attributes
                0x0000000000000000       0x1e c:/st/stm32cubeide_1.3.0/stm32cubeide/plugins/com.st.stm32cube.ide.mcu.externaltools.gnu-tools-for-stm32.9-2020-q2-update.win32_2.0.0.202105311346/tools/bin/../lib/gcc/arm-none-eabi/9.3.1/thumb/v7e-m+fp/hard/crti.o
 .ARM.attributes
                0x000000000000001e       0x34 c:/st/stm32cubeide_1.3.0/stm32cubeide/plugins/com.st.stm32cube.ide.mcu.externaltools.gnu-tools-for-stm32.9-2020-q2-update.win32_2.0.0.202105311346/tools/bin/../lib/gcc/arm-none-eabi/9.3.1/thumb/v7e-m+fp/hard/crtbegin.o
 .ARM.attributes
                0x0000000000000052       0x34 ./Core/Src/AS5048A.o
 .ARM.attributes
                0x0000000000000086       0x34 ./Core/Src/MODBUS_RTU_Slave.o
 .ARM.attributes
                0x00000000000000ba       0x34 ./Core/Src/Motor_Driver.o
 .ARM.attributes
                0x00000000000000ee       0x34 ./Core/Src/main.o
 .ARM.attributes
                0x0000000000000122       0x34 ./Core/Src/stm32l4xx_hal_msp.o
 .ARM.attributes
                0x0000000000000156       0x34 ./Core/Src/stm32l4xx_it.o
 .ARM.attributes
                0x000000000000018a       0x34 ./Core/Src/system_stm32l4xx.o
 .ARM.attributes
                0x00000000000001be       0x21 ./Core/Startup/startup_stm32l432kcux.o
 .ARM.attributes
                0x00000000000001df       0x34 ./Drivers/STM32L4xx_HAL_Driver/Src/stm32l4xx_hal.o
 .ARM.attributes
                0x0000000000000213       0x34 ./Drivers/STM32L4xx_HAL_Driver/Src/stm32l4xx_hal_adc.o
 .ARM.attributes
                0x0000000000000247       0x34 ./Drivers/STM32L4xx_HAL_Driver/Src/stm32l4xx_hal_adc_ex.o
 .ARM.attributes
                0x000000000000027b       0x34 ./Drivers/STM32L4xx_HAL_Driver/Src/stm32l4xx_hal_cortex.o
 .ARM.attributes
                0x00000000000002af       0x34 ./Drivers/STM32L4xx_HAL_Driver/Src/stm32l4xx_hal_crc.o
 .ARM.attributes
                0x00000000000002e3       0x34 ./Drivers/STM32L4xx_HAL_Driver/Src/stm32l4xx_hal_crc_ex.o
 .ARM.attributes
                0x0000000000000317       0x34 ./Drivers/STM32L4xx_HAL_Driver/Src/stm32l4xx_hal_dma.o
 .ARM.attributes
                0x000000000000034b       0x34 ./Drivers/STM32L4xx_HAL_Driver/Src/stm32l4xx_hal_gpio.o
 .ARM.attributes
                0x000000000000037f       0x34 ./Drivers/STM32L4xx_HAL_Driver/Src/stm32l4xx_hal_pwr_ex.o
 .ARM.attributes
                0x00000000000003b3       0x34 ./Drivers/STM32L4xx_HAL_Driver/Src/stm32l4xx_hal_rcc.o
 .ARM.attributes
                0x00000000000003e7       0x34 ./Drivers/STM32L4xx_HAL_Driver/Src/stm32l4xx_hal_rcc_ex.o
 .ARM.attributes
                0x000000000000041b       0x34 ./Drivers/STM32L4xx_HAL_Driver/Src/stm32l4xx_hal_spi.o
 .ARM.attributes
                0x000000000000044f       0x34 ./Drivers/STM32L4xx_HAL_Driver/Src/stm32l4xx_hal_tim.o
 .ARM.attributes
                0x0000000000000483       0x34 ./Drivers/STM32L4xx_HAL_Driver/Src/stm32l4xx_hal_tim_ex.o
 .ARM.attributes
                0x00000000000004b7       0x34 ./Drivers/STM32L4xx_HAL_Driver/Src/stm32l4xx_hal_uart.o
 .ARM.attributes
                0x00000000000004eb       0x34 ./Drivers/STM32L4xx_HAL_Driver/Src/stm32l4xx_hal_uart_ex.o
 .ARM.attributes
                0x000000000000051f       0x34 c:/st/stm32cubeide_1.3.0/stm32cubeide/plugins/com.st.stm32cube.ide.mcu.externaltools.gnu-tools-for-stm32.9-2020-q2-update.win32_2.0.0.202105311346/tools/bin/../lib/gcc/arm-none-eabi/9.3.1/../../../../arm-none-eabi/lib/thumb/v7e-m+fp/hard\libc_nano.a(lib_a-init.o)
 .ARM.attributes
                0x0000000000000553       0x34 c:/st/stm32cubeide_1.3.0/stm32cubeide/plugins/com.st.stm32cube.ide.mcu.externaltools.gnu-tools-for-stm32.9-2020-q2-update.win32_2.0.0.202105311346/tools/bin/../lib/gcc/arm-none-eabi/9.3.1/../../../../arm-none-eabi/lib/thumb/v7e-m+fp/hard\libc_nano.a(lib_a-memset.o)
 .ARM.attributes
                0x0000000000000587       0x1e c:/st/stm32cubeide_1.3.0/stm32cubeide/plugins/com.st.stm32cube.ide.mcu.externaltools.gnu-tools-for-stm32.9-2020-q2-update.win32_2.0.0.202105311346/tools/bin/../lib/gcc/arm-none-eabi/9.3.1/thumb/v7e-m+fp/hard\libgcc.a(_aeabi_uldivmod.o)
 .ARM.attributes
                0x00000000000005a5       0x34 c:/st/stm32cubeide_1.3.0/stm32cubeide/plugins/com.st.stm32cube.ide.mcu.externaltools.gnu-tools-for-stm32.9-2020-q2-update.win32_2.0.0.202105311346/tools/bin/../lib/gcc/arm-none-eabi/9.3.1/thumb/v7e-m+fp/hard\libgcc.a(_udivmoddi4.o)
 .ARM.attributes
                0x00000000000005d9       0x1e c:/st/stm32cubeide_1.3.0/stm32cubeide/plugins/com.st.stm32cube.ide.mcu.externaltools.gnu-tools-for-stm32.9-2020-q2-update.win32_2.0.0.202105311346/tools/bin/../lib/gcc/arm-none-eabi/9.3.1/thumb/v7e-m+fp/hard\libgcc.a(_dvmd_tls.o)
 .ARM.attributes
                0x00000000000005f7       0x1e c:/st/stm32cubeide_1.3.0/stm32cubeide/plugins/com.st.stm32cube.ide.mcu.externaltools.gnu-tools-for-stm32.9-2020-q2-update.win32_2.0.0.202105311346/tools/bin/../lib/gcc/arm-none-eabi/9.3.1/thumb/v7e-m+fp/hard/crtn.o
OUTPUT(JCU-RCU.elf elf32-littlearm)
LOAD linker stubs
LOAD c:/st/stm32cubeide_1.3.0/stm32cubeide/plugins/com.st.stm32cube.ide.mcu.externaltools.gnu-tools-for-stm32.9-2020-q2-update.win32_2.0.0.202105311346/tools/bin/../lib/gcc/arm-none-eabi/9.3.1/../../../../arm-none-eabi/lib/thumb/v7e-m+fp/hard\libc.a
LOAD c:/st/stm32cubeide_1.3.0/stm32cubeide/plugins/com.st.stm32cube.ide.mcu.externaltools.gnu-tools-for-stm32.9-2020-q2-update.win32_2.0.0.202105311346/tools/bin/../lib/gcc/arm-none-eabi/9.3.1/../../../../arm-none-eabi/lib/thumb/v7e-m+fp/hard\libm.a
LOAD c:/st/stm32cubeide_1.3.0/stm32cubeide/plugins/com.st.stm32cube.ide.mcu.externaltools.gnu-tools-for-stm32.9-2020-q2-update.win32_2.0.0.202105311346/tools/bin/../lib/gcc/arm-none-eabi/9.3.1/thumb/v7e-m+fp/hard\libgcc.a

.debug_info     0x0000000000000000    0x1bf6a
 .debug_info    0x0000000000000000     0x13ed ./Core/Src/AS5048A.o
 .debug_info    0x00000000000013ed     0x1954 ./Core/Src/MODBUS_RTU_Slave.o
 .debug_info    0x0000000000002d41     0x116f ./Core/Src/Motor_Driver.o
 .debug_info    0x0000000000003eb0     0x2271 ./Core/Src/main.o
 .debug_info    0x0000000000006121     0x1ea3 ./Core/Src/stm32l4xx_hal_msp.o
 .debug_info    0x0000000000007fc4     0x1461 ./Core/Src/stm32l4xx_it.o
 .debug_info    0x0000000000009425      0x787 ./Core/Src/system_stm32l4xx.o
 .debug_info    0x0000000000009bac       0x22 ./Core/Startup/startup_stm32l432kcux.o
 .debug_info    0x0000000000009bce      0xb5e ./Drivers/STM32L4xx_HAL_Driver/Src/stm32l4xx_hal.o
 .debug_info    0x000000000000a72c     0x1eab ./Drivers/STM32L4xx_HAL_Driver/Src/stm32l4xx_hal_adc.o
 .debug_info    0x000000000000c5d7     0x19f6 ./Drivers/STM32L4xx_HAL_Driver/Src/stm32l4xx_hal_adc_ex.o
 .debug_info    0x000000000000dfcd      0xfb0 ./Drivers/STM32L4xx_HAL_Driver/Src/stm32l4xx_hal_cortex.o
 .debug_info    0x000000000000ef7d      0x75a ./Drivers/STM32L4xx_HAL_Driver/Src/stm32l4xx_hal_crc.o
 .debug_info    0x000000000000f6d7      0x58d ./Drivers/STM32L4xx_HAL_Driver/Src/stm32l4xx_hal_crc_ex.o
 .debug_info    0x000000000000fc64      0x973 ./Drivers/STM32L4xx_HAL_Driver/Src/stm32l4xx_hal_dma.o
 .debug_info    0x00000000000105d7      0xa5f ./Drivers/STM32L4xx_HAL_Driver/Src/stm32l4xx_hal_gpio.o
 .debug_info    0x0000000000011036      0xb7b ./Drivers/STM32L4xx_HAL_Driver/Src/stm32l4xx_hal_pwr_ex.o
 .debug_info    0x0000000000011bb1      0xdb5 ./Drivers/STM32L4xx_HAL_Driver/Src/stm32l4xx_hal_rcc.o
 .debug_info    0x0000000000012966     0x1108 ./Drivers/STM32L4xx_HAL_Driver/Src/stm32l4xx_hal_rcc_ex.o
 .debug_info    0x0000000000013a6e     0x18f8 ./Drivers/STM32L4xx_HAL_Driver/Src/stm32l4xx_hal_spi.o
 .debug_info    0x0000000000015366     0x2cb9 ./Drivers/STM32L4xx_HAL_Driver/Src/stm32l4xx_hal_tim.o
 .debug_info    0x000000000001801f     0x1813 ./Drivers/STM32L4xx_HAL_Driver/Src/stm32l4xx_hal_tim_ex.o
 .debug_info    0x0000000000019832     0x1ad1 ./Drivers/STM32L4xx_HAL_Driver/Src/stm32l4xx_hal_uart.o
 .debug_info    0x000000000001b303      0xc67 ./Drivers/STM32L4xx_HAL_Driver/Src/stm32l4xx_hal_uart_ex.o

.debug_abbrev   0x0000000000000000     0x316f
 .debug_abbrev  0x0000000000000000      0x1ed ./Core/Src/AS5048A.o
 .debug_abbrev  0x00000000000001ed      0x20b ./Core/Src/MODBUS_RTU_Slave.o
 .debug_abbrev  0x00000000000003f8      0x180 ./Core/Src/Motor_Driver.o
 .debug_abbrev  0x0000000000000578      0x2aa ./Core/Src/main.o
 .debug_abbrev  0x0000000000000822      0x222 ./Core/Src/stm32l4xx_hal_msp.o
 .debug_abbrev  0x0000000000000a44      0x1a1 ./Core/Src/stm32l4xx_it.o
 .debug_abbrev  0x0000000000000be5      0x165 ./Core/Src/system_stm32l4xx.o
 .debug_abbrev  0x0000000000000d4a       0x12 ./Core/Startup/startup_stm32l432kcux.o
 .debug_abbrev  0x0000000000000d5c      0x20b ./Drivers/STM32L4xx_HAL_Driver/Src/stm32l4xx_hal.o
 .debug_abbrev  0x0000000000000f67      0x288 ./Drivers/STM32L4xx_HAL_Driver/Src/stm32l4xx_hal_adc.o
 .debug_abbrev  0x00000000000011ef      0x2ac ./Drivers/STM32L4xx_HAL_Driver/Src/stm32l4xx_hal_adc_ex.o
 .debug_abbrev  0x000000000000149b      0x33c ./Drivers/STM32L4xx_HAL_Driver/Src/stm32l4xx_hal_cortex.o
 .debug_abbrev  0x00000000000017d7      0x1f9 ./Drivers/STM32L4xx_HAL_Driver/Src/stm32l4xx_hal_crc.o
 .debug_abbrev  0x00000000000019d0      0x185 ./Drivers/STM32L4xx_HAL_Driver/Src/stm32l4xx_hal_crc_ex.o
 .debug_abbrev  0x0000000000001b55      0x201 ./Drivers/STM32L4xx_HAL_Driver/Src/stm32l4xx_hal_dma.o
 .debug_abbrev  0x0000000000001d56      0x1e8 ./Drivers/STM32L4xx_HAL_Driver/Src/stm32l4xx_hal_gpio.o
 .debug_abbrev  0x0000000000001f3e      0x1f3 ./Drivers/STM32L4xx_HAL_Driver/Src/stm32l4xx_hal_pwr_ex.o
 .debug_abbrev  0x0000000000002131      0x275 ./Drivers/STM32L4xx_HAL_Driver/Src/stm32l4xx_hal_rcc.o
 .debug_abbrev  0x00000000000023a6      0x268 ./Drivers/STM32L4xx_HAL_Driver/Src/stm32l4xx_hal_rcc_ex.o
 .debug_abbrev  0x000000000000260e      0x254 ./Drivers/STM32L4xx_HAL_Driver/Src/stm32l4xx_hal_spi.o
 .debug_abbrev  0x0000000000002862      0x25e ./Drivers/STM32L4xx_HAL_Driver/Src/stm32l4xx_hal_tim.o
 .debug_abbrev  0x0000000000002ac0      0x266 ./Drivers/STM32L4xx_HAL_Driver/Src/stm32l4xx_hal_tim_ex.o
 .debug_abbrev  0x0000000000002d26      0x23f ./Drivers/STM32L4xx_HAL_Driver/Src/stm32l4xx_hal_uart.o
 .debug_abbrev  0x0000000000002f65      0x20a ./Drivers/STM32L4xx_HAL_Driver/Src/stm32l4xx_hal_uart_ex.o

.debug_aranges  0x0000000000000000     0x1640
 .debug_aranges
                0x0000000000000000       0x58 ./Core/Src/AS5048A.o
 .debug_aranges
                0x0000000000000058       0x28 ./Core/Src/MODBUS_RTU_Slave.o
 .debug_aranges
                0x0000000000000080       0x30 ./Core/Src/Motor_Driver.o
 .debug_aranges
                0x00000000000000b0       0xa0 ./Core/Src/main.o
 .debug_aranges
                0x0000000000000150       0x78 ./Core/Src/stm32l4xx_hal_msp.o
 .debug_aranges
                0x00000000000001c8       0xa8 ./Core/Src/stm32l4xx_it.o
 .debug_aranges
                0x0000000000000270       0x28 ./Core/Src/system_stm32l4xx.o
 .debug_aranges
                0x0000000000000298       0x28 ./Core/Startup/startup_stm32l432kcux.o
 .debug_aranges
                0x00000000000002c0      0x108 ./Drivers/STM32L4xx_HAL_Driver/Src/stm32l4xx_hal.o
 .debug_aranges
                0x00000000000003c8      0x210 ./Drivers/STM32L4xx_HAL_Driver/Src/stm32l4xx_hal_adc.o
 .debug_aranges
                0x00000000000005d8      0x170 ./Drivers/STM32L4xx_HAL_Driver/Src/stm32l4xx_hal_adc_ex.o
 .debug_aranges
                0x0000000000000748      0x118 ./Drivers/STM32L4xx_HAL_Driver/Src/stm32l4xx_hal_cortex.o
 .debug_aranges
                0x0000000000000860       0x60 ./Drivers/STM32L4xx_HAL_Driver/Src/stm32l4xx_hal_crc.o
 .debug_aranges
                0x00000000000008c0       0x30 ./Drivers/STM32L4xx_HAL_Driver/Src/stm32l4xx_hal_crc_ex.o
 .debug_aranges
                0x00000000000008f0       0x80 ./Drivers/STM32L4xx_HAL_Driver/Src/stm32l4xx_hal_dma.o
 .debug_aranges
                0x0000000000000970       0x58 ./Drivers/STM32L4xx_HAL_Driver/Src/stm32l4xx_hal_gpio.o
 .debug_aranges
                0x00000000000009c8      0x128 ./Drivers/STM32L4xx_HAL_Driver/Src/stm32l4xx_hal_pwr_ex.o
 .debug_aranges
                0x0000000000000af0       0x88 ./Drivers/STM32L4xx_HAL_Driver/Src/stm32l4xx_hal_rcc.o
 .debug_aranges
                0x0000000000000b78       0xf0 ./Drivers/STM32L4xx_HAL_Driver/Src/stm32l4xx_hal_rcc_ex.o
 .debug_aranges
                0x0000000000000c68      0x1d8 ./Drivers/STM32L4xx_HAL_Driver/Src/stm32l4xx_hal_spi.o
 .debug_aranges
                0x0000000000000e40      0x3e0 ./Drivers/STM32L4xx_HAL_Driver/Src/stm32l4xx_hal_tim.o
 .debug_aranges
                0x0000000000001220      0x180 ./Drivers/STM32L4xx_HAL_Driver/Src/stm32l4xx_hal_tim_ex.o
 .debug_aranges
                0x00000000000013a0      0x228 ./Drivers/STM32L4xx_HAL_Driver/Src/stm32l4xx_hal_uart.o
 .debug_aranges
                0x00000000000015c8       0x78 ./Drivers/STM32L4xx_HAL_Driver/Src/stm32l4xx_hal_uart_ex.o

.debug_ranges   0x0000000000000000     0x1510
 .debug_ranges  0x0000000000000000       0x48 ./Core/Src/AS5048A.o
 .debug_ranges  0x0000000000000048       0x18 ./Core/Src/MODBUS_RTU_Slave.o
 .debug_ranges  0x0000000000000060       0x20 ./Core/Src/Motor_Driver.o
 .debug_ranges  0x0000000000000080       0xa8 ./Core/Src/main.o
 .debug_ranges  0x0000000000000128       0x68 ./Core/Src/stm32l4xx_hal_msp.o
 .debug_ranges  0x0000000000000190       0x98 ./Core/Src/stm32l4xx_it.o
 .debug_ranges  0x0000000000000228       0x18 ./Core/Src/system_stm32l4xx.o
 .debug_ranges  0x0000000000000240       0x20 ./Core/Startup/startup_stm32l432kcux.o
 .debug_ranges  0x0000000000000260       0xf8 ./Drivers/STM32L4xx_HAL_Driver/Src/stm32l4xx_hal.o
 .debug_ranges  0x0000000000000358      0x200 ./Drivers/STM32L4xx_HAL_Driver/Src/stm32l4xx_hal_adc.o
 .debug_ranges  0x0000000000000558      0x160 ./Drivers/STM32L4xx_HAL_Driver/Src/stm32l4xx_hal_adc_ex.o
 .debug_ranges  0x00000000000006b8      0x108 ./Drivers/STM32L4xx_HAL_Driver/Src/stm32l4xx_hal_cortex.o
 .debug_ranges  0x00000000000007c0       0x50 ./Drivers/STM32L4xx_HAL_Driver/Src/stm32l4xx_hal_crc.o
 .debug_ranges  0x0000000000000810       0x20 ./Drivers/STM32L4xx_HAL_Driver/Src/stm32l4xx_hal_crc_ex.o
 .debug_ranges  0x0000000000000830       0x70 ./Drivers/STM32L4xx_HAL_Driver/Src/stm32l4xx_hal_dma.o
 .debug_ranges  0x00000000000008a0       0x48 ./Drivers/STM32L4xx_HAL_Driver/Src/stm32l4xx_hal_gpio.o
 .debug_ranges  0x00000000000008e8      0x118 ./Drivers/STM32L4xx_HAL_Driver/Src/stm32l4xx_hal_pwr_ex.o
 .debug_ranges  0x0000000000000a00       0x78 ./Drivers/STM32L4xx_HAL_Driver/Src/stm32l4xx_hal_rcc.o
 .debug_ranges  0x0000000000000a78       0xe0 ./Drivers/STM32L4xx_HAL_Driver/Src/stm32l4xx_hal_rcc_ex.o
 .debug_ranges  0x0000000000000b58      0x1c8 ./Drivers/STM32L4xx_HAL_Driver/Src/stm32l4xx_hal_spi.o
 .debug_ranges  0x0000000000000d20      0x3d0 ./Drivers/STM32L4xx_HAL_Driver/Src/stm32l4xx_hal_tim.o
 .debug_ranges  0x00000000000010f0      0x170 ./Drivers/STM32L4xx_HAL_Driver/Src/stm32l4xx_hal_tim_ex.o
 .debug_ranges  0x0000000000001260      0x248 ./Drivers/STM32L4xx_HAL_Driver/Src/stm32l4xx_hal_uart.o
 .debug_ranges  0x00000000000014a8       0x68 ./Drivers/STM32L4xx_HAL_Driver/Src/stm32l4xx_hal_uart_ex.o

.debug_macro    0x0000000000000000    0x23595
 .debug_macro   0x0000000000000000      0x260 ./Core/Src/AS5048A.o
 .debug_macro   0x0000000000000260      0xaa8 ./Core/Src/AS5048A.o
 .debug_macro   0x0000000000000d08      0x1bf ./Core/Src/AS5048A.o
 .debug_macro   0x0000000000000ec7       0x2e ./Core/Src/AS5048A.o
 .debug_macro   0x0000000000000ef5       0x28 ./Core/Src/AS5048A.o
 .debug_macro   0x0000000000000f1d       0x22 ./Core/Src/AS5048A.o
 .debug_macro   0x0000000000000f3f       0x8e ./Core/Src/AS5048A.o
 .debug_macro   0x0000000000000fcd       0x51 ./Core/Src/AS5048A.o
 .debug_macro   0x000000000000101e      0x103 ./Core/Src/AS5048A.o
 .debug_macro   0x0000000000001121       0x6a ./Core/Src/AS5048A.o
 .debug_macro   0x000000000000118b      0x1df ./Core/Src/AS5048A.o
 .debug_macro   0x000000000000136a       0x1c ./Core/Src/AS5048A.o
 .debug_macro   0x0000000000001386       0x22 ./Core/Src/AS5048A.o
 .debug_macro   0x00000000000013a8      0x101 ./Core/Src/AS5048A.o
 .debug_macro   0x00000000000014a9     0x1011 ./Core/Src/AS5048A.o
 .debug_macro   0x00000000000024ba      0x11f ./Core/Src/AS5048A.o
 .debug_macro   0x00000000000025d9    0x1479f ./Core/Src/AS5048A.o
 .debug_macro   0x0000000000016d78       0x43 ./Core/Src/AS5048A.o
 .debug_macro   0x0000000000016dbb     0x3897 ./Core/Src/AS5048A.o
 .debug_macro   0x000000000001a652      0x174 ./Core/Src/AS5048A.o
 .debug_macro   0x000000000001a7c6       0x5c ./Core/Src/AS5048A.o
 .debug_macro   0x000000000001a822     0x118b ./Core/Src/AS5048A.o
 .debug_macro   0x000000000001b9ad      0x535 ./Core/Src/AS5048A.o
 .debug_macro   0x000000000001bee2      0x13d ./Core/Src/AS5048A.o
 .debug_macro   0x000000000001c01f      0x122 ./Core/Src/AS5048A.o
 .debug_macro   0x000000000001c141      0x26b ./Core/Src/AS5048A.o
 .debug_macro   0x000000000001c3ac      0x23d ./Core/Src/AS5048A.o
 .debug_macro   0x000000000001c5e9      0xdd8 ./Core/Src/AS5048A.o
 .debug_macro   0x000000000001d3c1      0x61d ./Core/Src/AS5048A.o
 .debug_macro   0x000000000001d9de      0x241 ./Core/Src/AS5048A.o
 .debug_macro   0x000000000001dc1f       0xd5 ./Core/Src/AS5048A.o
 .debug_macro   0x000000000001dcf4       0x4c ./Core/Src/AS5048A.o
 .debug_macro   0x000000000001dd40      0x241 ./Core/Src/AS5048A.o
 .debug_macro   0x000000000001df81      0x375 ./Core/Src/AS5048A.o
 .debug_macro   0x000000000001e2f6       0xd6 ./Core/Src/AS5048A.o
 .debug_macro   0x000000000001e3cc      0x22c ./Core/Src/AS5048A.o
 .debug_macro   0x000000000001e5f8       0x61 ./Core/Src/AS5048A.o
 .debug_macro   0x000000000001e659       0xa5 ./Core/Src/AS5048A.o
 .debug_macro   0x000000000001e6fe      0x122 ./Core/Src/AS5048A.o
 .debug_macro   0x000000000001e820      0x357 ./Core/Src/AS5048A.o
 .debug_macro   0x000000000001eb77      0x2fe ./Core/Src/AS5048A.o
 .debug_macro   0x000000000001ee75      0xa75 ./Core/Src/AS5048A.o
 .debug_macro   0x000000000001f8ea      0x12e ./Core/Src/AS5048A.o
 .debug_macro   0x000000000001fa18      0x5ba ./Core/Src/AS5048A.o
 .debug_macro   0x000000000001ffd2       0x44 ./Core/Src/AS5048A.o
 .debug_macro   0x0000000000020016      0x221 ./Core/Src/AS5048A.o
 .debug_macro   0x0000000000020237       0x7c ./Core/Src/AS5048A.o
 .debug_macro   0x00000000000202b3       0x22 ./Core/Src/AS5048A.o
 .debug_macro   0x00000000000202d5       0x52 ./Core/Src/AS5048A.o
 .debug_macro   0x0000000000020327      0x26b ./Core/Src/MODBUS_RTU_Slave.o
 .debug_macro   0x0000000000020592       0xd6 ./Core/Src/MODBUS_RTU_Slave.o
 .debug_macro   0x0000000000020668      0x25c ./Core/Src/Motor_Driver.o
 .debug_macro   0x00000000000208c4      0x26a ./Core/Src/main.o
 .debug_macro   0x0000000000020b2e      0x234 ./Core/Src/stm32l4xx_hal_msp.o
 .debug_macro   0x0000000000020d62      0x23e ./Core/Src/stm32l4xx_it.o
 .debug_macro   0x0000000000020fa0      0x225 ./Core/Src/system_stm32l4xx.o
 .debug_macro   0x00000000000211c5      0x26d ./Drivers/STM32L4xx_HAL_Driver/Src/stm32l4xx_hal.o
 .debug_macro   0x0000000000021432      0x242 ./Drivers/STM32L4xx_HAL_Driver/Src/stm32l4xx_hal_adc.o
 .debug_macro   0x0000000000021674      0x231 ./Drivers/STM32L4xx_HAL_Driver/Src/stm32l4xx_hal_adc_ex.o
 .debug_macro   0x00000000000218a5      0x225 ./Drivers/STM32L4xx_HAL_Driver/Src/stm32l4xx_hal_cortex.o
 .debug_macro   0x0000000000021aca      0x225 ./Drivers/STM32L4xx_HAL_Driver/Src/stm32l4xx_hal_crc.o
 .debug_macro   0x0000000000021cef      0x225 ./Drivers/STM32L4xx_HAL_Driver/Src/stm32l4xx_hal_crc_ex.o
 .debug_macro   0x0000000000021f14      0x225 ./Drivers/STM32L4xx_HAL_Driver/Src/stm32l4xx_hal_dma.o
 .debug_macro   0x0000000000022139      0x264 ./Drivers/STM32L4xx_HAL_Driver/Src/stm32l4xx_hal_gpio.o
 .debug_macro   0x000000000002239d      0x249 ./Drivers/STM32L4xx_HAL_Driver/Src/stm32l4xx_hal_pwr_ex.o
 .debug_macro   0x00000000000225e6      0x267 ./Drivers/STM32L4xx_HAL_Driver/Src/stm32l4xx_hal_rcc.o
 .debug_macro   0x000000000002284d      0x25b ./Drivers/STM32L4xx_HAL_Driver/Src/stm32l4xx_hal_rcc_ex.o
 .debug_macro   0x0000000000022aa8      0x22d ./Drivers/STM32L4xx_HAL_Driver/Src/stm32l4xx_hal_spi.o
 .debug_macro   0x0000000000022cd5      0x226 ./Drivers/STM32L4xx_HAL_Driver/Src/stm32l4xx_hal_tim.o
 .debug_macro   0x0000000000022efb      0x225 ./Drivers/STM32L4xx_HAL_Driver/Src/stm32l4xx_hal_tim_ex.o
 .debug_macro   0x0000000000023120      0x250 ./Drivers/STM32L4xx_HAL_Driver/Src/stm32l4xx_hal_uart.o
 .debug_macro   0x0000000000023370      0x225 ./Drivers/STM32L4xx_HAL_Driver/Src/stm32l4xx_hal_uart_ex.o

.debug_line     0x0000000000000000    0x189db
 .debug_line    0x0000000000000000      0x929 ./Core/Src/AS5048A.o
 .debug_line    0x0000000000000929      0xb2d ./Core/Src/MODBUS_RTU_Slave.o
 .debug_line    0x0000000000001456      0x81d ./Core/Src/Motor_Driver.o
 .debug_line    0x0000000000001c73      0xbc0 ./Core/Src/main.o
 .debug_line    0x0000000000002833      0xa5e ./Core/Src/stm32l4xx_hal_msp.o
 .debug_line    0x0000000000003291      0x93f ./Core/Src/stm32l4xx_it.o
 .debug_line    0x0000000000003bd0      0x852 ./Core/Src/system_stm32l4xx.o
 .debug_line    0x0000000000004422       0x87 ./Core/Startup/startup_stm32l432kcux.o
 .debug_line    0x00000000000044a9      0xafe ./Drivers/STM32L4xx_HAL_Driver/Src/stm32l4xx_hal.o
 .debug_line    0x0000000000004fa7     0x1c70 ./Drivers/STM32L4xx_HAL_Driver/Src/stm32l4xx_hal_adc.o
 .debug_line    0x0000000000006c17     0x1516 ./Drivers/STM32L4xx_HAL_Driver/Src/stm32l4xx_hal_adc_ex.o
 .debug_line    0x000000000000812d      0xd38 ./Drivers/STM32L4xx_HAL_Driver/Src/stm32l4xx_hal_cortex.o
 .debug_line    0x0000000000008e65      0xae2 ./Drivers/STM32L4xx_HAL_Driver/Src/stm32l4xx_hal_crc.o
 .debug_line    0x0000000000009947      0x854 ./Drivers/STM32L4xx_HAL_Driver/Src/stm32l4xx_hal_crc_ex.o
 .debug_line    0x000000000000a19b      0xd70 ./Drivers/STM32L4xx_HAL_Driver/Src/stm32l4xx_hal_dma.o
 .debug_line    0x000000000000af0b      0xb8c ./Drivers/STM32L4xx_HAL_Driver/Src/stm32l4xx_hal_gpio.o
 .debug_line    0x000000000000ba97      0xc84 ./Drivers/STM32L4xx_HAL_Driver/Src/stm32l4xx_hal_pwr_ex.o
 .debug_line    0x000000000000c71b     0x1017 ./Drivers/STM32L4xx_HAL_Driver/Src/stm32l4xx_hal_rcc.o
 .debug_line    0x000000000000d732     0x1363 ./Drivers/STM32L4xx_HAL_Driver/Src/stm32l4xx_hal_rcc_ex.o
 .debug_line    0x000000000000ea95     0x1fba ./Drivers/STM32L4xx_HAL_Driver/Src/stm32l4xx_hal_spi.o
 .debug_line    0x0000000000010a4f     0x3aec ./Drivers/STM32L4xx_HAL_Driver/Src/stm32l4xx_hal_tim.o
 .debug_line    0x000000000001453b     0x1b6d ./Drivers/STM32L4xx_HAL_Driver/Src/stm32l4xx_hal_tim_ex.o
 .debug_line    0x00000000000160a8     0x1db5 ./Drivers/STM32L4xx_HAL_Driver/Src/stm32l4xx_hal_uart.o
 .debug_line    0x0000000000017e5d      0xb7e ./Drivers/STM32L4xx_HAL_Driver/Src/stm32l4xx_hal_uart_ex.o

.debug_str      0x0000000000000000    0xdb942
 .debug_str     0x0000000000000000    0xd54d2 ./Core/Src/AS5048A.o
                                      0xd5b38 (size before relaxing)
 .debug_str     0x00000000000d54d2      0x869 ./Core/Src/MODBUS_RTU_Slave.o
                                      0xd6248 (size before relaxing)
 .debug_str     0x00000000000d5d3b       0x4b ./Core/Src/Motor_Driver.o
                                      0xd59bf (size before relaxing)
 .debug_str     0x00000000000d5d86      0x92e ./Core/Src/main.o
                                      0xd66bf (size before relaxing)
 .debug_str     0x00000000000d66b4      0x29b ./Core/Src/stm32l4xx_hal_msp.o
                                      0xd60e6 (size before relaxing)
 .debug_str     0x00000000000d694f      0x16e ./Core/Src/stm32l4xx_it.o
                                      0xd5932 (size before relaxing)
 .debug_str     0x00000000000d6abd       0xb8 ./Core/Src/system_stm32l4xx.o
                                      0xd4c62 (size before relaxing)
 .debug_str     0x00000000000d6b75       0x87 ./Core/Startup/startup_stm32l432kcux.o
 .debug_str     0x00000000000d6bfc      0x4d4 ./Drivers/STM32L4xx_HAL_Driver/Src/stm32l4xx_hal.o
                                      0xd555b (size before relaxing)
 .debug_str     0x00000000000d70d0      0x97a ./Drivers/STM32L4xx_HAL_Driver/Src/stm32l4xx_hal_adc.o
                                      0xd5972 (size before relaxing)
 .debug_str     0x00000000000d7a4a      0x614 ./Drivers/STM32L4xx_HAL_Driver/Src/stm32l4xx_hal_adc_ex.o
                                      0xd5819 (size before relaxing)
 .debug_str     0x00000000000d805e      0x389 ./Drivers/STM32L4xx_HAL_Driver/Src/stm32l4xx_hal_cortex.o
                                      0xd53b8 (size before relaxing)
 .debug_str     0x00000000000d83e7       0xba ./Drivers/STM32L4xx_HAL_Driver/Src/stm32l4xx_hal_crc.o
                                      0xd4d10 (size before relaxing)
 .debug_str     0x00000000000d84a1       0x82 ./Drivers/STM32L4xx_HAL_Driver/Src/stm32l4xx_hal_crc_ex.o
                                      0xd4ce3 (size before relaxing)
 .debug_str     0x00000000000d8523      0x253 ./Drivers/STM32L4xx_HAL_Driver/Src/stm32l4xx_hal_dma.o
                                      0xd4ed2 (size before relaxing)
 .debug_str     0x00000000000d8776      0x236 ./Drivers/STM32L4xx_HAL_Driver/Src/stm32l4xx_hal_gpio.o
                                      0xd4ef7 (size before relaxing)
 .debug_str     0x00000000000d89ac      0x44a ./Drivers/STM32L4xx_HAL_Driver/Src/stm32l4xx_hal_pwr_ex.o
                                      0xd5120 (size before relaxing)
 .debug_str     0x00000000000d8df6      0x395 ./Drivers/STM32L4xx_HAL_Driver/Src/stm32l4xx_hal_rcc.o
                                      0xd51f9 (size before relaxing)
 .debug_str     0x00000000000d918b      0x527 ./Drivers/STM32L4xx_HAL_Driver/Src/stm32l4xx_hal_rcc_ex.o
                                      0xd5471 (size before relaxing)
 .debug_str     0x00000000000d96b2      0x562 ./Drivers/STM32L4xx_HAL_Driver/Src/stm32l4xx_hal_spi.o
                                      0xd542d (size before relaxing)
 .debug_str     0x00000000000d9c14      0xdc4 ./Drivers/STM32L4xx_HAL_Driver/Src/stm32l4xx_hal_tim.o
                                      0xd5efb (size before relaxing)
 .debug_str     0x00000000000da9d8      0x537 ./Drivers/STM32L4xx_HAL_Driver/Src/stm32l4xx_hal_tim_ex.o
                                      0xd57cd (size before relaxing)
 .debug_str     0x00000000000daf0f      0x856 ./Drivers/STM32L4xx_HAL_Driver/Src/stm32l4xx_hal_uart.o
                                      0xd58c1 (size before relaxing)
 .debug_str     0x00000000000db765      0x1dd ./Drivers/STM32L4xx_HAL_Driver/Src/stm32l4xx_hal_uart_ex.o
                                      0xd50ce (size before relaxing)

.comment        0x0000000000000000       0x53
 .comment       0x0000000000000000       0x53 ./Core/Src/AS5048A.o
                                         0x54 (size before relaxing)
 .comment       0x0000000000000053       0x54 ./Core/Src/MODBUS_RTU_Slave.o
 .comment       0x0000000000000053       0x54 ./Core/Src/Motor_Driver.o
 .comment       0x0000000000000053       0x54 ./Core/Src/main.o
 .comment       0x0000000000000053       0x54 ./Core/Src/stm32l4xx_hal_msp.o
 .comment       0x0000000000000053       0x54 ./Core/Src/stm32l4xx_it.o
 .comment       0x0000000000000053       0x54 ./Core/Src/system_stm32l4xx.o
 .comment       0x0000000000000053       0x54 ./Drivers/STM32L4xx_HAL_Driver/Src/stm32l4xx_hal.o
 .comment       0x0000000000000053       0x54 ./Drivers/STM32L4xx_HAL_Driver/Src/stm32l4xx_hal_adc.o
 .comment       0x0000000000000053       0x54 ./Drivers/STM32L4xx_HAL_Driver/Src/stm32l4xx_hal_adc_ex.o
 .comment       0x0000000000000053       0x54 ./Drivers/STM32L4xx_HAL_Driver/Src/stm32l4xx_hal_cortex.o
 .comment       0x0000000000000053       0x54 ./Drivers/STM32L4xx_HAL_Driver/Src/stm32l4xx_hal_crc.o
 .comment       0x0000000000000053       0x54 ./Drivers/STM32L4xx_HAL_Driver/Src/stm32l4xx_hal_crc_ex.o
 .comment       0x0000000000000053       0x54 ./Drivers/STM32L4xx_HAL_Driver/Src/stm32l4xx_hal_dma.o
 .comment       0x0000000000000053       0x54 ./Drivers/STM32L4xx_HAL_Driver/Src/stm32l4xx_hal_gpio.o
 .comment       0x0000000000000053       0x54 ./Drivers/STM32L4xx_HAL_Driver/Src/stm32l4xx_hal_pwr_ex.o
 .comment       0x0000000000000053       0x54 ./Drivers/STM32L4xx_HAL_Driver/Src/stm32l4xx_hal_rcc.o
 .comment       0x0000000000000053       0x54 ./Drivers/STM32L4xx_HAL_Driver/Src/stm32l4xx_hal_rcc_ex.o
 .comment       0x0000000000000053       0x54 ./Drivers/STM32L4xx_HAL_Driver/Src/stm32l4xx_hal_spi.o
 .comment       0x0000000000000053       0x54 ./Drivers/STM32L4xx_HAL_Driver/Src/stm32l4xx_hal_tim.o
 .comment       0x0000000000000053       0x54 ./Drivers/STM32L4xx_HAL_Driver/Src/stm32l4xx_hal_tim_ex.o
 .comment       0x0000000000000053       0x54 ./Drivers/STM32L4xx_HAL_Driver/Src/stm32l4xx_hal_uart.o
 .comment       0x0000000000000053       0x54 ./Drivers/STM32L4xx_HAL_Driver/Src/stm32l4xx_hal_uart_ex.o

.debug_frame    0x0000000000000000     0x5e28
 .debug_frame   0x0000000000000000       0xfc ./Core/Src/AS5048A.o
 .debug_frame   0x00000000000000fc       0x64 ./Core/Src/MODBUS_RTU_Slave.o
 .debug_frame   0x0000000000000160       0x64 ./Core/Src/Motor_Driver.o
 .debug_frame   0x00000000000001c4      0x244 ./Core/Src/main.o
 .debug_frame   0x0000000000000408      0x1d4 ./Core/Src/stm32l4xx_hal_msp.o
 .debug_frame   0x00000000000005dc      0x200 ./Core/Src/stm32l4xx_it.o
 .debug_frame   0x00000000000007dc       0x58 ./Core/Src/system_stm32l4xx.o
 .debug_frame   0x0000000000000834      0x3dc ./Drivers/STM32L4xx_HAL_Driver/Src/stm32l4xx_hal.o
 .debug_frame   0x0000000000000c10      0x9b0 ./Drivers/STM32L4xx_HAL_Driver/Src/stm32l4xx_hal_adc.o
 .debug_frame   0x00000000000015c0      0x68c ./Drivers/STM32L4xx_HAL_Driver/Src/stm32l4xx_hal_adc_ex.o
 .debug_frame   0x0000000000001c4c      0x498 ./Drivers/STM32L4xx_HAL_Driver/Src/stm32l4xx_hal_cortex.o
 .debug_frame   0x00000000000020e4      0x168 ./Drivers/STM32L4xx_HAL_Driver/Src/stm32l4xx_hal_crc.o
 .debug_frame   0x000000000000224c       0x88 ./Drivers/STM32L4xx_HAL_Driver/Src/stm32l4xx_hal_crc_ex.o
 .debug_frame   0x00000000000022d4      0x204 ./Drivers/STM32L4xx_HAL_Driver/Src/stm32l4xx_hal_dma.o
 .debug_frame   0x00000000000024d8      0x14c ./Drivers/STM32L4xx_HAL_Driver/Src/stm32l4xx_hal_gpio.o
 .debug_frame   0x0000000000002624      0x4a4 ./Drivers/STM32L4xx_HAL_Driver/Src/stm32l4xx_hal_pwr_ex.o
 .debug_frame   0x0000000000002ac8      0x1f4 ./Drivers/STM32L4xx_HAL_Driver/Src/stm32l4xx_hal_rcc.o
 .debug_frame   0x0000000000002cbc      0x3d0 ./Drivers/STM32L4xx_HAL_Driver/Src/stm32l4xx_hal_rcc_ex.o
 .debug_frame   0x000000000000308c      0x860 ./Drivers/STM32L4xx_HAL_Driver/Src/stm32l4xx_hal_spi.o
 .debug_frame   0x00000000000038ec     0x121c ./Drivers/STM32L4xx_HAL_Driver/Src/stm32l4xx_hal_tim.o
 .debug_frame   0x0000000000004b08      0x6b0 ./Drivers/STM32L4xx_HAL_Driver/Src/stm32l4xx_hal_tim_ex.o
 .debug_frame   0x00000000000051b8      0x9e4 ./Drivers/STM32L4xx_HAL_Driver/Src/stm32l4xx_hal_uart.o
 .debug_frame   0x0000000000005b9c      0x1e0 ./Drivers/STM32L4xx_HAL_Driver/Src/stm32l4xx_hal_uart_ex.o
 .debug_frame   0x0000000000005d7c       0x2c c:/st/stm32cubeide_1.3.0/stm32cubeide/plugins/com.st.stm32cube.ide.mcu.externaltools.gnu-tools-for-stm32.9-2020-q2-update.win32_2.0.0.202105311346/tools/bin/../lib/gcc/arm-none-eabi/9.3.1/../../../../arm-none-eabi/lib/thumb/v7e-m+fp/hard\libc_nano.a(lib_a-init.o)
 .debug_frame   0x0000000000005da8       0x20 c:/st/stm32cubeide_1.3.0/stm32cubeide/plugins/com.st.stm32cube.ide.mcu.externaltools.gnu-tools-for-stm32.9-2020-q2-update.win32_2.0.0.202105311346/tools/bin/../lib/gcc/arm-none-eabi/9.3.1/../../../../arm-none-eabi/lib/thumb/v7e-m+fp/hard\libc_nano.a(lib_a-memset.o)
 .debug_frame   0x0000000000005dc8       0x2c c:/st/stm32cubeide_1.3.0/stm32cubeide/plugins/com.st.stm32cube.ide.mcu.externaltools.gnu-tools-for-stm32.9-2020-q2-update.win32_2.0.0.202105311346/tools/bin/../lib/gcc/arm-none-eabi/9.3.1/thumb/v7e-m+fp/hard\libgcc.a(_aeabi_uldivmod.o)
 .debug_frame   0x0000000000005df4       0x34 c:/st/stm32cubeide_1.3.0/stm32cubeide/plugins/com.st.stm32cube.ide.mcu.externaltools.gnu-tools-for-stm32.9-2020-q2-update.win32_2.0.0.202105311346/tools/bin/../lib/gcc/arm-none-eabi/9.3.1/thumb/v7e-m+fp/hard\libgcc.a(_udivmoddi4.o)
