Archive member included to satisfy reference by file (symbol)

c:/st/stm32cubeide_1.3.0/stm32cubeide/plugins/com.st.stm32cube.ide.mcu.externaltools.gnu-tools-for-stm32.9-2020-q2-update.win32_2.0.0.202105311346/tools/bin/../lib/gcc/arm-none-eabi/9.3.1/../../../../arm-none-eabi/lib/thumb/v7e-m+fp/hard\libc_nano.a(lib_a-errno.o)
                              ./Core/Src/syscalls.o (__errno)
c:/st/stm32cubeide_1.3.0/stm32cubeide/plugins/com.st.stm32cube.ide.mcu.externaltools.gnu-tools-for-stm32.9-2020-q2-update.win32_2.0.0.202105311346/tools/bin/../lib/gcc/arm-none-eabi/9.3.1/../../../../arm-none-eabi/lib/thumb/v7e-m+fp/hard\libc_nano.a(lib_a-exit.o)
                              c:/st/stm32cubeide_1.3.0/stm32cubeide/plugins/com.st.stm32cube.ide.mcu.externaltools.gnu-tools-for-stm32.9-2020-q2-update.win32_2.0.0.202105311346/tools/bin/../lib/gcc/arm-none-eabi/9.3.1/../../../../arm-none-eabi/lib/thumb/v7e-m+fp/hard/crt0.o (exit)
c:/st/stm32cubeide_1.3.0/stm32cubeide/plugins/com.st.stm32cube.ide.mcu.externaltools.gnu-tools-for-stm32.9-2020-q2-update.win32_2.0.0.202105311346/tools/bin/../lib/gcc/arm-none-eabi/9.3.1/../../../../arm-none-eabi/lib/thumb/v7e-m+fp/hard\libc_nano.a(lib_a-impure.o)
                              c:/st/stm32cubeide_1.3.0/stm32cubeide/plugins/com.st.stm32cube.ide.mcu.externaltools.gnu-tools-for-stm32.9-2020-q2-update.win32_2.0.0.202105311346/tools/bin/../lib/gcc/arm-none-eabi/9.3.1/../../../../arm-none-eabi/lib/thumb/v7e-m+fp/hard\libc_nano.a(lib_a-exit.o) (_global_impure_ptr)
c:/st/stm32cubeide_1.3.0/stm32cubeide/plugins/com.st.stm32cube.ide.mcu.externaltools.gnu-tools-for-stm32.9-2020-q2-update.win32_2.0.0.202105311346/tools/bin/../lib/gcc/arm-none-eabi/9.3.1/../../../../arm-none-eabi/lib/thumb/v7e-m+fp/hard\libc_nano.a(lib_a-init.o)
                              c:/st/stm32cubeide_1.3.0/stm32cubeide/plugins/com.st.stm32cube.ide.mcu.externaltools.gnu-tools-for-stm32.9-2020-q2-update.win32_2.0.0.202105311346/tools/bin/../lib/gcc/arm-none-eabi/9.3.1/../../../../arm-none-eabi/lib/thumb/v7e-m+fp/hard/crt0.o (__libc_init_array)
c:/st/stm32cubeide_1.3.0/stm32cubeide/plugins/com.st.stm32cube.ide.mcu.externaltools.gnu-tools-for-stm32.9-2020-q2-update.win32_2.0.0.202105311346/tools/bin/../lib/gcc/arm-none-eabi/9.3.1/../../../../arm-none-eabi/lib/thumb/v7e-m+fp/hard\libc_nano.a(lib_a-memset.o)
                              c:/st/stm32cubeide_1.3.0/stm32cubeide/plugins/com.st.stm32cube.ide.mcu.externaltools.gnu-tools-for-stm32.9-2020-q2-update.win32_2.0.0.202105311346/tools/bin/../lib/gcc/arm-none-eabi/9.3.1/../../../../arm-none-eabi/lib/thumb/v7e-m+fp/hard/crt0.o (memset)
c:/st/stm32cubeide_1.3.0/stm32cubeide/plugins/com.st.stm32cube.ide.mcu.externaltools.gnu-tools-for-stm32.9-2020-q2-update.win32_2.0.0.202105311346/tools/bin/../lib/gcc/arm-none-eabi/9.3.1/thumb/v7e-m+fp/hard\libgcc.a(_aeabi_uldivmod.o)
                              ./Drivers/STM32L4xx_HAL_Driver/Src/stm32l4xx_hal_uart.o (__aeabi_uldivmod)
c:/st/stm32cubeide_1.3.0/stm32cubeide/plugins/com.st.stm32cube.ide.mcu.externaltools.gnu-tools-for-stm32.9-2020-q2-update.win32_2.0.0.202105311346/tools/bin/../lib/gcc/arm-none-eabi/9.3.1/thumb/v7e-m+fp/hard\libgcc.a(_udivmoddi4.o)
                              c:/st/stm32cubeide_1.3.0/stm32cubeide/plugins/com.st.stm32cube.ide.mcu.externaltools.gnu-tools-for-stm32.9-2020-q2-update.win32_2.0.0.202105311346/tools/bin/../lib/gcc/arm-none-eabi/9.3.1/thumb/v7e-m+fp/hard\libgcc.a(_aeabi_uldivmod.o) (__udivmoddi4)
c:/st/stm32cubeide_1.3.0/stm32cubeide/plugins/com.st.stm32cube.ide.mcu.externaltools.gnu-tools-for-stm32.9-2020-q2-update.win32_2.0.0.202105311346/tools/bin/../lib/gcc/arm-none-eabi/9.3.1/thumb/v7e-m+fp/hard\libgcc.a(_dvmd_tls.o)
                              c:/st/stm32cubeide_1.3.0/stm32cubeide/plugins/com.st.stm32cube.ide.mcu.externaltools.gnu-tools-for-stm32.9-2020-q2-update.win32_2.0.0.202105311346/tools/bin/../lib/gcc/arm-none-eabi/9.3.1/thumb/v7e-m+fp/hard\libgcc.a(_aeabi_uldivmod.o) (__aeabi_ldiv0)

Allocating common symbols
Common symbol       size              file

EncoderState        0x1               ./Core/Src/AS5048A.o
hdma_usart2_rx      0x48              ./Core/Src/main.o
MotorState          0x1               ./Core/Src/AS5048A.o
hcrc                0x24              ./Core/Src/main.o
uwTick              0x4               ./Drivers/STM32L4xx_HAL_Driver/Src/stm32l4xx_hal.o
temp                0x2               ./Core/Src/AS5048A.o
hdma_usart1_tx      0x48              ./Core/Src/main.o
hadc1               0x64              ./Core/Src/main.o
hdma_usart1_rx      0x48              ./Core/Src/main.o
hdma_usart2_tx      0x48              ./Core/Src/main.o
huart1              0x84              ./Core/Src/main.o
htim1               0x4c              ./Core/Src/main.o
hspi1               0x64              ./Core/Src/main.o
JCUState            0xa               ./Core/Src/AS5048A.o
huart2              0x84              ./Core/Src/main.o
[...]
Memory Configuration

Name             Origin             Length             Attributes
RAM              0x0000000020000000 0x000000000000c000 xrw
RAM2             0x0000000010000000 0x0000000000004000 xrw
FLASH            0x0000000008000000 0x0000000000040000 xr
*default*        0x0000000000000000 0xffffffffffffffff

Linker script and memory map

LOAD c:/st/stm32cubeide_1.3.0/stm32cubeide/plugins/com.st.stm32cube.ide.mcu.externaltools.gnu-tools-for-stm32.9-2020-q2-update.win32_2.0.0.202105311346/tools/bin/../lib/gcc/arm-none-eabi/9.3.1/thumb/v7e-m+fp/hard/crti.o
LOAD c:/st/stm32cubeide_1.3.0/stm32cubeide/plugins/com.st.stm32cube.ide.mcu.externaltools.gnu-tools-for-stm32.9-2020-q2-update.win32_2.0.0.202105311346/tools/bin/../lib/gcc/arm-none-eabi/9.3.1/thumb/v7e-m+fp/hard/crtbegin.o
LOAD c:/st/stm32cubeide_1.3.0/stm32cubeide/plugins/com.st.stm32cube.ide.mcu.externaltools.gnu-tools-for-stm32.9-2020-q2-update.win32_2.0.0.202105311346/tools/bin/../lib/gcc/arm-none-eabi/9.3.1/../../../../arm-none-eabi/lib/thumb/v7e-m+fp/hard/crt0.o
LOAD ./Core/Src/AS5048A.o
LOAD ./Core/Src/MODBUS_RTU_Slave.o
LOAD ./Core/Src/Motor_Driver.o
LOAD ./Core/Src/main.o
LOAD ./Core/Src/stm32l4xx_hal_msp.o
LOAD ./Core/Src/stm32l4xx_it.o
LOAD ./Core/Src/syscalls.o
LOAD ./Core/Src/sysmem.o
LOAD ./Core/Src/system_stm32l4xx.o
LOAD ./Core/Startup/startup_stm32l432kcux.o
LOAD ./Drivers/STM32L4xx_HAL_Driver/Src/stm32l4xx_hal.o
LOAD ./Drivers/STM32L4xx_HAL_Driver/Src/stm32l4xx_hal_adc.o
LOAD ./Drivers/STM32L4xx_HAL_Driver/Src/stm32l4xx_hal_adc_ex.o
LOAD ./Drivers/STM32L4xx_HAL_Driver/Src/stm32l4xx_hal_cortex.o
LOAD ./Drivers/STM32L4xx_HAL_Driver/Src/stm32l4xx_hal_crc.o
LOAD ./Drivers/STM32L4xx_HAL_Driver/Src/stm32l4xx_hal_crc_ex.o
LOAD ./Drivers/STM32L4xx_HAL_Driver/Src/stm32l4xx_hal_dma.o
LOAD ./Drivers/STM32L4xx_HAL_Driver/Src/stm32l4xx_hal_dma_ex.o
LOAD ./Drivers/STM32L4xx_HAL_Driver/Src/stm32l4xx_hal_exti.o
LOAD ./Drivers/STM32L4xx_HAL_Driver/Src/stm32l4xx_hal_flash.o
LOAD ./Drivers/STM32L4xx_HAL_Driver/Src/stm32l4xx_hal_flash_ex.o
LOAD ./Drivers/STM32L4xx_HAL_Driver/Src/stm32l4xx_hal_flash_ramfunc.o
LOAD ./Drivers/STM32L4xx_HAL_Driver/Src/stm32l4xx_hal_gpio.o
LOAD ./Drivers/STM32L4xx_HAL_Driver/Src/stm32l4xx_hal_i2c.o
LOAD ./Drivers/STM32L4xx_HAL_Driver/Src/stm32l4xx_hal_i2c_ex.o
LOAD ./Drivers/STM32L4xx_HAL_Driver/Src/stm32l4xx_hal_pwr.o
LOAD ./Drivers/STM32L4xx_HAL_Driver/Src/stm32l4xx_hal_pwr_ex.o
LOAD ./Drivers/STM32L4xx_HAL_Driver/Src/stm32l4xx_hal_rcc.o
LOAD ./Drivers/STM32L4xx_HAL_Driver/Src/stm32l4xx_hal_rcc_ex.o
LOAD ./Drivers/STM32L4xx_HAL_Driver/Src/stm32l4xx_hal_spi.o
LOAD ./Drivers/STM32L4xx_HAL_Driver/Src/stm32l4xx_hal_spi_ex.o
LOAD ./Drivers/STM32L4xx_HAL_Driver/Src/stm32l4xx_hal_tim.o
LOAD ./Drivers/STM32L4xx_HAL_Driver/Src/stm32l4xx_hal_tim_ex.o
LOAD ./Drivers/STM32L4xx_HAL_Driver/Src/stm32l4xx_hal_uart.o
LOAD ./Drivers/STM32L4xx_HAL_Driver/Src/stm32l4xx_hal_uart_ex.o
START GROUP
LOAD c:/st/stm32cubeide_1.3.0/stm32cubeide/plugins/com.st.stm32cube.ide.mcu.externaltools.gnu-tools-for-stm32.9-2020-q2-update.win32_2.0.0.202105311346/tools/bin/../lib/gcc/arm-none-eabi/9.3.1/../../../../arm-none-eabi/lib/thumb/v7e-m+fp/hard\libc_nano.a
LOAD c:/st/stm32cubeide_1.3.0/stm32cubeide/plugins/com.st.stm32cube.ide.mcu.externaltools.gnu-tools-for-stm32.9-2020-q2-update.win32_2.0.0.202105311346/tools/bin/../lib/gcc/arm-none-eabi/9.3.1/../../../../arm-none-eabi/lib/thumb/v7e-m+fp/hard\libm.a
END GROUP
START GROUP
LOAD c:/st/stm32cubeide_1.3.0/stm32cubeide/plugins/com.st.stm32cube.ide.mcu.externaltools.gnu-tools-for-stm32.9-2020-q2-update.win32_2.0.0.202105311346/tools/bin/../lib/gcc/arm-none-eabi/9.3.1/thumb/v7e-m+fp/hard\libgcc.a
LOAD c:/st/stm32cubeide_1.3.0/stm32cubeide/plugins/com.st.stm32cube.ide.mcu.externaltools.gnu-tools-for-stm32.9-2020-q2-update.win32_2.0.0.202105311346/tools/bin/../lib/gcc/arm-none-eabi/9.3.1/../../../../arm-none-eabi/lib/thumb/v7e-m+fp/hard\libc_nano.a
END GROUP
START GROUP
LOAD c:/st/stm32cubeide_1.3.0/stm32cubeide/plugins/com.st.stm32cube.ide.mcu.externaltools.gnu-tools-for-stm32.9-2020-q2-update.win32_2.0.0.202105311346/tools/bin/../lib/gcc/arm-none-eabi/9.3.1/thumb/v7e-m+fp/hard\libgcc.a
LOAD c:/st/stm32cubeide_1.3.0/stm32cubeide/plugins/com.st.stm32cube.ide.mcu.externaltools.gnu-tools-for-stm32.9-2020-q2-update.win32_2.0.0.202105311346/tools/bin/../lib/gcc/arm-none-eabi/9.3.1/../../../../arm-none-eabi/lib/thumb/v7e-m+fp/hard\libc_nano.a
LOAD c:/st/stm32cubeide_1.3.0/stm32cubeide/plugins/com.st.stm32cube.ide.mcu.externaltools.gnu-tools-for-stm32.9-2020-q2-update.win32_2.0.0.202105311346/tools/bin/../lib/gcc/arm-none-eabi/9.3.1/../../../../arm-none-eabi/lib/thumb/v7e-m+fp/hard\libnosys.a
END GROUP
START GROUP
LOAD c:/st/stm32cubeide_1.3.0/stm32cubeide/plugins/com.st.stm32cube.ide.mcu.externaltools.gnu-tools-for-stm32.9-2020-q2-update.win32_2.0.0.202105311346/tools/bin/../lib/gcc/arm-none-eabi/9.3.1/thumb/v7e-m+fp/hard\libgcc.a
LOAD c:/st/stm32cubeide_1.3.0/stm32cubeide/plugins/com.st.stm32cube.ide.mcu.externaltools.gnu-tools-for-stm32.9-2020-q2-update.win32_2.0.0.202105311346/tools/bin/../lib/gcc/arm-none-eabi/9.3.1/../../../../arm-none-eabi/lib/thumb/v7e-m+fp/hard\libc_nano.a
LOAD c:/st/stm32cubeide_1.3.0/stm32cubeide/plugins/com.st.stm32cube.ide.mcu.externaltools.gnu-tools-for-stm32.9-2020-q2-update.win32_2.0.0.202105311346/tools/bin/../lib/gcc/arm-none-eabi/9.3.1/../../../../arm-none-eabi/lib/thumb/v7e-m+fp/hard\libnosys.a
END GROUP
LOAD c:/st/stm32cubeide_1.3.0/stm32cubeide/plugins/com.st.stm32cube.ide.mcu.externaltools.gnu-tools-for-stm32.9-2020-q2-update.win32_2.0.0.202105311346/tools/bin/../lib/gcc/arm-none-eabi/9.3.1/thumb/v7e-m+fp/hard/crtend.o
LOAD c:/st/stm32cubeide_1.3.0/stm32cubeide/plugins/com.st.stm32cube.ide.mcu.externaltools.gnu-tools-for-stm32.9-2020-q2-update.win32_2.0.0.202105311346/tools/bin/../lib/gcc/arm-none-eabi/9.3.1/thumb/v7e-m+fp/hard/crtn.o
                0x000000002000c000                _estack = (ORIGIN (RAM) + LENGTH (RAM))
                0x0000000000000200                _Min_Heap_Size = 0x200
                0x0000000000000400                _Min_Stack_Size = 0x400

.isr_vector     0x0000000008000000      0x18c
                0x0000000008000000                . = ALIGN (0x4)
 *(.isr_vector)
 .isr_vector    0x0000000008000000      0x18c ./Core/Startup/startup_stm32l432kcux.o
                0x0000000008000000                g_pfnVectors
                0x000000000800018c                . = ALIGN (0x4)

.text           0x000000000800018c     0x83d8
                0x000000000800018c                . = ALIGN (0x4)
 *(.text)
 .text          0x000000000800018c       0x40 c:/st/stm32cubeide_1.3.0/stm32cubeide/plugins/com.st.stm32cube.ide.mcu.externaltools.gnu-tools-for-stm32.9-2020-q2-update.win32_2.0.0.202105311346/tools/bin/../lib/gcc/arm-none-eabi/9.3.1/thumb/v7e-m+fp/hard/crtbegin.o
 .text          0x00000000080001cc       0x30 c:/st/stm32cubeide_1.3.0/stm32cubeide/plugins/com.st.stm32cube.ide.mcu.externaltools.gnu-tools-for-stm32.9-2020-q2-update.win32_2.0.0.202105311346/tools/bin/../lib/gcc/arm-none-eabi/9.3.1/thumb/v7e-m+fp/hard\libgcc.a(_aeabi_uldivmod.o)
                0x00000000080001cc                __aeabi_uldivmod
 .text          0x00000000080001fc      0x2c4 c:/st/stm32cubeide_1.3.0/stm32cubeide/plugins/com.st.stm32cube.ide.mcu.externaltools.gnu-tools-for-stm32.9-2020-q2-update.win32_2.0.0.202105311346/tools/bin/../lib/gcc/arm-none-eabi/9.3.1/thumb/v7e-m+fp/hard\libgcc.a(_udivmoddi4.o)
                0x00000000080001fc                __udivmoddi4
 .text          0x00000000080004c0        0x4 c:/st/stm32cubeide_1.3.0/stm32cubeide/plugins/com.st.stm32cube.ide.mcu.externaltools.gnu-tools-for-stm32.9-2020-q2-update.win32_2.0.0.202105311346/tools/bin/../lib/gcc/arm-none-eabi/9.3.1/thumb/v7e-m+fp/hard\libgcc.a(_dvmd_tls.o)
                0x00000000080004c0                __aeabi_idiv0
                0x00000000080004c0                __aeabi_ldiv0
 *(.text*)
 .text.CheckErrorsEnc
                0x00000000080004c4       0xd0 ./Core/Src/AS5048A.o
                0x00000000080004c4                CheckErrorsEnc
 .text.ParityOk
                0x0000000008000594       0x58 ./Core/Src/AS5048A.o
                0x0000000008000594                ParityOk
 .text.EncoderRoutine
                0x00000000080005ec      0x138 ./Core/Src/AS5048A.o
                0x00000000080005ec                EncoderRoutine
 .text.HAL_SPI_TxRxCpltCallback
                0x0000000008000724       0x5c ./Core/Src/AS5048A.o
                0x0000000008000724                HAL_SPI_TxRxCpltCallback
 .text.EnableAlarmLED
                0x0000000008000780       0x18 ./Core/Src/AS5048A.o
                0x0000000008000780                EnableAlarmLED
 .text.DisableAlarmLED
                0x0000000008000798       0x18 ./Core/Src/AS5048A.o
                0x0000000008000798                DisableAlarmLED
 .text.ModbusRTURoutine
                0x00000000080007b0      0x5dc ./Core/Src/MODBUS_RTU_Slave.o
                0x00000000080007b0                ModbusRTURoutine
 .text.ModbusExceptionHandler
                0x0000000008000d8c       0x16 ./Core/Src/MODBUS_RTU_Slave.o
                0x0000000008000d8c                ModbusExceptionHandler
 *fill*         0x0000000008000da2        0x2 
 .text.CheckStatusRegister
                0x0000000008000da4       0xa0 ./Core/Src/Motor_Driver.o
                0x0000000008000da4                CheckStatusRegister
 .text.RunMotor
                0x0000000008000e44       0x28 ./Core/Src/Motor_Driver.o
                0x0000000008000e44                RunMotor
 .text.UpdatePWM
                0x0000000008000e6c       0x18 ./Core/Src/Motor_Driver.o
                0x0000000008000e6c                UpdatePWM
 .text.EnableMotor
                0x0000000008000e84       0x50 ./Core/Src/Motor_Driver.o
                0x0000000008000e84                EnableMotor
 .text.DisableMotor
                0x0000000008000ed4       0x3c ./Core/Src/Motor_Driver.o
                0x0000000008000ed4                DisableMotor
 .text.main     0x0000000008000f10       0x74 ./Core/Src/main.o
                0x0000000008000f10                main
 .text.SystemClock_Config
                0x0000000008000f84       0xa2 ./Core/Src/main.o
                0x0000000008000f84                SystemClock_Config
 *fill*         0x0000000008001026        0x2 
 .text.MX_ADC1_Init
                0x0000000008001028       0xc8 ./Core/Src/main.o
 .text.MX_CRC_Init
                0x00000000080010f0       0x5c ./Core/Src/main.o
 .text.MX_SPI1_Init
                0x000000000800114c       0x7c ./Core/Src/main.o
 .text.MX_TIM1_Init
                0x00000000080011c8      0x138 ./Core/Src/main.o
 .text.MX_USART1_UART_Init
                0x0000000008001300       0x90 ./Core/Src/main.o
 .text.MX_USART2_UART_Init
                0x0000000008001390       0x90 ./Core/Src/main.o
 .text.MX_DMA_Init
                0x0000000008001420       0x6c ./Core/Src/main.o
 .text.MX_GPIO_Init
                0x000000000800148c       0xec ./Core/Src/main.o
 .text.HAL_TIM_PeriodElapsedCallback
                0x0000000008001578       0x14 ./Core/Src/main.o
                0x0000000008001578                HAL_TIM_PeriodElapsedCallback
 .text.HAL_ADC_ConvCpltCallback
                0x000000000800158c       0x24 ./Core/Src/main.o
                0x000000000800158c                HAL_ADC_ConvCpltCallback
 .text.EndofBlock
                0x00000000080015b0       0x6c ./Core/Src/main.o
                0x00000000080015b0                EndofBlock
 .text.HAL_UART_ErrorCallback
                0x000000000800161c       0x14 ./Core/Src/main.o
                0x000000000800161c                HAL_UART_ErrorCallback
 .text.HAL_UART_TxCpltCallback
                0x0000000008001630       0x5c ./Core/Src/main.o
                0x0000000008001630                HAL_UART_TxCpltCallback
 .text.Error_Handler
                0x000000000800168c        0xa ./Core/Src/main.o
                0x000000000800168c                Error_Handler
 *fill*         0x0000000008001696        0x2 
 .text.HAL_MspInit
                0x0000000008001698       0x48 ./Core/Src/stm32l4xx_hal_msp.o
                0x0000000008001698                HAL_MspInit
 .text.HAL_ADC_MspInit
                0x00000000080016e0       0xd8 ./Core/Src/stm32l4xx_hal_msp.o
                0x00000000080016e0                HAL_ADC_MspInit
 .text.HAL_CRC_MspInit
                0x00000000080017b8       0x40 ./Core/Src/stm32l4xx_hal_msp.o
                0x00000000080017b8                HAL_CRC_MspInit
 .text.HAL_SPI_MspInit
                0x00000000080017f8       0x98 ./Core/Src/stm32l4xx_hal_msp.o
                0x00000000080017f8                HAL_SPI_MspInit
 .text.HAL_TIM_PWM_MspInit
                0x0000000008001890       0x4c ./Core/Src/stm32l4xx_hal_msp.o
                0x0000000008001890                HAL_TIM_PWM_MspInit
 .text.HAL_TIM_MspPostInit
                0x00000000080018dc       0xac ./Core/Src/stm32l4xx_hal_msp.o
                0x00000000080018dc                HAL_TIM_MspPostInit
 .text.HAL_UART_MspInit
                0x0000000008001988      0x2e0 ./Core/Src/stm32l4xx_hal_msp.o
                0x0000000008001988                HAL_UART_MspInit
 .text.NMI_Handler
                0x0000000008001c68        0x6 ./Core/Src/stm32l4xx_it.o
                0x0000000008001c68                NMI_Handler
 .text.HardFault_Handler
                0x0000000008001c6e        0x6 ./Core/Src/stm32l4xx_it.o
                0x0000000008001c6e                HardFault_Handler
 .text.MemManage_Handler
                0x0000000008001c74        0x6 ./Core/Src/stm32l4xx_it.o
                0x0000000008001c74                MemManage_Handler
 .text.BusFault_Handler
                0x0000000008001c7a        0x6 ./Core/Src/stm32l4xx_it.o
                0x0000000008001c7a                BusFault_Handler
 .text.UsageFault_Handler
                0x0000000008001c80        0x6 ./Core/Src/stm32l4xx_it.o
                0x0000000008001c80                UsageFault_Handler
 .text.SVC_Handler
                0x0000000008001c86        0xe ./Core/Src/stm32l4xx_it.o
                0x0000000008001c86                SVC_Handler
 .text.DebugMon_Handler
                0x0000000008001c94        0xe ./Core/Src/stm32l4xx_it.o
                0x0000000008001c94                DebugMon_Handler
 .text.PendSV_Handler
                0x0000000008001ca2        0xe ./Core/Src/stm32l4xx_it.o
                0x0000000008001ca2                PendSV_Handler
 .text.SysTick_Handler
                0x0000000008001cb0        0xc ./Core/Src/stm32l4xx_it.o
                0x0000000008001cb0                SysTick_Handler
 .text.DMA1_Channel4_IRQHandler
                0x0000000008001cbc       0x14 ./Core/Src/stm32l4xx_it.o
                0x0000000008001cbc                DMA1_Channel4_IRQHandler
 .text.DMA1_Channel5_IRQHandler
                0x0000000008001cd0       0x14 ./Core/Src/stm32l4xx_it.o
                0x0000000008001cd0                DMA1_Channel5_IRQHandler
 .text.DMA1_Channel6_IRQHandler
                0x0000000008001ce4       0x14 ./Core/Src/stm32l4xx_it.o
                0x0000000008001ce4                DMA1_Channel6_IRQHandler
 .text.DMA1_Channel7_IRQHandler
                0x0000000008001cf8       0x14 ./Core/Src/stm32l4xx_it.o
                0x0000000008001cf8                DMA1_Channel7_IRQHandler
 .text.ADC1_IRQHandler
                0x0000000008001d0c       0x14 ./Core/Src/stm32l4xx_it.o
                0x0000000008001d0c                ADC1_IRQHandler
 .text.TIM1_UP_TIM16_IRQHandler
                0x0000000008001d20       0x14 ./Core/Src/stm32l4xx_it.o
                0x0000000008001d20                TIM1_UP_TIM16_IRQHandler
 .text.SPI1_IRQHandler
                0x0000000008001d34       0x14 ./Core/Src/stm32l4xx_it.o
                0x0000000008001d34                SPI1_IRQHandler
 .text.USART1_IRQHandler
                0x0000000008001d48       0x18 ./Core/Src/stm32l4xx_it.o
                0x0000000008001d48                USART1_IRQHandler
 .text.USART2_IRQHandler
                0x0000000008001d60       0x14 ./Core/Src/stm32l4xx_it.o
                0x0000000008001d60                USART2_IRQHandler
 .text.SystemInit
                0x0000000008001d74       0x64 ./Core/Src/system_stm32l4xx.o
                0x0000000008001d74                SystemInit
 .text.Reset_Handler
                0x0000000008001dd8       0x50 ./Core/Startup/startup_stm32l432kcux.o
                0x0000000008001dd8                Reset_Handler
 .text.Default_Handler
                0x0000000008001e28        0x2 ./Core/Startup/startup_stm32l432kcux.o
                0x0000000008001e28                RTC_Alarm_IRQHandler
                0x0000000008001e28                EXTI2_IRQHandler
                0x0000000008001e28                TIM1_CC_IRQHandler
                0x0000000008001e28                TSC_IRQHandler
                0x0000000008001e28                TAMP_STAMP_IRQHandler
                0x0000000008001e28                EXTI3_IRQHandler
                0x0000000008001e28                LPTIM2_IRQHandler
                0x0000000008001e28                I2C3_ER_IRQHandler
                0x0000000008001e28                EXTI0_IRQHandler
                0x0000000008001e28                CAN1_RX0_IRQHandler
                0x0000000008001e28                FPU_IRQHandler
                0x0000000008001e28                TIM6_DAC_IRQHandler
                0x0000000008001e28                DMA2_Channel2_IRQHandler
                0x0000000008001e28                CAN1_RX1_IRQHandler
                0x0000000008001e28                DMA2_Channel1_IRQHandler
                0x0000000008001e28                QUADSPI_IRQHandler
                0x0000000008001e28                I2C1_EV_IRQHandler
                0x0000000008001e28                DMA2_Channel4_IRQHandler
                0x0000000008001e28                RCC_IRQHandler
                0x0000000008001e28                TIM1_TRG_COM_IRQHandler
                0x0000000008001e28                DMA1_Channel1_IRQHandler
                0x0000000008001e28                Default_Handler
                0x0000000008001e28                DMA2_Channel7_IRQHandler
                0x0000000008001e28                EXTI15_10_IRQHandler
                0x0000000008001e28                TIM7_IRQHandler
                0x0000000008001e28                I2C3_EV_IRQHandler
                0x0000000008001e28                USB_IRQHandler
                0x0000000008001e28                EXTI9_5_IRQHandler
                0x0000000008001e28                RTC_WKUP_IRQHandler
                0x0000000008001e28                PVD_PVM_IRQHandler
                0x0000000008001e28                CAN1_TX_IRQHandler
                0x0000000008001e28                DMA2_Channel5_IRQHandler
                0x0000000008001e28                CRS_IRQHandler
                0x0000000008001e28                EXTI4_IRQHandler
                0x0000000008001e28                RNG_IRQHandler
                0x0000000008001e28                DMA1_Channel3_IRQHandler
                0x0000000008001e28                COMP_IRQHandler
                0x0000000008001e28                WWDG_IRQHandler
                0x0000000008001e28                LPUART1_IRQHandler
                0x0000000008001e28                DMA2_Channel6_IRQHandler
                0x0000000008001e28                TIM2_IRQHandler
                0x0000000008001e28                EXTI1_IRQHandler
                0x0000000008001e28                DMA1_Channel2_IRQHandler
                0x0000000008001e28                CAN1_SCE_IRQHandler
                0x0000000008001e28                FLASH_IRQHandler
                0x0000000008001e28                SPI3_IRQHandler
                0x0000000008001e28                I2C1_ER_IRQHandler
                0x0000000008001e28                SWPMI1_IRQHandler
                0x0000000008001e28                LPTIM1_IRQHandler
                0x0000000008001e28                SAI1_IRQHandler
                0x0000000008001e28                DMA2_Channel3_IRQHandler
                0x0000000008001e28                TIM1_BRK_TIM15_IRQHandler
 .text.HAL_Init
                0x0000000008001e2a       0x30 ./Drivers/STM32L4xx_HAL_Driver/Src/stm32l4xx_hal.o
                0x0000000008001e2a                HAL_Init
 *fill*         0x0000000008001e5a        0x2 
 .text.HAL_InitTick
                0x0000000008001e5c       0x78 ./Drivers/STM32L4xx_HAL_Driver/Src/stm32l4xx_hal.o
                0x0000000008001e5c                HAL_InitTick
 .text.HAL_IncTick
                0x0000000008001ed4       0x28 ./Drivers/STM32L4xx_HAL_Driver/Src/stm32l4xx_hal.o
                0x0000000008001ed4                HAL_IncTick
 .text.HAL_GetTick
                0x0000000008001efc       0x18 ./Drivers/STM32L4xx_HAL_Driver/Src/stm32l4xx_hal.o
                0x0000000008001efc                HAL_GetTick
 .text.LL_ADC_SetCommonClock
                0x0000000008001f14       0x26 ./Drivers/STM32L4xx_HAL_Driver/Src/stm32l4xx_hal_adc.o
 .text.LL_ADC_SetCommonPathInternalCh
                0x0000000008001f3a       0x26 ./Drivers/STM32L4xx_HAL_Driver/Src/stm32l4xx_hal_adc.o
 .text.LL_ADC_GetCommonPathInternalCh
                0x0000000008001f60       0x1c ./Drivers/STM32L4xx_HAL_Driver/Src/stm32l4xx_hal_adc.o
 .text.LL_ADC_SetOffset
                0x0000000008001f7c       0x48 ./Drivers/STM32L4xx_HAL_Driver/Src/stm32l4xx_hal_adc.o
 .text.LL_ADC_GetOffsetChannel
                0x0000000008001fc4       0x2c ./Drivers/STM32L4xx_HAL_Driver/Src/stm32l4xx_hal_adc.o
 .text.LL_ADC_SetOffsetState
                0x0000000008001ff0       0x36 ./Drivers/STM32L4xx_HAL_Driver/Src/stm32l4xx_hal_adc.o
 .text.LL_ADC_REG_IsTriggerSourceSWStart
                0x0000000008002026       0x26 ./Drivers/STM32L4xx_HAL_Driver/Src/stm32l4xx_hal_adc.o
 .text.LL_ADC_REG_SetSequencerRanks
                0x000000000800204c       0x58 ./Drivers/STM32L4xx_HAL_Driver/Src/stm32l4xx_hal_adc.o
 .text.LL_ADC_INJ_IsTriggerSourceSWStart
                0x00000000080020a4       0x26 ./Drivers/STM32L4xx_HAL_Driver/Src/stm32l4xx_hal_adc.o
 .text.LL_ADC_SetChannelSamplingTime
                0x00000000080020ca       0x56 ./Drivers/STM32L4xx_HAL_Driver/Src/stm32l4xx_hal_adc.o
 .text.LL_ADC_SetChannelSingleDiff
                0x0000000008002120       0x48 ./Drivers/STM32L4xx_HAL_Driver/Src/stm32l4xx_hal_adc.o
 .text.LL_ADC_DisableDeepPowerDown
                0x0000000008002168       0x24 ./Drivers/STM32L4xx_HAL_Driver/Src/stm32l4xx_hal_adc.o
 .text.LL_ADC_IsDeepPowerDownEnabled
                0x000000000800218c       0x28 ./Drivers/STM32L4xx_HAL_Driver/Src/stm32l4xx_hal_adc.o
 .text.LL_ADC_EnableInternalRegulator
                0x00000000080021b4       0x28 ./Drivers/STM32L4xx_HAL_Driver/Src/stm32l4xx_hal_adc.o
 .text.LL_ADC_IsInternalRegulatorEnabled
                0x00000000080021dc       0x28 ./Drivers/STM32L4xx_HAL_Driver/Src/stm32l4xx_hal_adc.o
 .text.LL_ADC_Enable
                0x0000000008002204       0x28 ./Drivers/STM32L4xx_HAL_Driver/Src/stm32l4xx_hal_adc.o
 .text.LL_ADC_IsEnabled
                0x000000000800222c       0x26 ./Drivers/STM32L4xx_HAL_Driver/Src/stm32l4xx_hal_adc.o
 .text.LL_ADC_REG_StartConversion
                0x0000000008002252       0x28 ./Drivers/STM32L4xx_HAL_Driver/Src/stm32l4xx_hal_adc.o
 .text.LL_ADC_REG_IsConversionOngoing
                0x000000000800227a       0x26 ./Drivers/STM32L4xx_HAL_Driver/Src/stm32l4xx_hal_adc.o
 .text.LL_ADC_INJ_IsConversionOngoing
                0x00000000080022a0       0x26 ./Drivers/STM32L4xx_HAL_Driver/Src/stm32l4xx_hal_adc.o
 *fill*         0x00000000080022c6        0x2 
 .text.HAL_ADC_Init
                0x00000000080022c8      0x290 ./Drivers/STM32L4xx_HAL_Driver/Src/stm32l4xx_hal_adc.o
                0x00000000080022c8                HAL_ADC_Init
 .text.HAL_ADC_Start_IT
                0x0000000008002558      0x16a ./Drivers/STM32L4xx_HAL_Driver/Src/stm32l4xx_hal_adc.o
                0x0000000008002558                HAL_ADC_Start_IT
 .text.HAL_ADC_GetValue
                0x00000000080026c2       0x1a ./Drivers/STM32L4xx_HAL_Driver/Src/stm32l4xx_hal_adc.o
                0x00000000080026c2                HAL_ADC_GetValue
 .text.HAL_ADC_IRQHandler
                0x00000000080026dc      0x368 ./Drivers/STM32L4xx_HAL_Driver/Src/stm32l4xx_hal_adc.o
                0x00000000080026dc                HAL_ADC_IRQHandler
 .text.HAL_ADC_LevelOutOfWindowCallback
                0x0000000008002a44       0x14 ./Drivers/STM32L4xx_HAL_Driver/Src/stm32l4xx_hal_adc.o
                0x0000000008002a44                HAL_ADC_LevelOutOfWindowCallback
 .text.HAL_ADC_ErrorCallback
                0x0000000008002a58       0x14 ./Drivers/STM32L4xx_HAL_Driver/Src/stm32l4xx_hal_adc.o
                0x0000000008002a58                HAL_ADC_ErrorCallback
 .text.HAL_ADC_ConfigChannel
                0x0000000008002a6c      0x7c0 ./Drivers/STM32L4xx_HAL_Driver/Src/stm32l4xx_hal_adc.o
                0x0000000008002a6c                HAL_ADC_ConfigChannel
 .text.ADC_Enable
                0x000000000800322c       0xc4 ./Drivers/STM32L4xx_HAL_Driver/Src/stm32l4xx_hal_adc.o
                0x000000000800322c                ADC_Enable
 .text.HAL_ADCEx_InjectedConvCpltCallback
                0x00000000080032f0       0x14 ./Drivers/STM32L4xx_HAL_Driver/Src/stm32l4xx_hal_adc_ex.o
                0x00000000080032f0                HAL_ADCEx_InjectedConvCpltCallback
 .text.HAL_ADCEx_InjectedQueueOverflowCallback
                0x0000000008003304       0x14 ./Drivers/STM32L4xx_HAL_Driver/Src/stm32l4xx_hal_adc_ex.o
                0x0000000008003304                HAL_ADCEx_InjectedQueueOverflowCallback
 .text.HAL_ADCEx_LevelOutOfWindow2Callback
                0x0000000008003318       0x14 ./Drivers/STM32L4xx_HAL_Driver/Src/stm32l4xx_hal_adc_ex.o
                0x0000000008003318                HAL_ADCEx_LevelOutOfWindow2Callback
 .text.HAL_ADCEx_LevelOutOfWindow3Callback
                0x000000000800332c       0x14 ./Drivers/STM32L4xx_HAL_Driver/Src/stm32l4xx_hal_adc_ex.o
                0x000000000800332c                HAL_ADCEx_LevelOutOfWindow3Callback
 .text.HAL_ADCEx_EndOfSamplingCallback
                0x0000000008003340       0x14 ./Drivers/STM32L4xx_HAL_Driver/Src/stm32l4xx_hal_adc_ex.o
                0x0000000008003340                HAL_ADCEx_EndOfSamplingCallback
 .text.__NVIC_SetPriorityGrouping
                0x0000000008003354       0x48 ./Drivers/STM32L4xx_HAL_Driver/Src/stm32l4xx_hal_cortex.o
 .text.__NVIC_GetPriorityGrouping
                0x000000000800339c       0x1c ./Drivers/STM32L4xx_HAL_Driver/Src/stm32l4xx_hal_cortex.o
 .text.__NVIC_EnableIRQ
                0x00000000080033b8       0x3c ./Drivers/STM32L4xx_HAL_Driver/Src/stm32l4xx_hal_cortex.o
 .text.__NVIC_SetPriority
                0x00000000080033f4       0x54 ./Drivers/STM32L4xx_HAL_Driver/Src/stm32l4xx_hal_cortex.o
 .text.NVIC_EncodePriority
                0x0000000008003448       0x66 ./Drivers/STM32L4xx_HAL_Driver/Src/stm32l4xx_hal_cortex.o
 *fill*         0x00000000080034ae        0x2 
 .text.SysTick_Config
                0x00000000080034b0       0x44 ./Drivers/STM32L4xx_HAL_Driver/Src/stm32l4xx_hal_cortex.o
 .text.HAL_NVIC_SetPriorityGrouping
                0x00000000080034f4       0x16 ./Drivers/STM32L4xx_HAL_Driver/Src/stm32l4xx_hal_cortex.o
                0x00000000080034f4                HAL_NVIC_SetPriorityGrouping
 .text.HAL_NVIC_SetPriority
                0x000000000800350a       0x38 ./Drivers/STM32L4xx_HAL_Driver/Src/stm32l4xx_hal_cortex.o
                0x000000000800350a                HAL_NVIC_SetPriority
 .text.HAL_NVIC_EnableIRQ
                0x0000000008003542       0x1c ./Drivers/STM32L4xx_HAL_Driver/Src/stm32l4xx_hal_cortex.o
                0x0000000008003542                HAL_NVIC_EnableIRQ
 .text.HAL_SYSTICK_Config
                0x000000000800355e       0x18 ./Drivers/STM32L4xx_HAL_Driver/Src/stm32l4xx_hal_cortex.o
                0x000000000800355e                HAL_SYSTICK_Config
 *fill*         0x0000000008003576        0x2 
 .text.HAL_CRC_Init
                0x0000000008003578       0xc8 ./Drivers/STM32L4xx_HAL_Driver/Src/stm32l4xx_hal_crc.o
                0x0000000008003578                HAL_CRC_Init
 .text.HAL_CRC_Calculate
                0x0000000008003640       0x98 ./Drivers/STM32L4xx_HAL_Driver/Src/stm32l4xx_hal_crc.o
                0x0000000008003640                HAL_CRC_Calculate
 .text.CRC_Handle_8
                0x00000000080036d8      0x11c ./Drivers/STM32L4xx_HAL_Driver/Src/stm32l4xx_hal_crc.o
 .text.CRC_Handle_16
                0x00000000080037f4       0x74 ./Drivers/STM32L4xx_HAL_Driver/Src/stm32l4xx_hal_crc.o
 .text.HAL_CRCEx_Polynomial_Set
                0x0000000008003868      0x10c ./Drivers/STM32L4xx_HAL_Driver/Src/stm32l4xx_hal_crc_ex.o
                0x0000000008003868                HAL_CRCEx_Polynomial_Set
 .text.HAL_DMA_Init
                0x0000000008003974      0x170 ./Drivers/STM32L4xx_HAL_Driver/Src/stm32l4xx_hal_dma.o
                0x0000000008003974                HAL_DMA_Init
 .text.HAL_DMA_Start_IT
                0x0000000008003ae4       0xc0 ./Drivers/STM32L4xx_HAL_Driver/Src/stm32l4xx_hal_dma.o
                0x0000000008003ae4                HAL_DMA_Start_IT
 .text.HAL_DMA_Abort
                0x0000000008003ba4       0x7c ./Drivers/STM32L4xx_HAL_Driver/Src/stm32l4xx_hal_dma.o
                0x0000000008003ba4                HAL_DMA_Abort
 .text.HAL_DMA_Abort_IT
                0x0000000008003c20       0x82 ./Drivers/STM32L4xx_HAL_Driver/Src/stm32l4xx_hal_dma.o
                0x0000000008003c20                HAL_DMA_Abort_IT
 .text.HAL_DMA_IRQHandler
                0x0000000008003ca2      0x15e ./Drivers/STM32L4xx_HAL_Driver/Src/stm32l4xx_hal_dma.o
                0x0000000008003ca2                HAL_DMA_IRQHandler
 .text.DMA_SetConfig
                0x0000000008003e00       0x60 ./Drivers/STM32L4xx_HAL_Driver/Src/stm32l4xx_hal_dma.o
 .text.HAL_GPIO_Init
                0x0000000008003e60      0x2d4 ./Drivers/STM32L4xx_HAL_Driver/Src/stm32l4xx_hal_gpio.o
                0x0000000008003e60                HAL_GPIO_Init
 .text.HAL_GPIO_WritePin
                0x0000000008004134       0x30 ./Drivers/STM32L4xx_HAL_Driver/Src/stm32l4xx_hal_gpio.o
                0x0000000008004134                HAL_GPIO_WritePin
 .text.HAL_PWREx_GetVoltageRange
                0x0000000008004164       0x1c ./Drivers/STM32L4xx_HAL_Driver/Src/stm32l4xx_hal_pwr_ex.o
                0x0000000008004164                HAL_PWREx_GetVoltageRange
 .text.HAL_PWREx_ControlVoltageScaling
                0x0000000008004180       0xac ./Drivers/STM32L4xx_HAL_Driver/Src/stm32l4xx_hal_pwr_ex.o
                0x0000000008004180                HAL_PWREx_ControlVoltageScaling
 .text.HAL_RCC_OscConfig
                0x000000000800422c      0x840 ./Drivers/STM32L4xx_HAL_Driver/Src/stm32l4xx_hal_rcc.o
                0x000000000800422c                HAL_RCC_OscConfig
 .text.HAL_RCC_ClockConfig
                0x0000000008004a6c      0x1c4 ./Drivers/STM32L4xx_HAL_Driver/Src/stm32l4xx_hal_rcc.o
                0x0000000008004a6c                HAL_RCC_ClockConfig
 .text.HAL_RCC_GetSysClockFreq
                0x0000000008004c30      0x118 ./Drivers/STM32L4xx_HAL_Driver/Src/stm32l4xx_hal_rcc.o
                0x0000000008004c30                HAL_RCC_GetSysClockFreq
 .text.HAL_RCC_GetHCLKFreq
                0x0000000008004d48       0x18 ./Drivers/STM32L4xx_HAL_Driver/Src/stm32l4xx_hal_rcc.o
                0x0000000008004d48                HAL_RCC_GetHCLKFreq
 .text.HAL_RCC_GetPCLK1Freq
                0x0000000008004d60       0x2c ./Drivers/STM32L4xx_HAL_Driver/Src/stm32l4xx_hal_rcc.o
                0x0000000008004d60                HAL_RCC_GetPCLK1Freq
 .text.HAL_RCC_GetPCLK2Freq
                0x0000000008004d8c       0x2c ./Drivers/STM32L4xx_HAL_Driver/Src/stm32l4xx_hal_rcc.o
                0x0000000008004d8c                HAL_RCC_GetPCLK2Freq
 .text.RCC_SetFlashLatencyFromMSIRange
                0x0000000008004db8       0xc0 ./Drivers/STM32L4xx_HAL_Driver/Src/stm32l4xx_hal_rcc.o
 .text.HAL_RCCEx_PeriphCLKConfig
                0x0000000008004e78      0x3e8 ./Drivers/STM32L4xx_HAL_Driver/Src/stm32l4xx_hal_rcc_ex.o
                0x0000000008004e78                HAL_RCCEx_PeriphCLKConfig
 .text.RCCEx_PLLSAI1_Config
                0x0000000008005260      0x1e4 ./Drivers/STM32L4xx_HAL_Driver/Src/stm32l4xx_hal_rcc_ex.o
 .text.HAL_SPI_Init
                0x0000000008005444      0x146 ./Drivers/STM32L4xx_HAL_Driver/Src/stm32l4xx_hal_spi.o
                0x0000000008005444                HAL_SPI_Init
 *fill*         0x000000000800558a        0x2 
 .text.HAL_SPI_TransmitReceive_IT
                0x000000000800558c      0x160 ./Drivers/STM32L4xx_HAL_Driver/Src/stm32l4xx_hal_spi.o
                0x000000000800558c                HAL_SPI_TransmitReceive_IT
 .text.HAL_SPI_IRQHandler
                0x00000000080056ec      0x200 ./Drivers/STM32L4xx_HAL_Driver/Src/stm32l4xx_hal_spi.o
                0x00000000080056ec                HAL_SPI_IRQHandler
 .text.HAL_SPI_RxCpltCallback
                0x00000000080058ec       0x14 ./Drivers/STM32L4xx_HAL_Driver/Src/stm32l4xx_hal_spi.o
                0x00000000080058ec                HAL_SPI_RxCpltCallback
 .text.HAL_SPI_ErrorCallback
                0x0000000008005900       0x14 ./Drivers/STM32L4xx_HAL_Driver/Src/stm32l4xx_hal_spi.o
                0x0000000008005900                HAL_SPI_ErrorCallback
 .text.SPI_DMAAbortOnError
                0x0000000008005914       0x2a ./Drivers/STM32L4xx_HAL_Driver/Src/stm32l4xx_hal_spi.o
 .text.SPI_2linesRxISR_8BIT
                0x000000000800593e       0xbe ./Drivers/STM32L4xx_HAL_Driver/Src/stm32l4xx_hal_spi.o
 .text.SPI_2linesTxISR_8BIT
                0x00000000080059fc       0x92 ./Drivers/STM32L4xx_HAL_Driver/Src/stm32l4xx_hal_spi.o
 .text.SPI_2linesRxISR_16BIT
                0x0000000008005a8e       0x66 ./Drivers/STM32L4xx_HAL_Driver/Src/stm32l4xx_hal_spi.o
 .text.SPI_2linesTxISR_16BIT
                0x0000000008005af4       0x60 ./Drivers/STM32L4xx_HAL_Driver/Src/stm32l4xx_hal_spi.o
 .text.SPI_WaitFlagStateUntilTimeout
                0x0000000008005b54      0x110 ./Drivers/STM32L4xx_HAL_Driver/Src/stm32l4xx_hal_spi.o
 .text.SPI_WaitFifoStateUntilTimeout
                0x0000000008005c64      0x124 ./Drivers/STM32L4xx_HAL_Driver/Src/stm32l4xx_hal_spi.o
 .text.SPI_EndRxTxTransaction
                0x0000000008005d88       0x8c ./Drivers/STM32L4xx_HAL_Driver/Src/stm32l4xx_hal_spi.o
 .text.SPI_CloseRxTx_ISR
                0x0000000008005e14       0x84 ./Drivers/STM32L4xx_HAL_Driver/Src/stm32l4xx_hal_spi.o
 .text.HAL_TIM_Base_Start_IT
                0x0000000008005e98       0xa8 ./Drivers/STM32L4xx_HAL_Driver/Src/stm32l4xx_hal_tim.o
                0x0000000008005e98                HAL_TIM_Base_Start_IT
 .text.HAL_TIM_Base_Stop_IT
                0x0000000008005f40       0x5e ./Drivers/STM32L4xx_HAL_Driver/Src/stm32l4xx_hal_tim.o
                0x0000000008005f40                HAL_TIM_Base_Stop_IT
 .text.HAL_TIM_PWM_Init
                0x0000000008005f9e       0xae ./Drivers/STM32L4xx_HAL_Driver/Src/stm32l4xx_hal_tim.o
                0x0000000008005f9e                HAL_TIM_PWM_Init
 .text.HAL_TIM_PWM_Start_IT
                0x000000000800604c      0x248 ./Drivers/STM32L4xx_HAL_Driver/Src/stm32l4xx_hal_tim.o
                0x000000000800604c                HAL_TIM_PWM_Start_IT
 .text.HAL_TIM_PWM_Stop_IT
                0x0000000008006294      0x19c ./Drivers/STM32L4xx_HAL_Driver/Src/stm32l4xx_hal_tim.o
                0x0000000008006294                HAL_TIM_PWM_Stop_IT
 .text.HAL_TIM_IRQHandler
                0x0000000008006430      0x23e ./Drivers/STM32L4xx_HAL_Driver/Src/stm32l4xx_hal_tim.o
                0x0000000008006430                HAL_TIM_IRQHandler
 *fill*         0x000000000800666e        0x2 
 .text.HAL_TIM_PWM_ConfigChannel
                0x0000000008006670      0x220 ./Drivers/STM32L4xx_HAL_Driver/Src/stm32l4xx_hal_tim.o
                0x0000000008006670                HAL_TIM_PWM_ConfigChannel
 .text.HAL_TIM_OC_DelayElapsedCallback
                0x0000000008006890       0x14 ./Drivers/STM32L4xx_HAL_Driver/Src/stm32l4xx_hal_tim.o
                0x0000000008006890                HAL_TIM_OC_DelayElapsedCallback
 .text.HAL_TIM_IC_CaptureCallback
                0x00000000080068a4       0x14 ./Drivers/STM32L4xx_HAL_Driver/Src/stm32l4xx_hal_tim.o
                0x00000000080068a4                HAL_TIM_IC_CaptureCallback
 .text.HAL_TIM_PWM_PulseFinishedCallback
                0x00000000080068b8       0x14 ./Drivers/STM32L4xx_HAL_Driver/Src/stm32l4xx_hal_tim.o
                0x00000000080068b8                HAL_TIM_PWM_PulseFinishedCallback
 .text.HAL_TIM_TriggerCallback
                0x00000000080068cc       0x14 ./Drivers/STM32L4xx_HAL_Driver/Src/stm32l4xx_hal_tim.o
                0x00000000080068cc                HAL_TIM_TriggerCallback
 .text.TIM_Base_SetConfig
                0x00000000080068e0       0xc8 ./Drivers/STM32L4xx_HAL_Driver/Src/stm32l4xx_hal_tim.o
                0x00000000080068e0                TIM_Base_SetConfig
 .text.TIM_OC1_SetConfig
                0x00000000080069a8       0xf8 ./Drivers/STM32L4xx_HAL_Driver/Src/stm32l4xx_hal_tim.o
 .text.TIM_OC2_SetConfig
                0x0000000008006aa0       0xf4 ./Drivers/STM32L4xx_HAL_Driver/Src/stm32l4xx_hal_tim.o
                0x0000000008006aa0                TIM_OC2_SetConfig
 .text.TIM_OC3_SetConfig
                0x0000000008006b94       0xf0 ./Drivers/STM32L4xx_HAL_Driver/Src/stm32l4xx_hal_tim.o
 .text.TIM_OC4_SetConfig
                0x0000000008006c84       0xbc ./Drivers/STM32L4xx_HAL_Driver/Src/stm32l4xx_hal_tim.o
 .text.TIM_OC5_SetConfig
                0x0000000008006d40       0xb0 ./Drivers/STM32L4xx_HAL_Driver/Src/stm32l4xx_hal_tim.o
 .text.TIM_OC6_SetConfig
                0x0000000008006df0       0xb4 ./Drivers/STM32L4xx_HAL_Driver/Src/stm32l4xx_hal_tim.o
 .text.TIM_CCxChannelCmd
                0x0000000008006ea4       0x4a ./Drivers/STM32L4xx_HAL_Driver/Src/stm32l4xx_hal_tim.o
                0x0000000008006ea4                TIM_CCxChannelCmd
 *fill*         0x0000000008006eee        0x2 
 .text.HAL_TIMEx_PWMN_Start_IT
                0x0000000008006ef0      0x1a0 ./Drivers/STM32L4xx_HAL_Driver/Src/stm32l4xx_hal_tim_ex.o
                0x0000000008006ef0                HAL_TIMEx_PWMN_Start_IT
 .text.HAL_TIMEx_PWMN_Stop_IT
                0x0000000008007090      0x130 ./Drivers/STM32L4xx_HAL_Driver/Src/stm32l4xx_hal_tim_ex.o
                0x0000000008007090                HAL_TIMEx_PWMN_Stop_IT
 .text.HAL_TIMEx_MasterConfigSynchronization
                0x00000000080071c0       0xcc ./Drivers/STM32L4xx_HAL_Driver/Src/stm32l4xx_hal_tim_ex.o
                0x00000000080071c0                HAL_TIMEx_MasterConfigSynchronization
 .text.HAL_TIMEx_ConfigBreakDeadTime
                0x000000000800728c       0xf0 ./Drivers/STM32L4xx_HAL_Driver/Src/stm32l4xx_hal_tim_ex.o
                0x000000000800728c                HAL_TIMEx_ConfigBreakDeadTime
 .text.HAL_TIMEx_CommutCallback
                0x000000000800737c       0x14 ./Drivers/STM32L4xx_HAL_Driver/Src/stm32l4xx_hal_tim_ex.o
                0x000000000800737c                HAL_TIMEx_CommutCallback
 .text.HAL_TIMEx_BreakCallback
                0x0000000008007390       0x14 ./Drivers/STM32L4xx_HAL_Driver/Src/stm32l4xx_hal_tim_ex.o
                0x0000000008007390                HAL_TIMEx_BreakCallback
 .text.HAL_TIMEx_Break2Callback
                0x00000000080073a4       0x14 ./Drivers/STM32L4xx_HAL_Driver/Src/stm32l4xx_hal_tim_ex.o
                0x00000000080073a4                HAL_TIMEx_Break2Callback
 .text.TIM_CCxNChannelCmd
                0x00000000080073b8       0x4a ./Drivers/STM32L4xx_HAL_Driver/Src/stm32l4xx_hal_tim_ex.o
 .text.HAL_UART_Init
                0x0000000008007402       0x9c ./Drivers/STM32L4xx_HAL_Driver/Src/stm32l4xx_hal_uart.o
                0x0000000008007402                HAL_UART_Init
 *fill*         0x000000000800749e        0x2 
 .text.HAL_UART_Transmit_DMA
                0x00000000080074a0       0xfc ./Drivers/STM32L4xx_HAL_Driver/Src/stm32l4xx_hal_uart.o
                0x00000000080074a0                HAL_UART_Transmit_DMA
 .text.HAL_UART_Receive_DMA
                0x000000000800759c       0x88 ./Drivers/STM32L4xx_HAL_Driver/Src/stm32l4xx_hal_uart.o
                0x000000000800759c                HAL_UART_Receive_DMA
 .text.HAL_UART_IRQHandler
                0x0000000008007624      0x404 ./Drivers/STM32L4xx_HAL_Driver/Src/stm32l4xx_hal_uart.o
                0x0000000008007624                HAL_UART_IRQHandler
 .text.HAL_UART_TxHalfCpltCallback
                0x0000000008007a28       0x14 ./Drivers/STM32L4xx_HAL_Driver/Src/stm32l4xx_hal_uart.o
                0x0000000008007a28                HAL_UART_TxHalfCpltCallback
 .text.HAL_UART_RxCpltCallback
                0x0000000008007a3c       0x14 ./Drivers/STM32L4xx_HAL_Driver/Src/stm32l4xx_hal_uart.o
                0x0000000008007a3c                HAL_UART_RxCpltCallback
 .text.HAL_UART_RxHalfCpltCallback
                0x0000000008007a50       0x14 ./Drivers/STM32L4xx_HAL_Driver/Src/stm32l4xx_hal_uart.o
                0x0000000008007a50                HAL_UART_RxHalfCpltCallback
 .text.HAL_UARTEx_RxEventCallback
                0x0000000008007a64       0x18 ./Drivers/STM32L4xx_HAL_Driver/Src/stm32l4xx_hal_uart.o
                0x0000000008007a64                HAL_UARTEx_RxEventCallback
 .text.UART_SetConfig
                0x0000000008007a7c      0x418 ./Drivers/STM32L4xx_HAL_Driver/Src/stm32l4xx_hal_uart.o
                0x0000000008007a7c                UART_SetConfig
 .text.UART_AdvFeatureConfig
                0x0000000008007e94      0x144 ./Drivers/STM32L4xx_HAL_Driver/Src/stm32l4xx_hal_uart.o
                0x0000000008007e94                UART_AdvFeatureConfig
 .text.UART_CheckIdleState
                0x0000000008007fd8       0x92 ./Drivers/STM32L4xx_HAL_Driver/Src/stm32l4xx_hal_uart.o
                0x0000000008007fd8                UART_CheckIdleState
 .text.UART_WaitOnFlagUntilTimeout
                0x000000000800806a       0xf8 ./Drivers/STM32L4xx_HAL_Driver/Src/stm32l4xx_hal_uart.o
                0x000000000800806a                UART_WaitOnFlagUntilTimeout
 *fill*         0x0000000008008162        0x2 
 .text.UART_Start_Receive_DMA
                0x0000000008008164       0xd8 ./Drivers/STM32L4xx_HAL_Driver/Src/stm32l4xx_hal_uart.o
                0x0000000008008164                UART_Start_Receive_DMA
 .text.UART_EndTxTransfer
                0x000000000800823c       0x2a ./Drivers/STM32L4xx_HAL_Driver/Src/stm32l4xx_hal_uart.o
 .text.UART_EndRxTransfer
                0x0000000008008266       0x5e ./Drivers/STM32L4xx_HAL_Driver/Src/stm32l4xx_hal_uart.o
 .text.UART_DMATransmitCplt
                0x00000000080082c4       0x54 ./Drivers/STM32L4xx_HAL_Driver/Src/stm32l4xx_hal_uart.o
 .text.UART_DMATxHalfCplt
                0x0000000008008318       0x1c ./Drivers/STM32L4xx_HAL_Driver/Src/stm32l4xx_hal_uart.o
 .text.UART_DMAReceiveCplt
                0x0000000008008334       0x98 ./Drivers/STM32L4xx_HAL_Driver/Src/stm32l4xx_hal_uart.o
 .text.UART_DMARxHalfCplt
                0x00000000080083cc       0x38 ./Drivers/STM32L4xx_HAL_Driver/Src/stm32l4xx_hal_uart.o
 .text.UART_DMAError
                0x0000000008008404       0x7c ./Drivers/STM32L4xx_HAL_Driver/Src/stm32l4xx_hal_uart.o
 .text.UART_DMAAbortOnError
                0x0000000008008480       0x2c ./Drivers/STM32L4xx_HAL_Driver/Src/stm32l4xx_hal_uart.o
 .text.UART_EndTransmit_IT
                0x00000000080084ac       0x32 ./Drivers/STM32L4xx_HAL_Driver/Src/stm32l4xx_hal_uart.o
 .text.HAL_UARTEx_WakeupCallback
                0x00000000080084de       0x14 ./Drivers/STM32L4xx_HAL_Driver/Src/stm32l4xx_hal_uart_ex.o
                0x00000000080084de                HAL_UARTEx_WakeupCallback
 *fill*         0x00000000080084f2        0x2 
 .text.__libc_init_array
                0x00000000080084f4       0x48 c:/st/stm32cubeide_1.3.0/stm32cubeide/plugins/com.st.stm32cube.ide.mcu.externaltools.gnu-tools-for-stm32.9-2020-q2-update.win32_2.0.0.202105311346/tools/bin/../lib/gcc/arm-none-eabi/9.3.1/../../../../arm-none-eabi/lib/thumb/v7e-m+fp/hard\libc_nano.a(lib_a-init.o)
                0x00000000080084f4                __libc_init_array
 .text.memset   0x000000000800853c       0x10 c:/st/stm32cubeide_1.3.0/stm32cubeide/plugins/com.st.stm32cube.ide.mcu.externaltools.gnu-tools-for-stm32.9-2020-q2-update.win32_2.0.0.202105311346/tools/bin/../lib/gcc/arm-none-eabi/9.3.1/../../../../arm-none-eabi/lib/thumb/v7e-m+fp/hard\libc_nano.a(lib_a-memset.o)
                0x000000000800853c                memset
 *(.glue_7)
 .glue_7        0x000000000800854c        0x0 linker stubs
 *(.glue_7t)
 .glue_7t       0x000000000800854c        0x0 linker stubs
 *(.eh_frame)
 .eh_frame      0x000000000800854c        0x0 c:/st/stm32cubeide_1.3.0/stm32cubeide/plugins/com.st.stm32cube.ide.mcu.externaltools.gnu-tools-for-stm32.9-2020-q2-update.win32_2.0.0.202105311346/tools/bin/../lib/gcc/arm-none-eabi/9.3.1/thumb/v7e-m+fp/hard/crtbegin.o
 *(.init)
 .init          0x000000000800854c        0x4 c:/st/stm32cubeide_1.3.0/stm32cubeide/plugins/com.st.stm32cube.ide.mcu.externaltools.gnu-tools-for-stm32.9-2020-q2-update.win32_2.0.0.202105311346/tools/bin/../lib/gcc/arm-none-eabi/9.3.1/thumb/v7e-m+fp/hard/crti.o
                0x000000000800854c                _init
 .init          0x0000000008008550        0x8 c:/st/stm32cubeide_1.3.0/stm32cubeide/plugins/com.st.stm32cube.ide.mcu.externaltools.gnu-tools-for-stm32.9-2020-q2-update.win32_2.0.0.202105311346/tools/bin/../lib/gcc/arm-none-eabi/9.3.1/thumb/v7e-m+fp/hard/crtn.o
 *(.fini)
 .fini          0x0000000008008558        0x4 c:/st/stm32cubeide_1.3.0/stm32cubeide/plugins/com.st.stm32cube.ide.mcu.externaltools.gnu-tools-for-stm32.9-2020-q2-update.win32_2.0.0.202105311346/tools/bin/../lib/gcc/arm-none-eabi/9.3.1/thumb/v7e-m+fp/hard/crti.o
                0x0000000008008558                _fini
 .fini          0x000000000800855c        0x8 c:/st/stm32cubeide_1.3.0/stm32cubeide/plugins/com.st.stm32cube.ide.mcu.externaltools.gnu-tools-for-stm32.9-2020-q2-update.win32_2.0.0.202105311346/tools/bin/../lib/gcc/arm-none-eabi/9.3.1/thumb/v7e-m+fp/hard/crtn.o
                0x0000000008008564                . = ALIGN (0x4)
                0x0000000008008564                _etext = .

.vfp11_veneer   0x0000000008008564        0x0
 .vfp11_veneer  0x0000000008008564        0x0 linker stubs

.v4_bx          0x0000000008008564        0x0
 .v4_bx         0x0000000008008564        0x0 linker stubs

.iplt           0x0000000008008564        0x0
 .iplt          0x0000000008008564        0x0 c:/st/stm32cubeide_1.3.0/stm32cubeide/plugins/com.st.stm32cube.ide.mcu.externaltools.gnu-tools-for-stm32.9-2020-q2-update.win32_2.0.0.202105311346/tools/bin/../lib/gcc/arm-none-eabi/9.3.1/thumb/v7e-m+fp/hard/crtbegin.o

.rodata         0x0000000008008564       0x48
                0x0000000008008564                . = ALIGN (0x4)
 *(.rodata)
 *(.rodata*)
 .rodata.AHBPrescTable
                0x0000000008008564       0x10 ./Core/Src/system_stm32l4xx.o
                0x0000000008008564                AHBPrescTable
 .rodata.APBPrescTable
                0x0000000008008574        0x8 ./Core/Src/system_stm32l4xx.o
                0x0000000008008574                APBPrescTable
 .rodata.MSIRangeTable
                0x000000000800857c       0x30 ./Core/Src/system_stm32l4xx.o
                0x000000000800857c                MSIRangeTable
                0x00000000080085ac                . = ALIGN (0x4)

.ARM.extab      0x00000000080085ac        0x0
                0x00000000080085ac                . = ALIGN (0x4)
 *(.ARM.extab* .gnu.linkonce.armextab.*)
                0x00000000080085ac                . = ALIGN (0x4)

.ARM            0x00000000080085ac        0x8
                0x00000000080085ac                . = ALIGN (0x4)
                0x00000000080085ac                __exidx_start = .
 *(.ARM.exidx*)
 .ARM.exidx     0x00000000080085ac        0x8 c:/st/stm32cubeide_1.3.0/stm32cubeide/plugins/com.st.stm32cube.ide.mcu.externaltools.gnu-tools-for-stm32.9-2020-q2-update.win32_2.0.0.202105311346/tools/bin/../lib/gcc/arm-none-eabi/9.3.1/thumb/v7e-m+fp/hard\libgcc.a(_udivmoddi4.o)
                0x00000000080085b4                __exidx_end = .
                0x00000000080085b4                . = ALIGN (0x4)

.rel.dyn        0x00000000080085b4        0x0
 .rel.iplt      0x00000000080085b4        0x0 c:/st/stm32cubeide_1.3.0/stm32cubeide/plugins/com.st.stm32cube.ide.mcu.externaltools.gnu-tools-for-stm32.9-2020-q2-update.win32_2.0.0.202105311346/tools/bin/../lib/gcc/arm-none-eabi/9.3.1/thumb/v7e-m+fp/hard/crtbegin.o

.preinit_array  0x00000000080085b4        0x0
                0x00000000080085b4                . = ALIGN (0x4)
                0x00000000080085b4                PROVIDE (__preinit_array_start = .)
 *(.preinit_array*)
                0x00000000080085b4                PROVIDE (__preinit_array_end = .)
                0x00000000080085b4                . = ALIGN (0x4)

.init_array     0x00000000080085b4        0x4
                0x00000000080085b4                . = ALIGN (0x4)
                0x00000000080085b4                PROVIDE (__init_array_start = .)
 *(SORT_BY_NAME(.init_array.*))
 *(.init_array*)
 .init_array    0x00000000080085b4        0x4 c:/st/stm32cubeide_1.3.0/stm32cubeide/plugins/com.st.stm32cube.ide.mcu.externaltools.gnu-tools-for-stm32.9-2020-q2-update.win32_2.0.0.202105311346/tools/bin/../lib/gcc/arm-none-eabi/9.3.1/thumb/v7e-m+fp/hard/crtbegin.o
                0x00000000080085b8                PROVIDE (__init_array_end = .)
                0x00000000080085b8                . = ALIGN (0x4)

.fini_array     0x00000000080085b8        0x4
                0x00000000080085b8                . = ALIGN (0x4)
                [!provide]                        PROVIDE (__fini_array_start = .)
 *(SORT_BY_NAME(.fini_array.*))
 *(.fini_array*)
 .fini_array    0x00000000080085b8        0x4 c:/st/stm32cubeide_1.3.0/stm32cubeide/plugins/com.st.stm32cube.ide.mcu.externaltools.gnu-tools-for-stm32.9-2020-q2-update.win32_2.0.0.202105311346/tools/bin/../lib/gcc/arm-none-eabi/9.3.1/thumb/v7e-m+fp/hard/crtbegin.o
                [!provide]                        PROVIDE (__fini_array_end = .)
                0x00000000080085bc                . = ALIGN (0x4)
                0x00000000080085bc                _sidata = LOADADDR (.data)

.data           0x0000000020000000       0x24 load address 0x00000000080085bc
                0x0000000020000000                . = ALIGN (0x4)
                0x0000000020000000                _sdata = .
 *(.data)
 *(.data*)
 .data.ReadAngle
                0x0000000020000000        0x2 ./Core/Src/AS5048A.o
                0x0000000020000000                ReadAngle
 *fill*         0x0000000020000002        0x2 
 .data.ReadErrorFlagsAddress
                0x0000000020000004        0x2 ./Core/Src/AS5048A.o
                0x0000000020000004                ReadErrorFlagsAddress
 *fill*         0x0000000020000006        0x2 
 .data.AGCDiagnosticAddress
                0x0000000020000008        0x2 ./Core/Src/AS5048A.o
                0x0000000020000008                AGCDiagnosticAddress
 .data.OCF      0x000000002000000a        0x1 ./Core/Src/AS5048A.o
                0x000000002000000a                OCF
 *fill*         0x000000002000000b        0x1 
 .data.pJCUConfig
                0x000000002000000c        0x4 ./Core/Src/Motor_Driver.o
                0x000000002000000c                pJCUConfig
 .data.pJCUState
                0x0000000020000010        0x4 ./Core/Src/Motor_Driver.o
                0x0000000020000010                pJCUState
 .data.ModbusTimeout
                0x0000000020000014        0x4 ./Core/Src/main.o
                0x0000000020000014                ModbusTimeout
 .data.SystemCoreClock
                0x0000000020000018        0x4 ./Core/Src/system_stm32l4xx.o
                0x0000000020000018                SystemCoreClock
 .data.uwTickPrio
                0x000000002000001c        0x4 ./Drivers/STM32L4xx_HAL_Driver/Src/stm32l4xx_hal.o
                0x000000002000001c                uwTickPrio
 .data.uwTickFreq
                0x0000000020000020        0x1 ./Drivers/STM32L4xx_HAL_Driver/Src/stm32l4xx_hal.o
                0x0000000020000020                uwTickFreq
 *(.RamFunc)
 *(.RamFunc*)
                0x0000000020000024                . = ALIGN (0x4)
 *fill*         0x0000000020000021        0x3 
                0x0000000020000024                _edata = .

.igot.plt       0x0000000020000024        0x0 load address 0x00000000080085e0
 .igot.plt      0x0000000020000024        0x0 c:/st/stm32cubeide_1.3.0/stm32cubeide/plugins/com.st.stm32cube.ide.mcu.externaltools.gnu-tools-for-stm32.9-2020-q2-update.win32_2.0.0.202105311346/tools/bin/../lib/gcc/arm-none-eabi/9.3.1/thumb/v7e-m+fp/hard/crtbegin.o
                0x0000000020000024                . = ALIGN (0x4)

.bss            0x0000000020000024      0x490 load address 0x00000000080085e0
                0x0000000020000024                _sbss = .
                0x0000000020000024                __bss_start__ = _sbss
 *(.bss)
 .bss           0x0000000020000024       0x1c c:/st/stm32cubeide_1.3.0/stm32cubeide/plugins/com.st.stm32cube.ide.mcu.externaltools.gnu-tools-for-stm32.9-2020-q2-update.win32_2.0.0.202105311346/tools/bin/../lib/gcc/arm-none-eabi/9.3.1/thumb/v7e-m+fp/hard/crtbegin.o
 *(.bss*)
 .bss.Angle     0x0000000020000040        0x2 ./Core/Src/AS5048A.o
                0x0000000020000040                Angle
 *fill*         0x0000000020000042        0x2 
 .bss.AGCDiagnosticValue
                0x0000000020000044        0x2 ./Core/Src/AS5048A.o
                0x0000000020000044                AGCDiagnosticValue
 .bss.comp_high
                0x0000000020000046        0x1 ./Core/Src/AS5048A.o
                0x0000000020000046                comp_high
 .bss.comp_low  0x0000000020000047        0x1 ./Core/Src/AS5048A.o
                0x0000000020000047                comp_low
 .bss.COF       0x0000000020000048        0x1 ./Core/Src/AS5048A.o
                0x0000000020000048                COF
 *fill*         0x0000000020000049        0x3 
 .bss.RxData    0x000000002000004c       0x64 ./Core/Src/main.o
                0x000000002000004c                RxData
 .bss.TxData    0x00000000200000b0       0x64 ./Core/Src/main.o
                0x00000000200000b0                TxData
 *(COMMON)
 COMMON         0x0000000020000114       0x3c ./Core/Src/AS5048A.o
                0x0000000020000114                EncoderState
                0x0000000020000115                MotorState
                0x0000000020000116                temp
                0x0000000020000118                JCUState
                0x0000000020000124                JCUConfig
 COMMON         0x0000000020000150      0x360 ./Core/Src/main.o
                0x0000000020000150                hdma_usart2_rx
                0x0000000020000198                hcrc
                0x00000000200001bc                hdma_usart1_tx
                0x0000000020000204                hadc1
                0x0000000020000268                hdma_usart1_rx
                0x00000000200002b0                hdma_usart2_tx
                0x00000000200002f8                huart1
                0x000000002000037c                htim1
                0x00000000200003c8                hspi1
                0x000000002000042c                huart2
 COMMON         0x00000000200004b0        0x4 ./Drivers/STM32L4xx_HAL_Driver/Src/stm32l4xx_hal.o
                0x00000000200004b0                uwTick
                0x00000000200004b4                . = ALIGN (0x4)
                0x00000000200004b4                _ebss = .
                0x00000000200004b4                __bss_end__ = _ebss

._user_heap_stack
                0x00000000200004b4      0x604 load address 0x00000000080085e0
                0x00000000200004b8                . = ALIGN (0x8)
 *fill*         0x00000000200004b4        0x4 
                [!provide]                        PROVIDE (end = .)
                0x00000000200004b8                PROVIDE (_end = .)
                0x00000000200006b8                . = (. + _Min_Heap_Size)
 *fill*         0x00000000200004b8      0x200 
                0x0000000020000ab8                . = (. + _Min_Stack_Size)
 *fill*         0x00000000200006b8      0x400 
                0x0000000020000ab8                . = ALIGN (0x8)

/DISCARD/
 libc.a(*)
 libm.a(*)
 libgcc.a(*)

.ARM.attributes
                0x0000000000000000       0x30
 *(.ARM.attributes)
 .ARM.attributes
                0x0000000000000000       0x1e c:/st/stm32cubeide_1.3.0/stm32cubeide/plugins/com.st.stm32cube.ide.mcu.externaltools.gnu-tools-for-stm32.9-2020-q2-update.win32_2.0.0.202105311346/tools/bin/../lib/gcc/arm-none-eabi/9.3.1/thumb/v7e-m+fp/hard/crti.o
 .ARM.attributes
                0x000000000000001e       0x34 c:/st/stm32cubeide_1.3.0/stm32cubeide/plugins/com.st.stm32cube.ide.mcu.externaltools.gnu-tools-for-stm32.9-2020-q2-update.win32_2.0.0.202105311346/tools/bin/../lib/gcc/arm-none-eabi/9.3.1/thumb/v7e-m+fp/hard/crtbegin.o
 .ARM.attributes
                0x0000000000000052       0x34 ./Core/Src/AS5048A.o
 .ARM.attributes
                0x0000000000000086       0x34 ./Core/Src/MODBUS_RTU_Slave.o
 .ARM.attributes
                0x00000000000000ba       0x34 ./Core/Src/Motor_Driver.o
 .ARM.attributes
                0x00000000000000ee       0x34 ./Core/Src/main.o
 .ARM.attributes
                0x0000000000000122       0x34 ./Core/Src/stm32l4xx_hal_msp.o
 .ARM.attributes
                0x0000000000000156       0x34 ./Core/Src/stm32l4xx_it.o
 .ARM.attributes
                0x000000000000018a       0x34 ./Core/Src/system_stm32l4xx.o
 .ARM.attributes
                0x00000000000001be       0x21 ./Core/Startup/startup_stm32l432kcux.o
 .ARM.attributes
                0x00000000000001df       0x34 ./Drivers/STM32L4xx_HAL_Driver/Src/stm32l4xx_hal.o
 .ARM.attributes
                0x0000000000000213       0x34 ./Drivers/STM32L4xx_HAL_Driver/Src/stm32l4xx_hal_adc.o
 .ARM.attributes
                0x0000000000000247       0x34 ./Drivers/STM32L4xx_HAL_Driver/Src/stm32l4xx_hal_adc_ex.o
 .ARM.attributes
                0x000000000000027b       0x34 ./Drivers/STM32L4xx_HAL_Driver/Src/stm32l4xx_hal_cortex.o
 .ARM.attributes
                0x00000000000002af       0x34 ./Drivers/STM32L4xx_HAL_Driver/Src/stm32l4xx_hal_crc.o
 .ARM.attributes
                0x00000000000002e3       0x34 ./Drivers/STM32L4xx_HAL_Driver/Src/stm32l4xx_hal_crc_ex.o
 .ARM.attributes
                0x0000000000000317       0x34 ./Drivers/STM32L4xx_HAL_Driver/Src/stm32l4xx_hal_dma.o
 .ARM.attributes
                0x000000000000034b       0x34 ./Drivers/STM32L4xx_HAL_Driver/Src/stm32l4xx_hal_gpio.o
 .ARM.attributes
                0x000000000000037f       0x34 ./Drivers/STM32L4xx_HAL_Driver/Src/stm32l4xx_hal_pwr_ex.o
 .ARM.attributes
                0x00000000000003b3       0x34 ./Drivers/STM32L4xx_HAL_Driver/Src/stm32l4xx_hal_rcc.o
 .ARM.attributes
                0x00000000000003e7       0x34 ./Drivers/STM32L4xx_HAL_Driver/Src/stm32l4xx_hal_rcc_ex.o
 .ARM.attributes
                0x000000000000041b       0x34 ./Drivers/STM32L4xx_HAL_Driver/Src/stm32l4xx_hal_spi.o
 .ARM.attributes
                0x000000000000044f       0x34 ./Drivers/STM32L4xx_HAL_Driver/Src/stm32l4xx_hal_tim.o
 .ARM.attributes
                0x0000000000000483       0x34 ./Drivers/STM32L4xx_HAL_Driver/Src/stm32l4xx_hal_tim_ex.o
 .ARM.attributes
                0x00000000000004b7       0x34 ./Drivers/STM32L4xx_HAL_Driver/Src/stm32l4xx_hal_uart.o
 .ARM.attributes
                0x00000000000004eb       0x34 ./Drivers/STM32L4xx_HAL_Driver/Src/stm32l4xx_hal_uart_ex.o
 .ARM.attributes
                0x000000000000051f       0x34 c:/st/stm32cubeide_1.3.0/stm32cubeide/plugins/com.st.stm32cube.ide.mcu.externaltools.gnu-tools-for-stm32.9-2020-q2-update.win32_2.0.0.202105311346/tools/bin/../lib/gcc/arm-none-eabi/9.3.1/../../../../arm-none-eabi/lib/thumb/v7e-m+fp/hard\libc_nano.a(lib_a-init.o)
 .ARM.attributes
                0x0000000000000553       0x34 c:/st/stm32cubeide_1.3.0/stm32cubeide/plugins/com.st.stm32cube.ide.mcu.externaltools.gnu-tools-for-stm32.9-2020-q2-update.win32_2.0.0.202105311346/tools/bin/../lib/gcc/arm-none-eabi/9.3.1/../../../../arm-none-eabi/lib/thumb/v7e-m+fp/hard\libc_nano.a(lib_a-memset.o)
 .ARM.attributes
                0x0000000000000587       0x1e c:/st/stm32cubeide_1.3.0/stm32cubeide/plugins/com.st.stm32cube.ide.mcu.externaltools.gnu-tools-for-stm32.9-2020-q2-update.win32_2.0.0.202105311346/tools/bin/../lib/gcc/arm-none-eabi/9.3.1/thumb/v7e-m+fp/hard\libgcc.a(_aeabi_uldivmod.o)
 .ARM.attributes
                0x00000000000005a5       0x34 c:/st/stm32cubeide_1.3.0/stm32cubeide/plugins/com.st.stm32cube.ide.mcu.externaltools.gnu-tools-for-stm32.9-2020-q2-update.win32_2.0.0.202105311346/tools/bin/../lib/gcc/arm-none-eabi/9.3.1/thumb/v7e-m+fp/hard\libgcc.a(_udivmoddi4.o)
 .ARM.attributes
                0x00000000000005d9       0x1e c:/st/stm32cubeide_1.3.0/stm32cubeide/plugins/com.st.stm32cube.ide.mcu.externaltools.gnu-tools-for-stm32.9-2020-q2-update.win32_2.0.0.202105311346/tools/bin/../lib/gcc/arm-none-eabi/9.3.1/thumb/v7e-m+fp/hard\libgcc.a(_dvmd_tls.o)
 .ARM.attributes
                0x00000000000005f7       0x1e c:/st/stm32cubeide_1.3.0/stm32cubeide/plugins/com.st.stm32cube.ide.mcu.externaltools.gnu-tools-for-stm32.9-2020-q2-update.win32_2.0.0.202105311346/tools/bin/../lib/gcc/arm-none-eabi/9.3.1/thumb/v7e-m+fp/hard/crtn.o
OUTPUT(JCU.elf elf32-littlearm)
LOAD linker stubs
LOAD c:/st/stm32cubeide_1.3.0/stm32cubeide/plugins/com.st.stm32cube.ide.mcu.externaltools.gnu-tools-for-stm32.9-2020-q2-update.win32_2.0.0.202105311346/tools/bin/../lib/gcc/arm-none-eabi/9.3.1/../../../../arm-none-eabi/lib/thumb/v7e-m+fp/hard\libc.a
LOAD c:/st/stm32cubeide_1.3.0/stm32cubeide/plugins/com.st.stm32cube.ide.mcu.externaltools.gnu-tools-for-stm32.9-2020-q2-update.win32_2.0.0.202105311346/tools/bin/../lib/gcc/arm-none-eabi/9.3.1/../../../../arm-none-eabi/lib/thumb/v7e-m+fp/hard\libm.a
LOAD c:/st/stm32cubeide_1.3.0/stm32cubeide/plugins/com.st.stm32cube.ide.mcu.externaltools.gnu-tools-for-stm32.9-2020-q2-update.win32_2.0.0.202105311346/tools/bin/../lib/gcc/arm-none-eabi/9.3.1/thumb/v7e-m+fp/hard\libgcc.a

.debug_info     0x0000000000000000    0x1c288
 .debug_info    0x0000000000000000     0x147f ./Core/Src/AS5048A.o
 .debug_info    0x000000000000147f     0x19f0 ./Core/Src/MODBUS_RTU_Slave.o
 .debug_info    0x0000000000002e6f     0x12f1 ./Core/Src/Motor_Driver.o
 .debug_info    0x0000000000004160     0x22df ./Core/Src/main.o
 .debug_info    0x000000000000643f     0x1ea3 ./Core/Src/stm32l4xx_hal_msp.o
 .debug_info    0x00000000000082e2     0x1461 ./Core/Src/stm32l4xx_it.o
 .debug_info    0x0000000000009743      0x787 ./Core/Src/system_stm32l4xx.o
 .debug_info    0x0000000000009eca       0x22 ./Core/Startup/startup_stm32l432kcux.o
 .debug_info    0x0000000000009eec      0xb5e ./Drivers/STM32L4xx_HAL_Driver/Src/stm32l4xx_hal.o
 .debug_info    0x000000000000aa4a     0x1eab ./Drivers/STM32L4xx_HAL_Driver/Src/stm32l4xx_hal_adc.o
 .debug_info    0x000000000000c8f5     0x19f6 ./Drivers/STM32L4xx_HAL_Driver/Src/stm32l4xx_hal_adc_ex.o
 .debug_info    0x000000000000e2eb      0xfb0 ./Drivers/STM32L4xx_HAL_Driver/Src/stm32l4xx_hal_cortex.o
 .debug_info    0x000000000000f29b      0x75a ./Drivers/STM32L4xx_HAL_Driver/Src/stm32l4xx_hal_crc.o
 .debug_info    0x000000000000f9f5      0x58d ./Drivers/STM32L4xx_HAL_Driver/Src/stm32l4xx_hal_crc_ex.o
 .debug_info    0x000000000000ff82      0x973 ./Drivers/STM32L4xx_HAL_Driver/Src/stm32l4xx_hal_dma.o
 .debug_info    0x00000000000108f5      0xa5f ./Drivers/STM32L4xx_HAL_Driver/Src/stm32l4xx_hal_gpio.o
 .debug_info    0x0000000000011354      0xb7b ./Drivers/STM32L4xx_HAL_Driver/Src/stm32l4xx_hal_pwr_ex.o
 .debug_info    0x0000000000011ecf      0xdb5 ./Drivers/STM32L4xx_HAL_Driver/Src/stm32l4xx_hal_rcc.o
 .debug_info    0x0000000000012c84     0x1108 ./Drivers/STM32L4xx_HAL_Driver/Src/stm32l4xx_hal_rcc_ex.o
 .debug_info    0x0000000000013d8c     0x18f8 ./Drivers/STM32L4xx_HAL_Driver/Src/stm32l4xx_hal_spi.o
 .debug_info    0x0000000000015684     0x2cb9 ./Drivers/STM32L4xx_HAL_Driver/Src/stm32l4xx_hal_tim.o
 .debug_info    0x000000000001833d     0x1813 ./Drivers/STM32L4xx_HAL_Driver/Src/stm32l4xx_hal_tim_ex.o
 .debug_info    0x0000000000019b50     0x1ad1 ./Drivers/STM32L4xx_HAL_Driver/Src/stm32l4xx_hal_uart.o
 .debug_info    0x000000000001b621      0xc67 ./Drivers/STM32L4xx_HAL_Driver/Src/stm32l4xx_hal_uart_ex.o

.debug_abbrev   0x0000000000000000     0x318b
 .debug_abbrev  0x0000000000000000      0x209 ./Core/Src/AS5048A.o
 .debug_abbrev  0x0000000000000209      0x20b ./Core/Src/MODBUS_RTU_Slave.o
 .debug_abbrev  0x0000000000000414      0x180 ./Core/Src/Motor_Driver.o
 .debug_abbrev  0x0000000000000594      0x2aa ./Core/Src/main.o
 .debug_abbrev  0x000000000000083e      0x222 ./Core/Src/stm32l4xx_hal_msp.o
 .debug_abbrev  0x0000000000000a60      0x1a1 ./Core/Src/stm32l4xx_it.o
 .debug_abbrev  0x0000000000000c01      0x165 ./Core/Src/system_stm32l4xx.o
 .debug_abbrev  0x0000000000000d66       0x12 ./Core/Startup/startup_stm32l432kcux.o
 .debug_abbrev  0x0000000000000d78      0x20b ./Drivers/STM32L4xx_HAL_Driver/Src/stm32l4xx_hal.o
 .debug_abbrev  0x0000000000000f83      0x288 ./Drivers/STM32L4xx_HAL_Driver/Src/stm32l4xx_hal_adc.o
 .debug_abbrev  0x000000000000120b      0x2ac ./Drivers/STM32L4xx_HAL_Driver/Src/stm32l4xx_hal_adc_ex.o
 .debug_abbrev  0x00000000000014b7      0x33c ./Drivers/STM32L4xx_HAL_Driver/Src/stm32l4xx_hal_cortex.o
 .debug_abbrev  0x00000000000017f3      0x1f9 ./Drivers/STM32L4xx_HAL_Driver/Src/stm32l4xx_hal_crc.o
 .debug_abbrev  0x00000000000019ec      0x185 ./Drivers/STM32L4xx_HAL_Driver/Src/stm32l4xx_hal_crc_ex.o
 .debug_abbrev  0x0000000000001b71      0x201 ./Drivers/STM32L4xx_HAL_Driver/Src/stm32l4xx_hal_dma.o
 .debug_abbrev  0x0000000000001d72      0x1e8 ./Drivers/STM32L4xx_HAL_Driver/Src/stm32l4xx_hal_gpio.o
 .debug_abbrev  0x0000000000001f5a      0x1f3 ./Drivers/STM32L4xx_HAL_Driver/Src/stm32l4xx_hal_pwr_ex.o
 .debug_abbrev  0x000000000000214d      0x275 ./Drivers/STM32L4xx_HAL_Driver/Src/stm32l4xx_hal_rcc.o
 .debug_abbrev  0x00000000000023c2      0x268 ./Drivers/STM32L4xx_HAL_Driver/Src/stm32l4xx_hal_rcc_ex.o
 .debug_abbrev  0x000000000000262a      0x254 ./Drivers/STM32L4xx_HAL_Driver/Src/stm32l4xx_hal_spi.o
 .debug_abbrev  0x000000000000287e      0x25e ./Drivers/STM32L4xx_HAL_Driver/Src/stm32l4xx_hal_tim.o
 .debug_abbrev  0x0000000000002adc      0x266 ./Drivers/STM32L4xx_HAL_Driver/Src/stm32l4xx_hal_tim_ex.o
 .debug_abbrev  0x0000000000002d42      0x23f ./Drivers/STM32L4xx_HAL_Driver/Src/stm32l4xx_hal_uart.o
 .debug_abbrev  0x0000000000002f81      0x20a ./Drivers/STM32L4xx_HAL_Driver/Src/stm32l4xx_hal_uart_ex.o

.debug_aranges  0x0000000000000000     0x1638
 .debug_aranges
                0x0000000000000000       0x48 ./Core/Src/AS5048A.o
 .debug_aranges
                0x0000000000000048       0x28 ./Core/Src/MODBUS_RTU_Slave.o
 .debug_aranges
                0x0000000000000070       0x40 ./Core/Src/Motor_Driver.o
 .debug_aranges
                0x00000000000000b0       0x98 ./Core/Src/main.o
 .debug_aranges
                0x0000000000000148       0x78 ./Core/Src/stm32l4xx_hal_msp.o
 .debug_aranges
                0x00000000000001c0       0xa8 ./Core/Src/stm32l4xx_it.o
 .debug_aranges
                0x0000000000000268       0x28 ./Core/Src/system_stm32l4xx.o
 .debug_aranges
                0x0000000000000290       0x28 ./Core/Startup/startup_stm32l432kcux.o
 .debug_aranges
                0x00000000000002b8      0x108 ./Drivers/STM32L4xx_HAL_Driver/Src/stm32l4xx_hal.o
 .debug_aranges
                0x00000000000003c0      0x210 ./Drivers/STM32L4xx_HAL_Driver/Src/stm32l4xx_hal_adc.o
 .debug_aranges
                0x00000000000005d0      0x170 ./Drivers/STM32L4xx_HAL_Driver/Src/stm32l4xx_hal_adc_ex.o
 .debug_aranges
                0x0000000000000740      0x118 ./Drivers/STM32L4xx_HAL_Driver/Src/stm32l4xx_hal_cortex.o
 .debug_aranges
                0x0000000000000858       0x60 ./Drivers/STM32L4xx_HAL_Driver/Src/stm32l4xx_hal_crc.o
 .debug_aranges
                0x00000000000008b8       0x30 ./Drivers/STM32L4xx_HAL_Driver/Src/stm32l4xx_hal_crc_ex.o
 .debug_aranges
                0x00000000000008e8       0x80 ./Drivers/STM32L4xx_HAL_Driver/Src/stm32l4xx_hal_dma.o
 .debug_aranges
                0x0000000000000968       0x58 ./Drivers/STM32L4xx_HAL_Driver/Src/stm32l4xx_hal_gpio.o
 .debug_aranges
                0x00000000000009c0      0x128 ./Drivers/STM32L4xx_HAL_Driver/Src/stm32l4xx_hal_pwr_ex.o
 .debug_aranges
                0x0000000000000ae8       0x88 ./Drivers/STM32L4xx_HAL_Driver/Src/stm32l4xx_hal_rcc.o
 .debug_aranges
                0x0000000000000b70       0xf0 ./Drivers/STM32L4xx_HAL_Driver/Src/stm32l4xx_hal_rcc_ex.o
 .debug_aranges
                0x0000000000000c60      0x1d8 ./Drivers/STM32L4xx_HAL_Driver/Src/stm32l4xx_hal_spi.o
 .debug_aranges
                0x0000000000000e38      0x3e0 ./Drivers/STM32L4xx_HAL_Driver/Src/stm32l4xx_hal_tim.o
 .debug_aranges
                0x0000000000001218      0x180 ./Drivers/STM32L4xx_HAL_Driver/Src/stm32l4xx_hal_tim_ex.o
 .debug_aranges
                0x0000000000001398      0x228 ./Drivers/STM32L4xx_HAL_Driver/Src/stm32l4xx_hal_uart.o
 .debug_aranges
                0x00000000000015c0       0x78 ./Drivers/STM32L4xx_HAL_Driver/Src/stm32l4xx_hal_uart_ex.o

.debug_ranges   0x0000000000000000     0x1508
 .debug_ranges  0x0000000000000000       0x38 ./Core/Src/AS5048A.o
 .debug_ranges  0x0000000000000038       0x18 ./Core/Src/MODBUS_RTU_Slave.o
 .debug_ranges  0x0000000000000050       0x30 ./Core/Src/Motor_Driver.o
 .debug_ranges  0x0000000000000080       0xa0 ./Core/Src/main.o
 .debug_ranges  0x0000000000000120       0x68 ./Core/Src/stm32l4xx_hal_msp.o
 .debug_ranges  0x0000000000000188       0x98 ./Core/Src/stm32l4xx_it.o
 .debug_ranges  0x0000000000000220       0x18 ./Core/Src/system_stm32l4xx.o
 .debug_ranges  0x0000000000000238       0x20 ./Core/Startup/startup_stm32l432kcux.o
 .debug_ranges  0x0000000000000258       0xf8 ./Drivers/STM32L4xx_HAL_Driver/Src/stm32l4xx_hal.o
 .debug_ranges  0x0000000000000350      0x200 ./Drivers/STM32L4xx_HAL_Driver/Src/stm32l4xx_hal_adc.o
 .debug_ranges  0x0000000000000550      0x160 ./Drivers/STM32L4xx_HAL_Driver/Src/stm32l4xx_hal_adc_ex.o
 .debug_ranges  0x00000000000006b0      0x108 ./Drivers/STM32L4xx_HAL_Driver/Src/stm32l4xx_hal_cortex.o
 .debug_ranges  0x00000000000007b8       0x50 ./Drivers/STM32L4xx_HAL_Driver/Src/stm32l4xx_hal_crc.o
 .debug_ranges  0x0000000000000808       0x20 ./Drivers/STM32L4xx_HAL_Driver/Src/stm32l4xx_hal_crc_ex.o
 .debug_ranges  0x0000000000000828       0x70 ./Drivers/STM32L4xx_HAL_Driver/Src/stm32l4xx_hal_dma.o
 .debug_ranges  0x0000000000000898       0x48 ./Drivers/STM32L4xx_HAL_Driver/Src/stm32l4xx_hal_gpio.o
 .debug_ranges  0x00000000000008e0      0x118 ./Drivers/STM32L4xx_HAL_Driver/Src/stm32l4xx_hal_pwr_ex.o
 .debug_ranges  0x00000000000009f8       0x78 ./Drivers/STM32L4xx_HAL_Driver/Src/stm32l4xx_hal_rcc.o
 .debug_ranges  0x0000000000000a70       0xe0 ./Drivers/STM32L4xx_HAL_Driver/Src/stm32l4xx_hal_rcc_ex.o
 .debug_ranges  0x0000000000000b50      0x1c8 ./Drivers/STM32L4xx_HAL_Driver/Src/stm32l4xx_hal_spi.o
 .debug_ranges  0x0000000000000d18      0x3d0 ./Drivers/STM32L4xx_HAL_Driver/Src/stm32l4xx_hal_tim.o
 .debug_ranges  0x00000000000010e8      0x170 ./Drivers/STM32L4xx_HAL_Driver/Src/stm32l4xx_hal_tim_ex.o
 .debug_ranges  0x0000000000001258      0x248 ./Drivers/STM32L4xx_HAL_Driver/Src/stm32l4xx_hal_uart.o
 .debug_ranges  0x00000000000014a0       0x68 ./Drivers/STM32L4xx_HAL_Driver/Src/stm32l4xx_hal_uart_ex.o

.debug_macro    0x0000000000000000    0x235fb
 .debug_macro   0x0000000000000000      0x25f ./Core/Src/AS5048A.o
 .debug_macro   0x000000000000025f      0xaa8 ./Core/Src/AS5048A.o
 .debug_macro   0x0000000000000d07      0x1bf ./Core/Src/AS5048A.o
 .debug_macro   0x0000000000000ec6       0x2e ./Core/Src/AS5048A.o
 .debug_macro   0x0000000000000ef4       0x28 ./Core/Src/AS5048A.o
 .debug_macro   0x0000000000000f1c       0x22 ./Core/Src/AS5048A.o
 .debug_macro   0x0000000000000f3e       0x8e ./Core/Src/AS5048A.o
 .debug_macro   0x0000000000000fcc       0x51 ./Core/Src/AS5048A.o
 .debug_macro   0x000000000000101d      0x103 ./Core/Src/AS5048A.o
 .debug_macro   0x0000000000001120       0x6a ./Core/Src/AS5048A.o
 .debug_macro   0x000000000000118a      0x1df ./Core/Src/AS5048A.o
 .debug_macro   0x0000000000001369       0x1c ./Core/Src/AS5048A.o
 .debug_macro   0x0000000000001385       0x22 ./Core/Src/AS5048A.o
 .debug_macro   0x00000000000013a7      0x101 ./Core/Src/AS5048A.o
 .debug_macro   0x00000000000014a8     0x1011 ./Core/Src/AS5048A.o
 .debug_macro   0x00000000000024b9      0x11f ./Core/Src/AS5048A.o
 .debug_macro   0x00000000000025d8    0x1479f ./Core/Src/AS5048A.o
 .debug_macro   0x0000000000016d77       0x43 ./Core/Src/AS5048A.o
 .debug_macro   0x0000000000016dba     0x3897 ./Core/Src/AS5048A.o
 .debug_macro   0x000000000001a651      0x174 ./Core/Src/AS5048A.o
 .debug_macro   0x000000000001a7c5       0x5c ./Core/Src/AS5048A.o
 .debug_macro   0x000000000001a821     0x118b ./Core/Src/AS5048A.o
 .debug_macro   0x000000000001b9ac      0x535 ./Core/Src/AS5048A.o
 .debug_macro   0x000000000001bee1      0x13d ./Core/Src/AS5048A.o
 .debug_macro   0x000000000001c01e      0x122 ./Core/Src/AS5048A.o
 .debug_macro   0x000000000001c140      0x26b ./Core/Src/AS5048A.o
 .debug_macro   0x000000000001c3ab      0x23d ./Core/Src/AS5048A.o
 .debug_macro   0x000000000001c5e8      0xdd8 ./Core/Src/AS5048A.o
 .debug_macro   0x000000000001d3c0      0x61d ./Core/Src/AS5048A.o
 .debug_macro   0x000000000001d9dd      0x241 ./Core/Src/AS5048A.o
 .debug_macro   0x000000000001dc1e       0xd5 ./Core/Src/AS5048A.o
 .debug_macro   0x000000000001dcf3       0x4c ./Core/Src/AS5048A.o
 .debug_macro   0x000000000001dd3f      0x241 ./Core/Src/AS5048A.o
 .debug_macro   0x000000000001df80      0x375 ./Core/Src/AS5048A.o
 .debug_macro   0x000000000001e2f5       0xd6 ./Core/Src/AS5048A.o
 .debug_macro   0x000000000001e3cb      0x22c ./Core/Src/AS5048A.o
 .debug_macro   0x000000000001e5f7       0x61 ./Core/Src/AS5048A.o
 .debug_macro   0x000000000001e658       0xa5 ./Core/Src/AS5048A.o
 .debug_macro   0x000000000001e6fd      0x122 ./Core/Src/AS5048A.o
 .debug_macro   0x000000000001e81f      0x357 ./Core/Src/AS5048A.o
 .debug_macro   0x000000000001eb76      0x2fe ./Core/Src/AS5048A.o
 .debug_macro   0x000000000001ee74      0xa75 ./Core/Src/AS5048A.o
 .debug_macro   0x000000000001f8e9      0x12e ./Core/Src/AS5048A.o
 .debug_macro   0x000000000001fa17      0x5ba ./Core/Src/AS5048A.o
 .debug_macro   0x000000000001ffd1       0x44 ./Core/Src/AS5048A.o
 .debug_macro   0x0000000000020015      0x221 ./Core/Src/AS5048A.o
 .debug_macro   0x0000000000020236       0x82 ./Core/Src/AS5048A.o
 .debug_macro   0x00000000000202b8       0x22 ./Core/Src/AS5048A.o
 .debug_macro   0x00000000000202da       0x40 ./Core/Src/AS5048A.o
 .debug_macro   0x000000000002031a       0x70 ./Core/Src/AS5048A.o
 .debug_macro   0x000000000002038a      0x26a ./Core/Src/MODBUS_RTU_Slave.o
 .debug_macro   0x00000000000205f4       0xdc ./Core/Src/MODBUS_RTU_Slave.o
 .debug_macro   0x00000000000206d0      0x25b ./Core/Src/Motor_Driver.o
 .debug_macro   0x000000000002092b      0x269 ./Core/Src/main.o
 .debug_macro   0x0000000000020b94      0x234 ./Core/Src/stm32l4xx_hal_msp.o
 .debug_macro   0x0000000000020dc8      0x23e ./Core/Src/stm32l4xx_it.o
 .debug_macro   0x0000000000021006      0x225 ./Core/Src/system_stm32l4xx.o
 .debug_macro   0x000000000002122b      0x26d ./Drivers/STM32L4xx_HAL_Driver/Src/stm32l4xx_hal.o
 .debug_macro   0x0000000000021498      0x242 ./Drivers/STM32L4xx_HAL_Driver/Src/stm32l4xx_hal_adc.o
 .debug_macro   0x00000000000216da      0x231 ./Drivers/STM32L4xx_HAL_Driver/Src/stm32l4xx_hal_adc_ex.o
 .debug_macro   0x000000000002190b      0x225 ./Drivers/STM32L4xx_HAL_Driver/Src/stm32l4xx_hal_cortex.o
 .debug_macro   0x0000000000021b30      0x225 ./Drivers/STM32L4xx_HAL_Driver/Src/stm32l4xx_hal_crc.o
 .debug_macro   0x0000000000021d55      0x225 ./Drivers/STM32L4xx_HAL_Driver/Src/stm32l4xx_hal_crc_ex.o
 .debug_macro   0x0000000000021f7a      0x225 ./Drivers/STM32L4xx_HAL_Driver/Src/stm32l4xx_hal_dma.o
 .debug_macro   0x000000000002219f      0x264 ./Drivers/STM32L4xx_HAL_Driver/Src/stm32l4xx_hal_gpio.o
 .debug_macro   0x0000000000022403      0x249 ./Drivers/STM32L4xx_HAL_Driver/Src/stm32l4xx_hal_pwr_ex.o
 .debug_macro   0x000000000002264c      0x267 ./Drivers/STM32L4xx_HAL_Driver/Src/stm32l4xx_hal_rcc.o
 .debug_macro   0x00000000000228b3      0x25b ./Drivers/STM32L4xx_HAL_Driver/Src/stm32l4xx_hal_rcc_ex.o
 .debug_macro   0x0000000000022b0e      0x22d ./Drivers/STM32L4xx_HAL_Driver/Src/stm32l4xx_hal_spi.o
 .debug_macro   0x0000000000022d3b      0x226 ./Drivers/STM32L4xx_HAL_Driver/Src/stm32l4xx_hal_tim.o
 .debug_macro   0x0000000000022f61      0x225 ./Drivers/STM32L4xx_HAL_Driver/Src/stm32l4xx_hal_tim_ex.o
 .debug_macro   0x0000000000023186      0x250 ./Drivers/STM32L4xx_HAL_Driver/Src/stm32l4xx_hal_uart.o
 .debug_macro   0x00000000000233d6      0x225 ./Drivers/STM32L4xx_HAL_Driver/Src/stm32l4xx_hal_uart_ex.o

.debug_line     0x0000000000000000    0x18a55
 .debug_line    0x0000000000000000      0x93e ./Core/Src/AS5048A.o
 .debug_line    0x000000000000093e      0xb3d ./Core/Src/MODBUS_RTU_Slave.o
 .debug_line    0x000000000000147b      0x883 ./Core/Src/Motor_Driver.o
 .debug_line    0x0000000000001cfe      0xbaf ./Core/Src/main.o
 .debug_line    0x00000000000028ad      0xa5e ./Core/Src/stm32l4xx_hal_msp.o
 .debug_line    0x000000000000330b      0x93f ./Core/Src/stm32l4xx_it.o
 .debug_line    0x0000000000003c4a      0x852 ./Core/Src/system_stm32l4xx.o
 .debug_line    0x000000000000449c       0x87 ./Core/Startup/startup_stm32l432kcux.o
 .debug_line    0x0000000000004523      0xafe ./Drivers/STM32L4xx_HAL_Driver/Src/stm32l4xx_hal.o
 .debug_line    0x0000000000005021     0x1c70 ./Drivers/STM32L4xx_HAL_Driver/Src/stm32l4xx_hal_adc.o
 .debug_line    0x0000000000006c91     0x1516 ./Drivers/STM32L4xx_HAL_Driver/Src/stm32l4xx_hal_adc_ex.o
 .debug_line    0x00000000000081a7      0xd38 ./Drivers/STM32L4xx_HAL_Driver/Src/stm32l4xx_hal_cortex.o
 .debug_line    0x0000000000008edf      0xae2 ./Drivers/STM32L4xx_HAL_Driver/Src/stm32l4xx_hal_crc.o
 .debug_line    0x00000000000099c1      0x854 ./Drivers/STM32L4xx_HAL_Driver/Src/stm32l4xx_hal_crc_ex.o
 .debug_line    0x000000000000a215      0xd70 ./Drivers/STM32L4xx_HAL_Driver/Src/stm32l4xx_hal_dma.o
 .debug_line    0x000000000000af85      0xb8c ./Drivers/STM32L4xx_HAL_Driver/Src/stm32l4xx_hal_gpio.o
 .debug_line    0x000000000000bb11      0xc84 ./Drivers/STM32L4xx_HAL_Driver/Src/stm32l4xx_hal_pwr_ex.o
 .debug_line    0x000000000000c795     0x1017 ./Drivers/STM32L4xx_HAL_Driver/Src/stm32l4xx_hal_rcc.o
 .debug_line    0x000000000000d7ac     0x1363 ./Drivers/STM32L4xx_HAL_Driver/Src/stm32l4xx_hal_rcc_ex.o
 .debug_line    0x000000000000eb0f     0x1fba ./Drivers/STM32L4xx_HAL_Driver/Src/stm32l4xx_hal_spi.o
 .debug_line    0x0000000000010ac9     0x3aec ./Drivers/STM32L4xx_HAL_Driver/Src/stm32l4xx_hal_tim.o
 .debug_line    0x00000000000145b5     0x1b6d ./Drivers/STM32L4xx_HAL_Driver/Src/stm32l4xx_hal_tim_ex.o
 .debug_line    0x0000000000016122     0x1db5 ./Drivers/STM32L4xx_HAL_Driver/Src/stm32l4xx_hal_uart.o
 .debug_line    0x0000000000017ed7      0xb7e ./Drivers/STM32L4xx_HAL_Driver/Src/stm32l4xx_hal_uart_ex.o

.debug_str      0x0000000000000000    0xdbbfe
 .debug_str     0x0000000000000000    0xd57c8 ./Core/Src/AS5048A.o
                                      0xd5e3b (size before relaxing)
 .debug_str     0x00000000000d57c8      0x88e ./Core/Src/MODBUS_RTU_Slave.o
                                      0xd659e (size before relaxing)
 .debug_str     0x00000000000d6056       0x5b ./Core/Src/Motor_Driver.o
                                      0xd5d4e (size before relaxing)
 .debug_str     0x00000000000d60b1      0x910 ./Core/Src/main.o
                                      0xd69d2 (size before relaxing)
 .debug_str     0x00000000000d69c1      0x29b ./Core/Src/stm32l4xx_hal_msp.o
                                      0xd60fd (size before relaxing)
 .debug_str     0x00000000000d6c5c      0x16e ./Core/Src/stm32l4xx_it.o
                                      0xd5949 (size before relaxing)
 .debug_str     0x00000000000d6dca       0xb8 ./Core/Src/system_stm32l4xx.o
                                      0xd4c4a (size before relaxing)
 .debug_str     0x00000000000d6e82       0x36 ./Core/Startup/startup_stm32l432kcux.o
                                         0x73 (size before relaxing)
 .debug_str     0x00000000000d6eb8      0x4d4 ./Drivers/STM32L4xx_HAL_Driver/Src/stm32l4xx_hal.o
                                      0xd5543 (size before relaxing)
 .debug_str     0x00000000000d738c      0x97a ./Drivers/STM32L4xx_HAL_Driver/Src/stm32l4xx_hal_adc.o
                                      0xd595a (size before relaxing)
 .debug_str     0x00000000000d7d06      0x614 ./Drivers/STM32L4xx_HAL_Driver/Src/stm32l4xx_hal_adc_ex.o
                                      0xd5801 (size before relaxing)
 .debug_str     0x00000000000d831a      0x389 ./Drivers/STM32L4xx_HAL_Driver/Src/stm32l4xx_hal_cortex.o
                                      0xd53a0 (size before relaxing)
 .debug_str     0x00000000000d86a3       0xba ./Drivers/STM32L4xx_HAL_Driver/Src/stm32l4xx_hal_crc.o
                                      0xd4cf8 (size before relaxing)
 .debug_str     0x00000000000d875d       0x82 ./Drivers/STM32L4xx_HAL_Driver/Src/stm32l4xx_hal_crc_ex.o
                                      0xd4ccb (size before relaxing)
 .debug_str     0x00000000000d87df      0x253 ./Drivers/STM32L4xx_HAL_Driver/Src/stm32l4xx_hal_dma.o
                                      0xd4eba (size before relaxing)
 .debug_str     0x00000000000d8a32      0x236 ./Drivers/STM32L4xx_HAL_Driver/Src/stm32l4xx_hal_gpio.o
                                      0xd4edf (size before relaxing)
 .debug_str     0x00000000000d8c68      0x44a ./Drivers/STM32L4xx_HAL_Driver/Src/stm32l4xx_hal_pwr_ex.o
                                      0xd5108 (size before relaxing)
 .debug_str     0x00000000000d90b2      0x395 ./Drivers/STM32L4xx_HAL_Driver/Src/stm32l4xx_hal_rcc.o
                                      0xd51e1 (size before relaxing)
 .debug_str     0x00000000000d9447      0x527 ./Drivers/STM32L4xx_HAL_Driver/Src/stm32l4xx_hal_rcc_ex.o
                                      0xd5459 (size before relaxing)
 .debug_str     0x00000000000d996e      0x562 ./Drivers/STM32L4xx_HAL_Driver/Src/stm32l4xx_hal_spi.o
                                      0xd5415 (size before relaxing)
 .debug_str     0x00000000000d9ed0      0xdc4 ./Drivers/STM32L4xx_HAL_Driver/Src/stm32l4xx_hal_tim.o
                                      0xd5ee3 (size before relaxing)
 .debug_str     0x00000000000dac94      0x537 ./Drivers/STM32L4xx_HAL_Driver/Src/stm32l4xx_hal_tim_ex.o
                                      0xd57b5 (size before relaxing)
 .debug_str     0x00000000000db1cb      0x856 ./Drivers/STM32L4xx_HAL_Driver/Src/stm32l4xx_hal_uart.o
                                      0xd58a9 (size before relaxing)
 .debug_str     0x00000000000dba21      0x1dd ./Drivers/STM32L4xx_HAL_Driver/Src/stm32l4xx_hal_uart_ex.o
                                      0xd50b6 (size before relaxing)

.comment        0x0000000000000000       0x53
 .comment       0x0000000000000000       0x53 ./Core/Src/AS5048A.o
                                         0x54 (size before relaxing)
 .comment       0x0000000000000053       0x54 ./Core/Src/MODBUS_RTU_Slave.o
 .comment       0x0000000000000053       0x54 ./Core/Src/Motor_Driver.o
 .comment       0x0000000000000053       0x54 ./Core/Src/main.o
 .comment       0x0000000000000053       0x54 ./Core/Src/stm32l4xx_hal_msp.o
 .comment       0x0000000000000053       0x54 ./Core/Src/stm32l4xx_it.o
 .comment       0x0000000000000053       0x54 ./Core/Src/system_stm32l4xx.o
 .comment       0x0000000000000053       0x54 ./Drivers/STM32L4xx_HAL_Driver/Src/stm32l4xx_hal.o
 .comment       0x0000000000000053       0x54 ./Drivers/STM32L4xx_HAL_Driver/Src/stm32l4xx_hal_adc.o
 .comment       0x0000000000000053       0x54 ./Drivers/STM32L4xx_HAL_Driver/Src/stm32l4xx_hal_adc_ex.o
 .comment       0x0000000000000053       0x54 ./Drivers/STM32L4xx_HAL_Driver/Src/stm32l4xx_hal_cortex.o
 .comment       0x0000000000000053       0x54 ./Drivers/STM32L4xx_HAL_Driver/Src/stm32l4xx_hal_crc.o
 .comment       0x0000000000000053       0x54 ./Drivers/STM32L4xx_HAL_Driver/Src/stm32l4xx_hal_crc_ex.o
 .comment       0x0000000000000053       0x54 ./Drivers/STM32L4xx_HAL_Driver/Src/stm32l4xx_hal_dma.o
 .comment       0x0000000000000053       0x54 ./Drivers/STM32L4xx_HAL_Driver/Src/stm32l4xx_hal_gpio.o
 .comment       0x0000000000000053       0x54 ./Drivers/STM32L4xx_HAL_Driver/Src/stm32l4xx_hal_pwr_ex.o
 .comment       0x0000000000000053       0x54 ./Drivers/STM32L4xx_HAL_Driver/Src/stm32l4xx_hal_rcc.o
 .comment       0x0000000000000053       0x54 ./Drivers/STM32L4xx_HAL_Driver/Src/stm32l4xx_hal_rcc_ex.o
 .comment       0x0000000000000053       0x54 ./Drivers/STM32L4xx_HAL_Driver/Src/stm32l4xx_hal_spi.o
 .comment       0x0000000000000053       0x54 ./Drivers/STM32L4xx_HAL_Driver/Src/stm32l4xx_hal_tim.o
 .comment       0x0000000000000053       0x54 ./Drivers/STM32L4xx_HAL_Driver/Src/stm32l4xx_hal_tim_ex.o
 .comment       0x0000000000000053       0x54 ./Drivers/STM32L4xx_HAL_Driver/Src/stm32l4xx_hal_uart.o
 .comment       0x0000000000000053       0x54 ./Drivers/STM32L4xx_HAL_Driver/Src/stm32l4xx_hal_uart_ex.o

.debug_frame    0x0000000000000000     0x5e0c
 .debug_frame   0x0000000000000000       0xcc ./Core/Src/AS5048A.o
 .debug_frame   0x00000000000000cc       0x64 ./Core/Src/MODBUS_RTU_Slave.o
 .debug_frame   0x0000000000000130       0x9c ./Core/Src/Motor_Driver.o
 .debug_frame   0x00000000000001cc      0x220 ./Core/Src/main.o
 .debug_frame   0x00000000000003ec      0x1d4 ./Core/Src/stm32l4xx_hal_msp.o
 .debug_frame   0x00000000000005c0      0x200 ./Core/Src/stm32l4xx_it.o
 .debug_frame   0x00000000000007c0       0x58 ./Core/Src/system_stm32l4xx.o
 .debug_frame   0x0000000000000818      0x3dc ./Drivers/STM32L4xx_HAL_Driver/Src/stm32l4xx_hal.o
 .debug_frame   0x0000000000000bf4      0x9b0 ./Drivers/STM32L4xx_HAL_Driver/Src/stm32l4xx_hal_adc.o
 .debug_frame   0x00000000000015a4      0x68c ./Drivers/STM32L4xx_HAL_Driver/Src/stm32l4xx_hal_adc_ex.o
 .debug_frame   0x0000000000001c30      0x498 ./Drivers/STM32L4xx_HAL_Driver/Src/stm32l4xx_hal_cortex.o
 .debug_frame   0x00000000000020c8      0x168 ./Drivers/STM32L4xx_HAL_Driver/Src/stm32l4xx_hal_crc.o
 .debug_frame   0x0000000000002230       0x88 ./Drivers/STM32L4xx_HAL_Driver/Src/stm32l4xx_hal_crc_ex.o
 .debug_frame   0x00000000000022b8      0x204 ./Drivers/STM32L4xx_HAL_Driver/Src/stm32l4xx_hal_dma.o
 .debug_frame   0x00000000000024bc      0x14c ./Drivers/STM32L4xx_HAL_Driver/Src/stm32l4xx_hal_gpio.o
 .debug_frame   0x0000000000002608      0x4a4 ./Drivers/STM32L4xx_HAL_Driver/Src/stm32l4xx_hal_pwr_ex.o
 .debug_frame   0x0000000000002aac      0x1f4 ./Drivers/STM32L4xx_HAL_Driver/Src/stm32l4xx_hal_rcc.o
 .debug_frame   0x0000000000002ca0      0x3d0 ./Drivers/STM32L4xx_HAL_Driver/Src/stm32l4xx_hal_rcc_ex.o
 .debug_frame   0x0000000000003070      0x860 ./Drivers/STM32L4xx_HAL_Driver/Src/stm32l4xx_hal_spi.o
 .debug_frame   0x00000000000038d0     0x121c ./Drivers/STM32L4xx_HAL_Driver/Src/stm32l4xx_hal_tim.o
 .debug_frame   0x0000000000004aec      0x6b0 ./Drivers/STM32L4xx_HAL_Driver/Src/stm32l4xx_hal_tim_ex.o
 .debug_frame   0x000000000000519c      0x9e4 ./Drivers/STM32L4xx_HAL_Driver/Src/stm32l4xx_hal_uart.o
 .debug_frame   0x0000000000005b80      0x1e0 ./Drivers/STM32L4xx_HAL_Driver/Src/stm32l4xx_hal_uart_ex.o
 .debug_frame   0x0000000000005d60       0x2c c:/st/stm32cubeide_1.3.0/stm32cubeide/plugins/com.st.stm32cube.ide.mcu.externaltools.gnu-tools-for-stm32.9-2020-q2-update.win32_2.0.0.202105311346/tools/bin/../lib/gcc/arm-none-eabi/9.3.1/../../../../arm-none-eabi/lib/thumb/v7e-m+fp/hard\libc_nano.a(lib_a-init.o)
 .debug_frame   0x0000000000005d8c       0x20 c:/st/stm32cubeide_1.3.0/stm32cubeide/plugins/com.st.stm32cube.ide.mcu.externaltools.gnu-tools-for-stm32.9-2020-q2-update.win32_2.0.0.202105311346/tools/bin/../lib/gcc/arm-none-eabi/9.3.1/../../../../arm-none-eabi/lib/thumb/v7e-m+fp/hard\libc_nano.a(lib_a-memset.o)
 .debug_frame   0x0000000000005dac       0x2c c:/st/stm32cubeide_1.3.0/stm32cubeide/plugins/com.st.stm32cube.ide.mcu.externaltools.gnu-tools-for-stm32.9-2020-q2-update.win32_2.0.0.202105311346/tools/bin/../lib/gcc/arm-none-eabi/9.3.1/thumb/v7e-m+fp/hard\libgcc.a(_aeabi_uldivmod.o)
 .debug_frame   0x0000000000005dd8       0x34 c:/st/stm32cubeide_1.3.0/stm32cubeide/plugins/com.st.stm32cube.ide.mcu.externaltools.gnu-tools-for-stm32.9-2020-q2-update.win32_2.0.0.202105311346/tools/bin/../lib/gcc/arm-none-eabi/9.3.1/thumb/v7e-m+fp/hard\libgcc.a(_udivmoddi4.o)
