Archive member included to satisfy reference by file (symbol)

c:/st/stm32cubeide_1.3.0/stm32cubeide/plugins/com.st.stm32cube.ide.mcu.externaltools.gnu-tools-for-stm32.9-2020-q2-update.win32_2.0.0.202105311346/tools/bin/../lib/gcc/arm-none-eabi/9.3.1/../../../../arm-none-eabi/lib/thumb/v7e-m+fp/hard\libc_nano.a(lib_a-errno.o)
                              ./Core/Src/syscalls.o (__errno)
c:/st/stm32cubeide_1.3.0/stm32cubeide/plugins/com.st.stm32cube.ide.mcu.externaltools.gnu-tools-for-stm32.9-2020-q2-update.win32_2.0.0.202105311346/tools/bin/../lib/gcc/arm-none-eabi/9.3.1/../../../../arm-none-eabi/lib/thumb/v7e-m+fp/hard\libc_nano.a(lib_a-exit.o)
                              c:/st/stm32cubeide_1.3.0/stm32cubeide/plugins/com.st.stm32cube.ide.mcu.externaltools.gnu-tools-for-stm32.9-2020-q2-update.win32_2.0.0.202105311346/tools/bin/../lib/gcc/arm-none-eabi/9.3.1/../../../../arm-none-eabi/lib/thumb/v7e-m+fp/hard/crt0.o (exit)
c:/st/stm32cubeide_1.3.0/stm32cubeide/plugins/com.st.stm32cube.ide.mcu.externaltools.gnu-tools-for-stm32.9-2020-q2-update.win32_2.0.0.202105311346/tools/bin/../lib/gcc/arm-none-eabi/9.3.1/../../../../arm-none-eabi/lib/thumb/v7e-m+fp/hard\libc_nano.a(lib_a-impure.o)
                              c:/st/stm32cubeide_1.3.0/stm32cubeide/plugins/com.st.stm32cube.ide.mcu.externaltools.gnu-tools-for-stm32.9-2020-q2-update.win32_2.0.0.202105311346/tools/bin/../lib/gcc/arm-none-eabi/9.3.1/../../../../arm-none-eabi/lib/thumb/v7e-m+fp/hard\libc_nano.a(lib_a-exit.o) (_global_impure_ptr)
c:/st/stm32cubeide_1.3.0/stm32cubeide/plugins/com.st.stm32cube.ide.mcu.externaltools.gnu-tools-for-stm32.9-2020-q2-update.win32_2.0.0.202105311346/tools/bin/../lib/gcc/arm-none-eabi/9.3.1/../../../../arm-none-eabi/lib/thumb/v7e-m+fp/hard\libc_nano.a(lib_a-init.o)
                              c:/st/stm32cubeide_1.3.0/stm32cubeide/plugins/com.st.stm32cube.ide.mcu.externaltools.gnu-tools-for-stm32.9-2020-q2-update.win32_2.0.0.202105311346/tools/bin/../lib/gcc/arm-none-eabi/9.3.1/../../../../arm-none-eabi/lib/thumb/v7e-m+fp/hard/crt0.o (__libc_init_array)
c:/st/stm32cubeide_1.3.0/stm32cubeide/plugins/com.st.stm32cube.ide.mcu.externaltools.gnu-tools-for-stm32.9-2020-q2-update.win32_2.0.0.202105311346/tools/bin/../lib/gcc/arm-none-eabi/9.3.1/../../../../arm-none-eabi/lib/thumb/v7e-m+fp/hard\libc_nano.a(lib_a-memset.o)
                              c:/st/stm32cubeide_1.3.0/stm32cubeide/plugins/com.st.stm32cube.ide.mcu.externaltools.gnu-tools-for-stm32.9-2020-q2-update.win32_2.0.0.202105311346/tools/bin/../lib/gcc/arm-none-eabi/9.3.1/../../../../arm-none-eabi/lib/thumb/v7e-m+fp/hard/crt0.o (memset)
c:/st/stm32cubeide_1.3.0/stm32cubeide/plugins/com.st.stm32cube.ide.mcu.externaltools.gnu-tools-for-stm32.9-2020-q2-update.win32_2.0.0.202105311346/tools/bin/../lib/gcc/arm-none-eabi/9.3.1/thumb/v7e-m+fp/hard\libgcc.a(_aeabi_uldivmod.o)
                              ./Drivers/STM32L4xx_HAL_Driver/Src/stm32l4xx_hal_uart.o (__aeabi_uldivmod)
c:/st/stm32cubeide_1.3.0/stm32cubeide/plugins/com.st.stm32cube.ide.mcu.externaltools.gnu-tools-for-stm32.9-2020-q2-update.win32_2.0.0.202105311346/tools/bin/../lib/gcc/arm-none-eabi/9.3.1/thumb/v7e-m+fp/hard\libgcc.a(_udivmoddi4.o)
                              c:/st/stm32cubeide_1.3.0/stm32cubeide/plugins/com.st.stm32cube.ide.mcu.externaltools.gnu-tools-for-stm32.9-2020-q2-update.win32_2.0.0.202105311346/tools/bin/../lib/gcc/arm-none-eabi/9.3.1/thumb/v7e-m+fp/hard\libgcc.a(_aeabi_uldivmod.o) (__udivmoddi4)
c:/st/stm32cubeide_1.3.0/stm32cubeide/plugins/com.st.stm32cube.ide.mcu.externaltools.gnu-tools-for-stm32.9-2020-q2-update.win32_2.0.0.202105311346/tools/bin/../lib/gcc/arm-none-eabi/9.3.1/thumb/v7e-m+fp/hard\libgcc.a(_dvmd_tls.o)
                              c:/st/stm32cubeide_1.3.0/stm32cubeide/plugins/com.st.stm32cube.ide.mcu.externaltools.gnu-tools-for-stm32.9-2020-q2-update.win32_2.0.0.202105311346/tools/bin/../lib/gcc/arm-none-eabi/9.3.1/thumb/v7e-m+fp/hard\libgcc.a(_aeabi_uldivmod.o) (__aeabi_ldiv0)

Allocating common symbols
Common symbol       size              file

EncoderState        0x1               ./Core/Src/AS5048A.o
hdma_usart2_rx      0x48              ./Core/Src/main.o
MotorState          0x1               ./Core/Src/AS5048A.o
hcrc                0x24              ./Core/Src/main.o
prevPosError        0x4               ./Core/Src/Motor_Driver.o
PosError            0x4               ./Core/Src/Motor_Driver.o
uwTick              0x4               ./Drivers/STM32L4xx_HAL_Driver/Src/stm32l4xx_hal.o
temp                0x2               ./Core/Src/AS5048A.o
hdma_usart1_tx      0x48              ./Core/Src/main.o
hadc1               0x64              ./Core/Src/main.o
hdma_usart1_rx      0x48              ./Core/Src/main.o
hdma_usart2_tx      0x48              ./Core/Src/main.o
huart1              0x84              ./Core/Src/main.o
tau                 0x4               ./Core/Src/Motor_Driver.o
htim1               0x4c              ./Core/Src/main.o
[...]
Memory Configuration

Name             Origin             Length             Attributes
RAM              0x0000000020000000 0x000000000000c000 xrw
RAM2             0x0000000010000000 0x0000000000004000 xrw
FLASH            0x0000000008000000 0x0000000000040000 xr
*default*        0x0000000000000000 0xffffffffffffffff

Linker script and memory map

LOAD c:/st/stm32cubeide_1.3.0/stm32cubeide/plugins/com.st.stm32cube.ide.mcu.externaltools.gnu-tools-for-stm32.9-2020-q2-update.win32_2.0.0.202105311346/tools/bin/../lib/gcc/arm-none-eabi/9.3.1/thumb/v7e-m+fp/hard/crti.o
LOAD c:/st/stm32cubeide_1.3.0/stm32cubeide/plugins/com.st.stm32cube.ide.mcu.externaltools.gnu-tools-for-stm32.9-2020-q2-update.win32_2.0.0.202105311346/tools/bin/../lib/gcc/arm-none-eabi/9.3.1/thumb/v7e-m+fp/hard/crtbegin.o
LOAD c:/st/stm32cubeide_1.3.0/stm32cubeide/plugins/com.st.stm32cube.ide.mcu.externaltools.gnu-tools-for-stm32.9-2020-q2-update.win32_2.0.0.202105311346/tools/bin/../lib/gcc/arm-none-eabi/9.3.1/../../../../arm-none-eabi/lib/thumb/v7e-m+fp/hard/crt0.o
LOAD ./Core/Src/AS5048A.o
LOAD ./Core/Src/MODBUS_RTU_Slave.o
LOAD ./Core/Src/Motor_Driver.o
LOAD ./Core/Src/main.o
LOAD ./Core/Src/stm32l4xx_hal_msp.o
LOAD ./Core/Src/stm32l4xx_it.o
LOAD ./Core/Src/syscalls.o
LOAD ./Core/Src/sysmem.o
LOAD ./Core/Src/system_stm32l4xx.o
LOAD ./Core/Startup/startup_stm32l432kcux.o
LOAD ./Drivers/STM32L4xx_HAL_Driver/Src/stm32l4xx_hal.o
LOAD ./Drivers/STM32L4xx_HAL_Driver/Src/stm32l4xx_hal_adc.o
LOAD ./Drivers/STM32L4xx_HAL_Driver/Src/stm32l4xx_hal_adc_ex.o
LOAD ./Drivers/STM32L4xx_HAL_Driver/Src/stm32l4xx_hal_cortex.o
LOAD ./Drivers/STM32L4xx_HAL_Driver/Src/stm32l4xx_hal_crc.o
LOAD ./Drivers/STM32L4xx_HAL_Driver/Src/stm32l4xx_hal_crc_ex.o
LOAD ./Drivers/STM32L4xx_HAL_Driver/Src/stm32l4xx_hal_dma.o
LOAD ./Drivers/STM32L4xx_HAL_Driver/Src/stm32l4xx_hal_dma_ex.o
LOAD ./Drivers/STM32L4xx_HAL_Driver/Src/stm32l4xx_hal_exti.o
LOAD ./Drivers/STM32L4xx_HAL_Driver/Src/stm32l4xx_hal_flash.o
LOAD ./Drivers/STM32L4xx_HAL_Driver/Src/stm32l4xx_hal_flash_ex.o
LOAD ./Drivers/STM32L4xx_HAL_Driver/Src/stm32l4xx_hal_flash_ramfunc.o
LOAD ./Drivers/STM32L4xx_HAL_Driver/Src/stm32l4xx_hal_gpio.o
LOAD ./Drivers/STM32L4xx_HAL_Driver/Src/stm32l4xx_hal_i2c.o
LOAD ./Drivers/STM32L4xx_HAL_Driver/Src/stm32l4xx_hal_i2c_ex.o
LOAD ./Drivers/STM32L4xx_HAL_Driver/Src/stm32l4xx_hal_pwr.o
LOAD ./Drivers/STM32L4xx_HAL_Driver/Src/stm32l4xx_hal_pwr_ex.o
LOAD ./Drivers/STM32L4xx_HAL_Driver/Src/stm32l4xx_hal_rcc.o
LOAD ./Drivers/STM32L4xx_HAL_Driver/Src/stm32l4xx_hal_rcc_ex.o
LOAD ./Drivers/STM32L4xx_HAL_Driver/Src/stm32l4xx_hal_spi.o
LOAD ./Drivers/STM32L4xx_HAL_Driver/Src/stm32l4xx_hal_spi_ex.o
LOAD ./Drivers/STM32L4xx_HAL_Driver/Src/stm32l4xx_hal_tim.o
LOAD ./Drivers/STM32L4xx_HAL_Driver/Src/stm32l4xx_hal_tim_ex.o
LOAD ./Drivers/STM32L4xx_HAL_Driver/Src/stm32l4xx_hal_uart.o
LOAD ./Drivers/STM32L4xx_HAL_Driver/Src/stm32l4xx_hal_uart_ex.o
START GROUP
LOAD c:/st/stm32cubeide_1.3.0/stm32cubeide/plugins/com.st.stm32cube.ide.mcu.externaltools.gnu-tools-for-stm32.9-2020-q2-update.win32_2.0.0.202105311346/tools/bin/../lib/gcc/arm-none-eabi/9.3.1/../../../../arm-none-eabi/lib/thumb/v7e-m+fp/hard\libc_nano.a
LOAD c:/st/stm32cubeide_1.3.0/stm32cubeide/plugins/com.st.stm32cube.ide.mcu.externaltools.gnu-tools-for-stm32.9-2020-q2-update.win32_2.0.0.202105311346/tools/bin/../lib/gcc/arm-none-eabi/9.3.1/../../../../arm-none-eabi/lib/thumb/v7e-m+fp/hard\libm.a
END GROUP
START GROUP
LOAD c:/st/stm32cubeide_1.3.0/stm32cubeide/plugins/com.st.stm32cube.ide.mcu.externaltools.gnu-tools-for-stm32.9-2020-q2-update.win32_2.0.0.202105311346/tools/bin/../lib/gcc/arm-none-eabi/9.3.1/thumb/v7e-m+fp/hard\libgcc.a
LOAD c:/st/stm32cubeide_1.3.0/stm32cubeide/plugins/com.st.stm32cube.ide.mcu.externaltools.gnu-tools-for-stm32.9-2020-q2-update.win32_2.0.0.202105311346/tools/bin/../lib/gcc/arm-none-eabi/9.3.1/../../../../arm-none-eabi/lib/thumb/v7e-m+fp/hard\libc_nano.a
END GROUP
START GROUP
LOAD c:/st/stm32cubeide_1.3.0/stm32cubeide/plugins/com.st.stm32cube.ide.mcu.externaltools.gnu-tools-for-stm32.9-2020-q2-update.win32_2.0.0.202105311346/tools/bin/../lib/gcc/arm-none-eabi/9.3.1/thumb/v7e-m+fp/hard\libgcc.a
LOAD c:/st/stm32cubeide_1.3.0/stm32cubeide/plugins/com.st.stm32cube.ide.mcu.externaltools.gnu-tools-for-stm32.9-2020-q2-update.win32_2.0.0.202105311346/tools/bin/../lib/gcc/arm-none-eabi/9.3.1/../../../../arm-none-eabi/lib/thumb/v7e-m+fp/hard\libc_nano.a
LOAD c:/st/stm32cubeide_1.3.0/stm32cubeide/plugins/com.st.stm32cube.ide.mcu.externaltools.gnu-tools-for-stm32.9-2020-q2-update.win32_2.0.0.202105311346/tools/bin/../lib/gcc/arm-none-eabi/9.3.1/../../../../arm-none-eabi/lib/thumb/v7e-m+fp/hard\libnosys.a
END GROUP
START GROUP
LOAD c:/st/stm32cubeide_1.3.0/stm32cubeide/plugins/com.st.stm32cube.ide.mcu.externaltools.gnu-tools-for-stm32.9-2020-q2-update.win32_2.0.0.202105311346/tools/bin/../lib/gcc/arm-none-eabi/9.3.1/thumb/v7e-m+fp/hard\libgcc.a
LOAD c:/st/stm32cubeide_1.3.0/stm32cubeide/plugins/com.st.stm32cube.ide.mcu.externaltools.gnu-tools-for-stm32.9-2020-q2-update.win32_2.0.0.202105311346/tools/bin/../lib/gcc/arm-none-eabi/9.3.1/../../../../arm-none-eabi/lib/thumb/v7e-m+fp/hard\libc_nano.a
LOAD c:/st/stm32cubeide_1.3.0/stm32cubeide/plugins/com.st.stm32cube.ide.mcu.externaltools.gnu-tools-for-stm32.9-2020-q2-update.win32_2.0.0.202105311346/tools/bin/../lib/gcc/arm-none-eabi/9.3.1/../../../../arm-none-eabi/lib/thumb/v7e-m+fp/hard\libnosys.a
END GROUP
LOAD c:/st/stm32cubeide_1.3.0/stm32cubeide/plugins/com.st.stm32cube.ide.mcu.externaltools.gnu-tools-for-stm32.9-2020-q2-update.win32_2.0.0.202105311346/tools/bin/../lib/gcc/arm-none-eabi/9.3.1/thumb/v7e-m+fp/hard/crtend.o
LOAD c:/st/stm32cubeide_1.3.0/stm32cubeide/plugins/com.st.stm32cube.ide.mcu.externaltools.gnu-tools-for-stm32.9-2020-q2-update.win32_2.0.0.202105311346/tools/bin/../lib/gcc/arm-none-eabi/9.3.1/thumb/v7e-m+fp/hard/crtn.o
                0x000000002000c000                _estack = (ORIGIN (RAM) + LENGTH (RAM))
                0x0000000000000200                _Min_Heap_Size = 0x200
                0x0000000000000400                _Min_Stack_Size = 0x400

.isr_vector     0x0000000008000000      0x18c
                0x0000000008000000                . = ALIGN (0x4)
 *(.isr_vector)
 .isr_vector    0x0000000008000000      0x18c ./Core/Startup/startup_stm32l432kcux.o
                0x0000000008000000                g_pfnVectors
                0x000000000800018c                . = ALIGN (0x4)

.text           0x000000000800018c     0x8530
                0x000000000800018c                . = ALIGN (0x4)
 *(.text)
 .text          0x000000000800018c       0x40 c:/st/stm32cubeide_1.3.0/stm32cubeide/plugins/com.st.stm32cube.ide.mcu.externaltools.gnu-tools-for-stm32.9-2020-q2-update.win32_2.0.0.202105311346/tools/bin/../lib/gcc/arm-none-eabi/9.3.1/thumb/v7e-m+fp/hard/crtbegin.o
 .text          0x00000000080001cc       0x30 c:/st/stm32cubeide_1.3.0/stm32cubeide/plugins/com.st.stm32cube.ide.mcu.externaltools.gnu-tools-for-stm32.9-2020-q2-update.win32_2.0.0.202105311346/tools/bin/../lib/gcc/arm-none-eabi/9.3.1/thumb/v7e-m+fp/hard\libgcc.a(_aeabi_uldivmod.o)
                0x00000000080001cc                __aeabi_uldivmod
 .text          0x00000000080001fc      0x2c4 c:/st/stm32cubeide_1.3.0/stm32cubeide/plugins/com.st.stm32cube.ide.mcu.externaltools.gnu-tools-for-stm32.9-2020-q2-update.win32_2.0.0.202105311346/tools/bin/../lib/gcc/arm-none-eabi/9.3.1/thumb/v7e-m+fp/hard\libgcc.a(_udivmoddi4.o)
                0x00000000080001fc                __udivmoddi4
 .text          0x00000000080004c0        0x4 c:/st/stm32cubeide_1.3.0/stm32cubeide/plugins/com.st.stm32cube.ide.mcu.externaltools.gnu-tools-for-stm32.9-2020-q2-update.win32_2.0.0.202105311346/tools/bin/../lib/gcc/arm-none-eabi/9.3.1/thumb/v7e-m+fp/hard\libgcc.a(_dvmd_tls.o)
                0x00000000080004c0                __aeabi_idiv0
                0x00000000080004c0                __aeabi_ldiv0
 *(.text*)
 .text.CheckErrorsEnc
                0x00000000080004c4       0xd0 ./Core/Src/AS5048A.o
                0x00000000080004c4                CheckErrorsEnc
 .text.ParityOk
                0x0000000008000594       0x58 ./Core/Src/AS5048A.o
                0x0000000008000594                ParityOk
 .text.EncoderRoutine
                0x00000000080005ec      0x138 ./Core/Src/AS5048A.o
                0x00000000080005ec                EncoderRoutine
 .text.HAL_SPI_TxRxCpltCallback
                0x0000000008000724       0x5c ./Core/Src/AS5048A.o
                0x0000000008000724                HAL_SPI_TxRxCpltCallback
 .text.EnableAlarmLED
                0x0000000008000780       0x18 ./Core/Src/AS5048A.o
                0x0000000008000780                EnableAlarmLED
 .text.DisableAlarmLED
                0x0000000008000798       0x18 ./Core/Src/AS5048A.o
                0x0000000008000798                DisableAlarmLED
 .text.ModbusRTURoutine
                0x00000000080007b0      0x5dc ./Core/Src/MODBUS_RTU_Slave.o
                0x00000000080007b0                ModbusRTURoutine
 .text.ModbusExceptionHandler
                0x0000000008000d8c       0x16 ./Core/Src/MODBUS_RTU_Slave.o
                0x0000000008000d8c                ModbusExceptionHandler
 *fill*         0x0000000008000da2        0x2 
 .text.UpdatePWM
                0x0000000008000da4      0x134 ./Core/Src/Motor_Driver.o
                0x0000000008000da4                UpdatePWM
 .text.CheckStatusRegister
                0x0000000008000ed8       0xa0 ./Core/Src/Motor_Driver.o
                0x0000000008000ed8                CheckStatusRegister
 .text.RunMotor
                0x0000000008000f78       0x28 ./Core/Src/Motor_Driver.o
                0x0000000008000f78                RunMotor
 .text.EnableMotor
                0x0000000008000fa0       0x50 ./Core/Src/Motor_Driver.o
                0x0000000008000fa0                EnableMotor
 .text.DisableMotor
                0x0000000008000ff0       0x3c ./Core/Src/Motor_Driver.o
                0x0000000008000ff0                DisableMotor
 .text.main     0x000000000800102c       0x7c ./Core/Src/main.o
                0x000000000800102c                main
 .text.SystemClock_Config
                0x00000000080010a8       0xa2 ./Core/Src/main.o
                0x00000000080010a8                SystemClock_Config
 *fill*         0x000000000800114a        0x2 
 .text.MX_ADC1_Init
                0x000000000800114c       0xc8 ./Core/Src/main.o
 .text.MX_CRC_Init
                0x0000000008001214       0x5c ./Core/Src/main.o
 .text.MX_SPI1_Init
                0x0000000008001270       0x7c ./Core/Src/main.o
 .text.MX_TIM1_Init
                0x00000000080012ec      0x138 ./Core/Src/main.o
 .text.MX_USART1_UART_Init
                0x0000000008001424       0x90 ./Core/Src/main.o
 .text.MX_USART2_UART_Init
                0x00000000080014b4       0x90 ./Core/Src/main.o
 .text.MX_DMA_Init
                0x0000000008001544       0x6c ./Core/Src/main.o
 .text.MX_GPIO_Init
                0x00000000080015b0       0xec ./Core/Src/main.o
 .text.HAL_TIM_PeriodElapsedCallback
                0x000000000800169c       0x14 ./Core/Src/main.o
                0x000000000800169c                HAL_TIM_PeriodElapsedCallback
 .text.HAL_ADC_ConvCpltCallback
                0x00000000080016b0       0x24 ./Core/Src/main.o
                0x00000000080016b0                HAL_ADC_ConvCpltCallback
 .text.EndofBlock
                0x00000000080016d4       0x6c ./Core/Src/main.o
                0x00000000080016d4                EndofBlock
 .text.HAL_UART_ErrorCallback
                0x0000000008001740       0x14 ./Core/Src/main.o
                0x0000000008001740                HAL_UART_ErrorCallback
 .text.HAL_UART_TxCpltCallback
                0x0000000008001754       0x5c ./Core/Src/main.o
                0x0000000008001754                HAL_UART_TxCpltCallback
 .text.Error_Handler
                0x00000000080017b0        0xa ./Core/Src/main.o
                0x00000000080017b0                Error_Handler
 *fill*         0x00000000080017ba        0x2 
 .text.HAL_MspInit
                0x00000000080017bc       0x48 ./Core/Src/stm32l4xx_hal_msp.o
                0x00000000080017bc                HAL_MspInit
 .text.HAL_ADC_MspInit
                0x0000000008001804       0xd8 ./Core/Src/stm32l4xx_hal_msp.o
                0x0000000008001804                HAL_ADC_MspInit
 .text.HAL_CRC_MspInit
                0x00000000080018dc       0x40 ./Core/Src/stm32l4xx_hal_msp.o
                0x00000000080018dc                HAL_CRC_MspInit
 .text.HAL_SPI_MspInit
                0x000000000800191c       0x98 ./Core/Src/stm32l4xx_hal_msp.o
                0x000000000800191c                HAL_SPI_MspInit
 .text.HAL_TIM_PWM_MspInit
                0x00000000080019b4       0x4c ./Core/Src/stm32l4xx_hal_msp.o
                0x00000000080019b4                HAL_TIM_PWM_MspInit
 .text.HAL_TIM_MspPostInit
                0x0000000008001a00       0xac ./Core/Src/stm32l4xx_hal_msp.o
                0x0000000008001a00                HAL_TIM_MspPostInit
 .text.HAL_UART_MspInit
                0x0000000008001aac      0x2e0 ./Core/Src/stm32l4xx_hal_msp.o
                0x0000000008001aac                HAL_UART_MspInit
 .text.NMI_Handler
                0x0000000008001d8c        0x6 ./Core/Src/stm32l4xx_it.o
                0x0000000008001d8c                NMI_Handler
 .text.HardFault_Handler
                0x0000000008001d92        0x6 ./Core/Src/stm32l4xx_it.o
                0x0000000008001d92                HardFault_Handler
 .text.MemManage_Handler
                0x0000000008001d98        0x6 ./Core/Src/stm32l4xx_it.o
                0x0000000008001d98                MemManage_Handler
 .text.BusFault_Handler
                0x0000000008001d9e        0x6 ./Core/Src/stm32l4xx_it.o
                0x0000000008001d9e                BusFault_Handler
 .text.UsageFault_Handler
                0x0000000008001da4        0x6 ./Core/Src/stm32l4xx_it.o
                0x0000000008001da4                UsageFault_Handler
 .text.SVC_Handler
                0x0000000008001daa        0xe ./Core/Src/stm32l4xx_it.o
                0x0000000008001daa                SVC_Handler
 .text.DebugMon_Handler
                0x0000000008001db8        0xe ./Core/Src/stm32l4xx_it.o
                0x0000000008001db8                DebugMon_Handler
 .text.PendSV_Handler
                0x0000000008001dc6        0xe ./Core/Src/stm32l4xx_it.o
                0x0000000008001dc6                PendSV_Handler
 .text.SysTick_Handler
                0x0000000008001dd4        0xc ./Core/Src/stm32l4xx_it.o
                0x0000000008001dd4                SysTick_Handler
 .text.DMA1_Channel4_IRQHandler
                0x0000000008001de0       0x14 ./Core/Src/stm32l4xx_it.o
                0x0000000008001de0                DMA1_Channel4_IRQHandler
 .text.DMA1_Channel5_IRQHandler
                0x0000000008001df4       0x14 ./Core/Src/stm32l4xx_it.o
                0x0000000008001df4                DMA1_Channel5_IRQHandler
 .text.DMA1_Channel6_IRQHandler
                0x0000000008001e08       0x14 ./Core/Src/stm32l4xx_it.o
                0x0000000008001e08                DMA1_Channel6_IRQHandler
 .text.DMA1_Channel7_IRQHandler
                0x0000000008001e1c       0x14 ./Core/Src/stm32l4xx_it.o
                0x0000000008001e1c                DMA1_Channel7_IRQHandler
 .text.ADC1_IRQHandler
                0x0000000008001e30       0x14 ./Core/Src/stm32l4xx_it.o
                0x0000000008001e30                ADC1_IRQHandler
 .text.TIM1_UP_TIM16_IRQHandler
                0x0000000008001e44       0x14 ./Core/Src/stm32l4xx_it.o
                0x0000000008001e44                TIM1_UP_TIM16_IRQHandler
 .text.SPI1_IRQHandler
                0x0000000008001e58       0x14 ./Core/Src/stm32l4xx_it.o
                0x0000000008001e58                SPI1_IRQHandler
 .text.USART1_IRQHandler
                0x0000000008001e6c       0x18 ./Core/Src/stm32l4xx_it.o
                0x0000000008001e6c                USART1_IRQHandler
 .text.USART2_IRQHandler
                0x0000000008001e84       0x14 ./Core/Src/stm32l4xx_it.o
                0x0000000008001e84                USART2_IRQHandler
 .text.SystemInit
                0x0000000008001e98       0x64 ./Core/Src/system_stm32l4xx.o
                0x0000000008001e98                SystemInit
 .text.Reset_Handler
                0x0000000008001efc       0x50 ./Core/Startup/startup_stm32l432kcux.o
                0x0000000008001efc                Reset_Handler
 .text.Default_Handler
                0x0000000008001f4c        0x2 ./Core/Startup/startup_stm32l432kcux.o
                0x0000000008001f4c                RTC_Alarm_IRQHandler
                0x0000000008001f4c                EXTI2_IRQHandler
                0x0000000008001f4c                TIM1_CC_IRQHandler
                0x0000000008001f4c                TSC_IRQHandler
                0x0000000008001f4c                TAMP_STAMP_IRQHandler
                0x0000000008001f4c                EXTI3_IRQHandler
                0x0000000008001f4c                LPTIM2_IRQHandler
                0x0000000008001f4c                I2C3_ER_IRQHandler
                0x0000000008001f4c                EXTI0_IRQHandler
                0x0000000008001f4c                CAN1_RX0_IRQHandler
                0x0000000008001f4c                FPU_IRQHandler
                0x0000000008001f4c                TIM6_DAC_IRQHandler
                0x0000000008001f4c                DMA2_Channel2_IRQHandler
                0x0000000008001f4c                CAN1_RX1_IRQHandler
                0x0000000008001f4c                DMA2_Channel1_IRQHandler
                0x0000000008001f4c                QUADSPI_IRQHandler
                0x0000000008001f4c                I2C1_EV_IRQHandler
                0x0000000008001f4c                DMA2_Channel4_IRQHandler
                0x0000000008001f4c                RCC_IRQHandler
                0x0000000008001f4c                TIM1_TRG_COM_IRQHandler
                0x0000000008001f4c                DMA1_Channel1_IRQHandler
                0x0000000008001f4c                Default_Handler
                0x0000000008001f4c                DMA2_Channel7_IRQHandler
                0x0000000008001f4c                EXTI15_10_IRQHandler
                0x0000000008001f4c                TIM7_IRQHandler
                0x0000000008001f4c                I2C3_EV_IRQHandler
                0x0000000008001f4c                USB_IRQHandler
                0x0000000008001f4c                EXTI9_5_IRQHandler
                0x0000000008001f4c                RTC_WKUP_IRQHandler
                0x0000000008001f4c                PVD_PVM_IRQHandler
                0x0000000008001f4c                CAN1_TX_IRQHandler
                0x0000000008001f4c                DMA2_Channel5_IRQHandler
                0x0000000008001f4c                CRS_IRQHandler
                0x0000000008001f4c                EXTI4_IRQHandler
                0x0000000008001f4c                RNG_IRQHandler
                0x0000000008001f4c                DMA1_Channel3_IRQHandler
                0x0000000008001f4c                COMP_IRQHandler
                0x0000000008001f4c                WWDG_IRQHandler
                0x0000000008001f4c                LPUART1_IRQHandler
                0x0000000008001f4c                DMA2_Channel6_IRQHandler
                0x0000000008001f4c                TIM2_IRQHandler
                0x0000000008001f4c                EXTI1_IRQHandler
                0x0000000008001f4c                DMA1_Channel2_IRQHandler
                0x0000000008001f4c                CAN1_SCE_IRQHandler
                0x0000000008001f4c                FLASH_IRQHandler
                0x0000000008001f4c                SPI3_IRQHandler
                0x0000000008001f4c                I2C1_ER_IRQHandler
                0x0000000008001f4c                SWPMI1_IRQHandler
                0x0000000008001f4c                LPTIM1_IRQHandler
                0x0000000008001f4c                SAI1_IRQHandler
                0x0000000008001f4c                DMA2_Channel3_IRQHandler
                0x0000000008001f4c                TIM1_BRK_TIM15_IRQHandler
 .text.HAL_Init
                0x0000000008001f4e       0x30 ./Drivers/STM32L4xx_HAL_Driver/Src/stm32l4xx_hal.o
                0x0000000008001f4e                HAL_Init
 *fill*         0x0000000008001f7e        0x2 
 .text.HAL_InitTick
                0x0000000008001f80       0x78 ./Drivers/STM32L4xx_HAL_Driver/Src/stm32l4xx_hal.o
                0x0000000008001f80                HAL_InitTick
 .text.HAL_IncTick
                0x0000000008001ff8       0x28 ./Drivers/STM32L4xx_HAL_Driver/Src/stm32l4xx_hal.o
                0x0000000008001ff8                HAL_IncTick
 .text.HAL_GetTick
                0x0000000008002020       0x18 ./Drivers/STM32L4xx_HAL_Driver/Src/stm32l4xx_hal.o
                0x0000000008002020                HAL_GetTick
 .text.LL_ADC_SetCommonClock
                0x0000000008002038       0x26 ./Drivers/STM32L4xx_HAL_Driver/Src/stm32l4xx_hal_adc.o
 .text.LL_ADC_SetCommonPathInternalCh
                0x000000000800205e       0x26 ./Drivers/STM32L4xx_HAL_Driver/Src/stm32l4xx_hal_adc.o
 .text.LL_ADC_GetCommonPathInternalCh
                0x0000000008002084       0x1c ./Drivers/STM32L4xx_HAL_Driver/Src/stm32l4xx_hal_adc.o
 .text.LL_ADC_SetOffset
                0x00000000080020a0       0x48 ./Drivers/STM32L4xx_HAL_Driver/Src/stm32l4xx_hal_adc.o
 .text.LL_ADC_GetOffsetChannel
                0x00000000080020e8       0x2c ./Drivers/STM32L4xx_HAL_Driver/Src/stm32l4xx_hal_adc.o
 .text.LL_ADC_SetOffsetState
                0x0000000008002114       0x36 ./Drivers/STM32L4xx_HAL_Driver/Src/stm32l4xx_hal_adc.o
 .text.LL_ADC_REG_IsTriggerSourceSWStart
                0x000000000800214a       0x26 ./Drivers/STM32L4xx_HAL_Driver/Src/stm32l4xx_hal_adc.o
 .text.LL_ADC_REG_SetSequencerRanks
                0x0000000008002170       0x58 ./Drivers/STM32L4xx_HAL_Driver/Src/stm32l4xx_hal_adc.o
 .text.LL_ADC_INJ_IsTriggerSourceSWStart
                0x00000000080021c8       0x26 ./Drivers/STM32L4xx_HAL_Driver/Src/stm32l4xx_hal_adc.o
 .text.LL_ADC_SetChannelSamplingTime
                0x00000000080021ee       0x56 ./Drivers/STM32L4xx_HAL_Driver/Src/stm32l4xx_hal_adc.o
 .text.LL_ADC_SetChannelSingleDiff
                0x0000000008002244       0x48 ./Drivers/STM32L4xx_HAL_Driver/Src/stm32l4xx_hal_adc.o
 .text.LL_ADC_DisableDeepPowerDown
                0x000000000800228c       0x24 ./Drivers/STM32L4xx_HAL_Driver/Src/stm32l4xx_hal_adc.o
 .text.LL_ADC_IsDeepPowerDownEnabled
                0x00000000080022b0       0x28 ./Drivers/STM32L4xx_HAL_Driver/Src/stm32l4xx_hal_adc.o
 .text.LL_ADC_EnableInternalRegulator
                0x00000000080022d8       0x28 ./Drivers/STM32L4xx_HAL_Driver/Src/stm32l4xx_hal_adc.o
 .text.LL_ADC_IsInternalRegulatorEnabled
                0x0000000008002300       0x28 ./Drivers/STM32L4xx_HAL_Driver/Src/stm32l4xx_hal_adc.o
 .text.LL_ADC_Enable
                0x0000000008002328       0x28 ./Drivers/STM32L4xx_HAL_Driver/Src/stm32l4xx_hal_adc.o
 .text.LL_ADC_IsEnabled
                0x0000000008002350       0x26 ./Drivers/STM32L4xx_HAL_Driver/Src/stm32l4xx_hal_adc.o
 .text.LL_ADC_REG_StartConversion
                0x0000000008002376       0x28 ./Drivers/STM32L4xx_HAL_Driver/Src/stm32l4xx_hal_adc.o
 .text.LL_ADC_REG_IsConversionOngoing
                0x000000000800239e       0x26 ./Drivers/STM32L4xx_HAL_Driver/Src/stm32l4xx_hal_adc.o
 .text.LL_ADC_INJ_IsConversionOngoing
                0x00000000080023c4       0x26 ./Drivers/STM32L4xx_HAL_Driver/Src/stm32l4xx_hal_adc.o
 *fill*         0x00000000080023ea        0x2 
 .text.HAL_ADC_Init
                0x00000000080023ec      0x290 ./Drivers/STM32L4xx_HAL_Driver/Src/stm32l4xx_hal_adc.o
                0x00000000080023ec                HAL_ADC_Init
 .text.HAL_ADC_Start_IT
                0x000000000800267c      0x16a ./Drivers/STM32L4xx_HAL_Driver/Src/stm32l4xx_hal_adc.o
                0x000000000800267c                HAL_ADC_Start_IT
 .text.HAL_ADC_GetValue
                0x00000000080027e6       0x1a ./Drivers/STM32L4xx_HAL_Driver/Src/stm32l4xx_hal_adc.o
                0x00000000080027e6                HAL_ADC_GetValue
 .text.HAL_ADC_IRQHandler
                0x0000000008002800      0x368 ./Drivers/STM32L4xx_HAL_Driver/Src/stm32l4xx_hal_adc.o
                0x0000000008002800                HAL_ADC_IRQHandler
 .text.HAL_ADC_LevelOutOfWindowCallback
                0x0000000008002b68       0x14 ./Drivers/STM32L4xx_HAL_Driver/Src/stm32l4xx_hal_adc.o
                0x0000000008002b68                HAL_ADC_LevelOutOfWindowCallback
 .text.HAL_ADC_ErrorCallback
                0x0000000008002b7c       0x14 ./Drivers/STM32L4xx_HAL_Driver/Src/stm32l4xx_hal_adc.o
                0x0000000008002b7c                HAL_ADC_ErrorCallback
 .text.HAL_ADC_ConfigChannel
                0x0000000008002b90      0x7c0 ./Drivers/STM32L4xx_HAL_Driver/Src/stm32l4xx_hal_adc.o
                0x0000000008002b90                HAL_ADC_ConfigChannel
 .text.ADC_Enable
                0x0000000008003350       0xc4 ./Drivers/STM32L4xx_HAL_Driver/Src/stm32l4xx_hal_adc.o
                0x0000000008003350                ADC_Enable
 .text.HAL_ADCEx_InjectedConvCpltCallback
                0x0000000008003414       0x14 ./Drivers/STM32L4xx_HAL_Driver/Src/stm32l4xx_hal_adc_ex.o
                0x0000000008003414                HAL_ADCEx_InjectedConvCpltCallback
 .text.HAL_ADCEx_InjectedQueueOverflowCallback
                0x0000000008003428       0x14 ./Drivers/STM32L4xx_HAL_Driver/Src/stm32l4xx_hal_adc_ex.o
                0x0000000008003428                HAL_ADCEx_InjectedQueueOverflowCallback
 .text.HAL_ADCEx_LevelOutOfWindow2Callback
                0x000000000800343c       0x14 ./Drivers/STM32L4xx_HAL_Driver/Src/stm32l4xx_hal_adc_ex.o
                0x000000000800343c                HAL_ADCEx_LevelOutOfWindow2Callback
 .text.HAL_ADCEx_LevelOutOfWindow3Callback
                0x0000000008003450       0x14 ./Drivers/STM32L4xx_HAL_Driver/Src/stm32l4xx_hal_adc_ex.o
                0x0000000008003450                HAL_ADCEx_LevelOutOfWindow3Callback
 .text.HAL_ADCEx_EndOfSamplingCallback
                0x0000000008003464       0x14 ./Drivers/STM32L4xx_HAL_Driver/Src/stm32l4xx_hal_adc_ex.o
                0x0000000008003464                HAL_ADCEx_EndOfSamplingCallback
 .text.__NVIC_SetPriorityGrouping
                0x0000000008003478       0x48 ./Drivers/STM32L4xx_HAL_Driver/Src/stm32l4xx_hal_cortex.o
 .text.__NVIC_GetPriorityGrouping
                0x00000000080034c0       0x1c ./Drivers/STM32L4xx_HAL_Driver/Src/stm32l4xx_hal_cortex.o
 .text.__NVIC_EnableIRQ
                0x00000000080034dc       0x3c ./Drivers/STM32L4xx_HAL_Driver/Src/stm32l4xx_hal_cortex.o
 .text.__NVIC_SetPriority
                0x0000000008003518       0x54 ./Drivers/STM32L4xx_HAL_Driver/Src/stm32l4xx_hal_cortex.o
 .text.NVIC_EncodePriority
                0x000000000800356c       0x66 ./Drivers/STM32L4xx_HAL_Driver/Src/stm32l4xx_hal_cortex.o
 *fill*         0x00000000080035d2        0x2 
 .text.SysTick_Config
                0x00000000080035d4       0x44 ./Drivers/STM32L4xx_HAL_Driver/Src/stm32l4xx_hal_cortex.o
 .text.HAL_NVIC_SetPriorityGrouping
                0x0000000008003618       0x16 ./Drivers/STM32L4xx_HAL_Driver/Src/stm32l4xx_hal_cortex.o
                0x0000000008003618                HAL_NVIC_SetPriorityGrouping
 .text.HAL_NVIC_SetPriority
                0x000000000800362e       0x38 ./Drivers/STM32L4xx_HAL_Driver/Src/stm32l4xx_hal_cortex.o
                0x000000000800362e                HAL_NVIC_SetPriority
 .text.HAL_NVIC_EnableIRQ
                0x0000000008003666       0x1c ./Drivers/STM32L4xx_HAL_Driver/Src/stm32l4xx_hal_cortex.o
                0x0000000008003666                HAL_NVIC_EnableIRQ
 .text.HAL_SYSTICK_Config
                0x0000000008003682       0x18 ./Drivers/STM32L4xx_HAL_Driver/Src/stm32l4xx_hal_cortex.o
                0x0000000008003682                HAL_SYSTICK_Config
 *fill*         0x000000000800369a        0x2 
 .text.HAL_CRC_Init
                0x000000000800369c       0xc8 ./Drivers/STM32L4xx_HAL_Driver/Src/stm32l4xx_hal_crc.o
                0x000000000800369c                HAL_CRC_Init
 .text.HAL_CRC_Calculate
                0x0000000008003764       0x98 ./Drivers/STM32L4xx_HAL_Driver/Src/stm32l4xx_hal_crc.o
                0x0000000008003764                HAL_CRC_Calculate
 .text.CRC_Handle_8
                0x00000000080037fc      0x11c ./Drivers/STM32L4xx_HAL_Driver/Src/stm32l4xx_hal_crc.o
 .text.CRC_Handle_16
                0x0000000008003918       0x74 ./Drivers/STM32L4xx_HAL_Driver/Src/stm32l4xx_hal_crc.o
 .text.HAL_CRCEx_Polynomial_Set
                0x000000000800398c      0x10c ./Drivers/STM32L4xx_HAL_Driver/Src/stm32l4xx_hal_crc_ex.o
                0x000000000800398c                HAL_CRCEx_Polynomial_Set
 .text.HAL_DMA_Init
                0x0000000008003a98      0x170 ./Drivers/STM32L4xx_HAL_Driver/Src/stm32l4xx_hal_dma.o
                0x0000000008003a98                HAL_DMA_Init
 .text.HAL_DMA_Start_IT
                0x0000000008003c08       0xc0 ./Drivers/STM32L4xx_HAL_Driver/Src/stm32l4xx_hal_dma.o
                0x0000000008003c08                HAL_DMA_Start_IT
 .text.HAL_DMA_Abort
                0x0000000008003cc8       0x7c ./Drivers/STM32L4xx_HAL_Driver/Src/stm32l4xx_hal_dma.o
                0x0000000008003cc8                HAL_DMA_Abort
 .text.HAL_DMA_Abort_IT
                0x0000000008003d44       0x82 ./Drivers/STM32L4xx_HAL_Driver/Src/stm32l4xx_hal_dma.o
                0x0000000008003d44                HAL_DMA_Abort_IT
 .text.HAL_DMA_IRQHandler
                0x0000000008003dc6      0x15e ./Drivers/STM32L4xx_HAL_Driver/Src/stm32l4xx_hal_dma.o
                0x0000000008003dc6                HAL_DMA_IRQHandler
 .text.DMA_SetConfig
                0x0000000008003f24       0x60 ./Drivers/STM32L4xx_HAL_Driver/Src/stm32l4xx_hal_dma.o
 .text.HAL_GPIO_Init
                0x0000000008003f84      0x2d4 ./Drivers/STM32L4xx_HAL_Driver/Src/stm32l4xx_hal_gpio.o
                0x0000000008003f84                HAL_GPIO_Init
 .text.HAL_GPIO_WritePin
                0x0000000008004258       0x30 ./Drivers/STM32L4xx_HAL_Driver/Src/stm32l4xx_hal_gpio.o
                0x0000000008004258                HAL_GPIO_WritePin
 .text.HAL_GPIO_TogglePin
                0x0000000008004288       0x34 ./Drivers/STM32L4xx_HAL_Driver/Src/stm32l4xx_hal_gpio.o
                0x0000000008004288                HAL_GPIO_TogglePin
 .text.HAL_PWREx_GetVoltageRange
                0x00000000080042bc       0x1c ./Drivers/STM32L4xx_HAL_Driver/Src/stm32l4xx_hal_pwr_ex.o
                0x00000000080042bc                HAL_PWREx_GetVoltageRange
 .text.HAL_PWREx_ControlVoltageScaling
                0x00000000080042d8       0xac ./Drivers/STM32L4xx_HAL_Driver/Src/stm32l4xx_hal_pwr_ex.o
                0x00000000080042d8                HAL_PWREx_ControlVoltageScaling
 .text.HAL_RCC_OscConfig
                0x0000000008004384      0x840 ./Drivers/STM32L4xx_HAL_Driver/Src/stm32l4xx_hal_rcc.o
                0x0000000008004384                HAL_RCC_OscConfig
 .text.HAL_RCC_ClockConfig
                0x0000000008004bc4      0x1c4 ./Drivers/STM32L4xx_HAL_Driver/Src/stm32l4xx_hal_rcc.o
                0x0000000008004bc4                HAL_RCC_ClockConfig
 .text.HAL_RCC_GetSysClockFreq
                0x0000000008004d88      0x118 ./Drivers/STM32L4xx_HAL_Driver/Src/stm32l4xx_hal_rcc.o
                0x0000000008004d88                HAL_RCC_GetSysClockFreq
 .text.HAL_RCC_GetHCLKFreq
                0x0000000008004ea0       0x18 ./Drivers/STM32L4xx_HAL_Driver/Src/stm32l4xx_hal_rcc.o
                0x0000000008004ea0                HAL_RCC_GetHCLKFreq
 .text.HAL_RCC_GetPCLK1Freq
                0x0000000008004eb8       0x2c ./Drivers/STM32L4xx_HAL_Driver/Src/stm32l4xx_hal_rcc.o
                0x0000000008004eb8                HAL_RCC_GetPCLK1Freq
 .text.HAL_RCC_GetPCLK2Freq
                0x0000000008004ee4       0x2c ./Drivers/STM32L4xx_HAL_Driver/Src/stm32l4xx_hal_rcc.o
                0x0000000008004ee4                HAL_RCC_GetPCLK2Freq
 .text.RCC_SetFlashLatencyFromMSIRange
                0x0000000008004f10       0xc0 ./Drivers/STM32L4xx_HAL_Driver/Src/stm32l4xx_hal_rcc.o
 .text.HAL_RCCEx_PeriphCLKConfig
                0x0000000008004fd0      0x3e8 ./Drivers/STM32L4xx_HAL_Driver/Src/stm32l4xx_hal_rcc_ex.o
                0x0000000008004fd0                HAL_RCCEx_PeriphCLKConfig
 .text.RCCEx_PLLSAI1_Config
                0x00000000080053b8      0x1e4 ./Drivers/STM32L4xx_HAL_Driver/Src/stm32l4xx_hal_rcc_ex.o
 .text.HAL_SPI_Init
                0x000000000800559c      0x146 ./Drivers/STM32L4xx_HAL_Driver/Src/stm32l4xx_hal_spi.o
                0x000000000800559c                HAL_SPI_Init
 *fill*         0x00000000080056e2        0x2 
 .text.HAL_SPI_TransmitReceive_IT
                0x00000000080056e4      0x160 ./Drivers/STM32L4xx_HAL_Driver/Src/stm32l4xx_hal_spi.o
                0x00000000080056e4                HAL_SPI_TransmitReceive_IT
 .text.HAL_SPI_IRQHandler
                0x0000000008005844      0x200 ./Drivers/STM32L4xx_HAL_Driver/Src/stm32l4xx_hal_spi.o
                0x0000000008005844                HAL_SPI_IRQHandler
 .text.HAL_SPI_RxCpltCallback
                0x0000000008005a44       0x14 ./Drivers/STM32L4xx_HAL_Driver/Src/stm32l4xx_hal_spi.o
                0x0000000008005a44                HAL_SPI_RxCpltCallback
 .text.HAL_SPI_ErrorCallback
                0x0000000008005a58       0x14 ./Drivers/STM32L4xx_HAL_Driver/Src/stm32l4xx_hal_spi.o
                0x0000000008005a58                HAL_SPI_ErrorCallback
 .text.SPI_DMAAbortOnError
                0x0000000008005a6c       0x2a ./Drivers/STM32L4xx_HAL_Driver/Src/stm32l4xx_hal_spi.o
 .text.SPI_2linesRxISR_8BIT
                0x0000000008005a96       0xbe ./Drivers/STM32L4xx_HAL_Driver/Src/stm32l4xx_hal_spi.o
 .text.SPI_2linesTxISR_8BIT
                0x0000000008005b54       0x92 ./Drivers/STM32L4xx_HAL_Driver/Src/stm32l4xx_hal_spi.o
 .text.SPI_2linesRxISR_16BIT
                0x0000000008005be6       0x66 ./Drivers/STM32L4xx_HAL_Driver/Src/stm32l4xx_hal_spi.o
 .text.SPI_2linesTxISR_16BIT
                0x0000000008005c4c       0x60 ./Drivers/STM32L4xx_HAL_Driver/Src/stm32l4xx_hal_spi.o
 .text.SPI_WaitFlagStateUntilTimeout
                0x0000000008005cac      0x110 ./Drivers/STM32L4xx_HAL_Driver/Src/stm32l4xx_hal_spi.o
 .text.SPI_WaitFifoStateUntilTimeout
                0x0000000008005dbc      0x124 ./Drivers/STM32L4xx_HAL_Driver/Src/stm32l4xx_hal_spi.o
 .text.SPI_EndRxTxTransaction
                0x0000000008005ee0       0x8c ./Drivers/STM32L4xx_HAL_Driver/Src/stm32l4xx_hal_spi.o
 .text.SPI_CloseRxTx_ISR
                0x0000000008005f6c       0x84 ./Drivers/STM32L4xx_HAL_Driver/Src/stm32l4xx_hal_spi.o
 .text.HAL_TIM_Base_Start_IT
                0x0000000008005ff0       0xa8 ./Drivers/STM32L4xx_HAL_Driver/Src/stm32l4xx_hal_tim.o
                0x0000000008005ff0                HAL_TIM_Base_Start_IT
 .text.HAL_TIM_Base_Stop_IT
                0x0000000008006098       0x5e ./Drivers/STM32L4xx_HAL_Driver/Src/stm32l4xx_hal_tim.o
                0x0000000008006098                HAL_TIM_Base_Stop_IT
 .text.HAL_TIM_PWM_Init
                0x00000000080060f6       0xae ./Drivers/STM32L4xx_HAL_Driver/Src/stm32l4xx_hal_tim.o
                0x00000000080060f6                HAL_TIM_PWM_Init
 .text.HAL_TIM_PWM_Start_IT
                0x00000000080061a4      0x248 ./Drivers/STM32L4xx_HAL_Driver/Src/stm32l4xx_hal_tim.o
                0x00000000080061a4                HAL_TIM_PWM_Start_IT
 .text.HAL_TIM_PWM_Stop_IT
                0x00000000080063ec      0x19c ./Drivers/STM32L4xx_HAL_Driver/Src/stm32l4xx_hal_tim.o
                0x00000000080063ec                HAL_TIM_PWM_Stop_IT
 .text.HAL_TIM_IRQHandler
                0x0000000008006588      0x23e ./Drivers/STM32L4xx_HAL_Driver/Src/stm32l4xx_hal_tim.o
                0x0000000008006588                HAL_TIM_IRQHandler
 *fill*         0x00000000080067c6        0x2 
 .text.HAL_TIM_PWM_ConfigChannel
                0x00000000080067c8      0x220 ./Drivers/STM32L4xx_HAL_Driver/Src/stm32l4xx_hal_tim.o
                0x00000000080067c8                HAL_TIM_PWM_ConfigChannel
 .text.HAL_TIM_OC_DelayElapsedCallback
                0x00000000080069e8       0x14 ./Drivers/STM32L4xx_HAL_Driver/Src/stm32l4xx_hal_tim.o
                0x00000000080069e8                HAL_TIM_OC_DelayElapsedCallback
 .text.HAL_TIM_IC_CaptureCallback
                0x00000000080069fc       0x14 ./Drivers/STM32L4xx_HAL_Driver/Src/stm32l4xx_hal_tim.o
                0x00000000080069fc                HAL_TIM_IC_CaptureCallback
 .text.HAL_TIM_PWM_PulseFinishedCallback
                0x0000000008006a10       0x14 ./Drivers/STM32L4xx_HAL_Driver/Src/stm32l4xx_hal_tim.o
                0x0000000008006a10                HAL_TIM_PWM_PulseFinishedCallback
 .text.HAL_TIM_TriggerCallback
                0x0000000008006a24       0x14 ./Drivers/STM32L4xx_HAL_Driver/Src/stm32l4xx_hal_tim.o
                0x0000000008006a24                HAL_TIM_TriggerCallback
 .text.TIM_Base_SetConfig
                0x0000000008006a38       0xc8 ./Drivers/STM32L4xx_HAL_Driver/Src/stm32l4xx_hal_tim.o
                0x0000000008006a38                TIM_Base_SetConfig
 .text.TIM_OC1_SetConfig
                0x0000000008006b00       0xf8 ./Drivers/STM32L4xx_HAL_Driver/Src/stm32l4xx_hal_tim.o
 .text.TIM_OC2_SetConfig
                0x0000000008006bf8       0xf4 ./Drivers/STM32L4xx_HAL_Driver/Src/stm32l4xx_hal_tim.o
                0x0000000008006bf8                TIM_OC2_SetConfig
 .text.TIM_OC3_SetConfig
                0x0000000008006cec       0xf0 ./Drivers/STM32L4xx_HAL_Driver/Src/stm32l4xx_hal_tim.o
 .text.TIM_OC4_SetConfig
                0x0000000008006ddc       0xbc ./Drivers/STM32L4xx_HAL_Driver/Src/stm32l4xx_hal_tim.o
 .text.TIM_OC5_SetConfig
                0x0000000008006e98       0xb0 ./Drivers/STM32L4xx_HAL_Driver/Src/stm32l4xx_hal_tim.o
 .text.TIM_OC6_SetConfig
                0x0000000008006f48       0xb4 ./Drivers/STM32L4xx_HAL_Driver/Src/stm32l4xx_hal_tim.o
 .text.TIM_CCxChannelCmd
                0x0000000008006ffc       0x4a ./Drivers/STM32L4xx_HAL_Driver/Src/stm32l4xx_hal_tim.o
                0x0000000008006ffc                TIM_CCxChannelCmd
 *fill*         0x0000000008007046        0x2 
 .text.HAL_TIMEx_PWMN_Start_IT
                0x0000000008007048      0x1a0 ./Drivers/STM32L4xx_HAL_Driver/Src/stm32l4xx_hal_tim_ex.o
                0x0000000008007048                HAL_TIMEx_PWMN_Start_IT
 .text.HAL_TIMEx_PWMN_Stop_IT
                0x00000000080071e8      0x130 ./Drivers/STM32L4xx_HAL_Driver/Src/stm32l4xx_hal_tim_ex.o
                0x00000000080071e8                HAL_TIMEx_PWMN_Stop_IT
 .text.HAL_TIMEx_MasterConfigSynchronization
                0x0000000008007318       0xcc ./Drivers/STM32L4xx_HAL_Driver/Src/stm32l4xx_hal_tim_ex.o
                0x0000000008007318                HAL_TIMEx_MasterConfigSynchronization
 .text.HAL_TIMEx_ConfigBreakDeadTime
                0x00000000080073e4       0xf0 ./Drivers/STM32L4xx_HAL_Driver/Src/stm32l4xx_hal_tim_ex.o
                0x00000000080073e4                HAL_TIMEx_ConfigBreakDeadTime
 .text.HAL_TIMEx_CommutCallback
                0x00000000080074d4       0x14 ./Drivers/STM32L4xx_HAL_Driver/Src/stm32l4xx_hal_tim_ex.o
                0x00000000080074d4                HAL_TIMEx_CommutCallback
 .text.HAL_TIMEx_BreakCallback
                0x00000000080074e8       0x14 ./Drivers/STM32L4xx_HAL_Driver/Src/stm32l4xx_hal_tim_ex.o
                0x00000000080074e8                HAL_TIMEx_BreakCallback
 .text.HAL_TIMEx_Break2Callback
                0x00000000080074fc       0x14 ./Drivers/STM32L4xx_HAL_Driver/Src/stm32l4xx_hal_tim_ex.o
                0x00000000080074fc                HAL_TIMEx_Break2Callback
 .text.TIM_CCxNChannelCmd
                0x0000000008007510       0x4a ./Drivers/STM32L4xx_HAL_Driver/Src/stm32l4xx_hal_tim_ex.o
 .text.HAL_UART_Init
                0x000000000800755a       0x9c ./Drivers/STM32L4xx_HAL_Driver/Src/stm32l4xx_hal_uart.o
                0x000000000800755a                HAL_UART_Init
 *fill*         0x00000000080075f6        0x2 
 .text.HAL_UART_Transmit_DMA
                0x00000000080075f8       0xfc ./Drivers/STM32L4xx_HAL_Driver/Src/stm32l4xx_hal_uart.o
                0x00000000080075f8                HAL_UART_Transmit_DMA
 .text.HAL_UART_Receive_DMA
                0x00000000080076f4       0x88 ./Drivers/STM32L4xx_HAL_Driver/Src/stm32l4xx_hal_uart.o
                0x00000000080076f4                HAL_UART_Receive_DMA
 .text.HAL_UART_IRQHandler
                0x000000000800777c      0x404 ./Drivers/STM32L4xx_HAL_Driver/Src/stm32l4xx_hal_uart.o
                0x000000000800777c                HAL_UART_IRQHandler
 .text.HAL_UART_TxHalfCpltCallback
                0x0000000008007b80       0x14 ./Drivers/STM32L4xx_HAL_Driver/Src/stm32l4xx_hal_uart.o
                0x0000000008007b80                HAL_UART_TxHalfCpltCallback
 .text.HAL_UART_RxCpltCallback
                0x0000000008007b94       0x14 ./Drivers/STM32L4xx_HAL_Driver/Src/stm32l4xx_hal_uart.o
                0x0000000008007b94                HAL_UART_RxCpltCallback
 .text.HAL_UART_RxHalfCpltCallback
                0x0000000008007ba8       0x14 ./Drivers/STM32L4xx_HAL_Driver/Src/stm32l4xx_hal_uart.o
                0x0000000008007ba8                HAL_UART_RxHalfCpltCallback
 .text.HAL_UARTEx_RxEventCallback
                0x0000000008007bbc       0x18 ./Drivers/STM32L4xx_HAL_Driver/Src/stm32l4xx_hal_uart.o
                0x0000000008007bbc                HAL_UARTEx_RxEventCallback
 .text.UART_SetConfig
                0x0000000008007bd4      0x418 ./Drivers/STM32L4xx_HAL_Driver/Src/stm32l4xx_hal_uart.o
                0x0000000008007bd4                UART_SetConfig
 .text.UART_AdvFeatureConfig
                0x0000000008007fec      0x144 ./Drivers/STM32L4xx_HAL_Driver/Src/stm32l4xx_hal_uart.o
                0x0000000008007fec                UART_AdvFeatureConfig
 .text.UART_CheckIdleState
                0x0000000008008130       0x92 ./Drivers/STM32L4xx_HAL_Driver/Src/stm32l4xx_hal_uart.o
                0x0000000008008130                UART_CheckIdleState
 .text.UART_WaitOnFlagUntilTimeout
                0x00000000080081c2       0xf8 ./Drivers/STM32L4xx_HAL_Driver/Src/stm32l4xx_hal_uart.o
                0x00000000080081c2                UART_WaitOnFlagUntilTimeout
 *fill*         0x00000000080082ba        0x2 
 .text.UART_Start_Receive_DMA
                0x00000000080082bc       0xd8 ./Drivers/STM32L4xx_HAL_Driver/Src/stm32l4xx_hal_uart.o
                0x00000000080082bc                UART_Start_Receive_DMA
 .text.UART_EndTxTransfer
                0x0000000008008394       0x2a ./Drivers/STM32L4xx_HAL_Driver/Src/stm32l4xx_hal_uart.o
 .text.UART_EndRxTransfer
                0x00000000080083be       0x5e ./Drivers/STM32L4xx_HAL_Driver/Src/stm32l4xx_hal_uart.o
 .text.UART_DMATransmitCplt
                0x000000000800841c       0x54 ./Drivers/STM32L4xx_HAL_Driver/Src/stm32l4xx_hal_uart.o
 .text.UART_DMATxHalfCplt
                0x0000000008008470       0x1c ./Drivers/STM32L4xx_HAL_Driver/Src/stm32l4xx_hal_uart.o
 .text.UART_DMAReceiveCplt
                0x000000000800848c       0x98 ./Drivers/STM32L4xx_HAL_Driver/Src/stm32l4xx_hal_uart.o
 .text.UART_DMARxHalfCplt
                0x0000000008008524       0x38 ./Drivers/STM32L4xx_HAL_Driver/Src/stm32l4xx_hal_uart.o
 .text.UART_DMAError
                0x000000000800855c       0x7c ./Drivers/STM32L4xx_HAL_Driver/Src/stm32l4xx_hal_uart.o
 .text.UART_DMAAbortOnError
                0x00000000080085d8       0x2c ./Drivers/STM32L4xx_HAL_Driver/Src/stm32l4xx_hal_uart.o
 .text.UART_EndTransmit_IT
                0x0000000008008604       0x32 ./Drivers/STM32L4xx_HAL_Driver/Src/stm32l4xx_hal_uart.o
 .text.HAL_UARTEx_WakeupCallback
                0x0000000008008636       0x14 ./Drivers/STM32L4xx_HAL_Driver/Src/stm32l4xx_hal_uart_ex.o
                0x0000000008008636                HAL_UARTEx_WakeupCallback
 *fill*         0x000000000800864a        0x2 
 .text.__libc_init_array
                0x000000000800864c       0x48 c:/st/stm32cubeide_1.3.0/stm32cubeide/plugins/com.st.stm32cube.ide.mcu.externaltools.gnu-tools-for-stm32.9-2020-q2-update.win32_2.0.0.202105311346/tools/bin/../lib/gcc/arm-none-eabi/9.3.1/../../../../arm-none-eabi/lib/thumb/v7e-m+fp/hard\libc_nano.a(lib_a-init.o)
                0x000000000800864c                __libc_init_array
 .text.memset   0x0000000008008694       0x10 c:/st/stm32cubeide_1.3.0/stm32cubeide/plugins/com.st.stm32cube.ide.mcu.externaltools.gnu-tools-for-stm32.9-2020-q2-update.win32_2.0.0.202105311346/tools/bin/../lib/gcc/arm-none-eabi/9.3.1/../../../../arm-none-eabi/lib/thumb/v7e-m+fp/hard\libc_nano.a(lib_a-memset.o)
                0x0000000008008694                memset
 *(.glue_7)
 .glue_7        0x00000000080086a4        0x0 linker stubs
 *(.glue_7t)
 .glue_7t       0x00000000080086a4        0x0 linker stubs
 *(.eh_frame)
 .eh_frame      0x00000000080086a4        0x0 c:/st/stm32cubeide_1.3.0/stm32cubeide/plugins/com.st.stm32cube.ide.mcu.externaltools.gnu-tools-for-stm32.9-2020-q2-update.win32_2.0.0.202105311346/tools/bin/../lib/gcc/arm-none-eabi/9.3.1/thumb/v7e-m+fp/hard/crtbegin.o
 *(.init)
 .init          0x00000000080086a4        0x4 c:/st/stm32cubeide_1.3.0/stm32cubeide/plugins/com.st.stm32cube.ide.mcu.externaltools.gnu-tools-for-stm32.9-2020-q2-update.win32_2.0.0.202105311346/tools/bin/../lib/gcc/arm-none-eabi/9.3.1/thumb/v7e-m+fp/hard/crti.o
                0x00000000080086a4                _init
 .init          0x00000000080086a8        0x8 c:/st/stm32cubeide_1.3.0/stm32cubeide/plugins/com.st.stm32cube.ide.mcu.externaltools.gnu-tools-for-stm32.9-2020-q2-update.win32_2.0.0.202105311346/tools/bin/../lib/gcc/arm-none-eabi/9.3.1/thumb/v7e-m+fp/hard/crtn.o
 *(.fini)
 .fini          0x00000000080086b0        0x4 c:/st/stm32cubeide_1.3.0/stm32cubeide/plugins/com.st.stm32cube.ide.mcu.externaltools.gnu-tools-for-stm32.9-2020-q2-update.win32_2.0.0.202105311346/tools/bin/../lib/gcc/arm-none-eabi/9.3.1/thumb/v7e-m+fp/hard/crti.o
                0x00000000080086b0                _fini
 .fini          0x00000000080086b4        0x8 c:/st/stm32cubeide_1.3.0/stm32cubeide/plugins/com.st.stm32cube.ide.mcu.externaltools.gnu-tools-for-stm32.9-2020-q2-update.win32_2.0.0.202105311346/tools/bin/../lib/gcc/arm-none-eabi/9.3.1/thumb/v7e-m+fp/hard/crtn.o
                0x00000000080086bc                . = ALIGN (0x4)
                0x00000000080086bc                _etext = .

.vfp11_veneer   0x00000000080086bc        0x0
 .vfp11_veneer  0x00000000080086bc        0x0 linker stubs

.v4_bx          0x00000000080086bc        0x0
 .v4_bx         0x00000000080086bc        0x0 linker stubs

.iplt           0x00000000080086bc        0x0
 .iplt          0x00000000080086bc        0x0 c:/st/stm32cubeide_1.3.0/stm32cubeide/plugins/com.st.stm32cube.ide.mcu.externaltools.gnu-tools-for-stm32.9-2020-q2-update.win32_2.0.0.202105311346/tools/bin/../lib/gcc/arm-none-eabi/9.3.1/thumb/v7e-m+fp/hard/crtbegin.o

.rodata         0x00000000080086bc       0x48
                0x00000000080086bc                . = ALIGN (0x4)
 *(.rodata)
 *(.rodata*)
 .rodata.AHBPrescTable
                0x00000000080086bc       0x10 ./Core/Src/system_stm32l4xx.o
                0x00000000080086bc                AHBPrescTable
 .rodata.APBPrescTable
                0x00000000080086cc        0x8 ./Core/Src/system_stm32l4xx.o
                0x00000000080086cc                APBPrescTable
 .rodata.MSIRangeTable
                0x00000000080086d4       0x30 ./Core/Src/system_stm32l4xx.o
                0x00000000080086d4                MSIRangeTable
                0x0000000008008704                . = ALIGN (0x4)

.ARM.extab      0x0000000008008704        0x0
                0x0000000008008704                . = ALIGN (0x4)
 *(.ARM.extab* .gnu.linkonce.armextab.*)
                0x0000000008008704                . = ALIGN (0x4)

.ARM            0x0000000008008704        0x8
                0x0000000008008704                . = ALIGN (0x4)
                0x0000000008008704                __exidx_start = .
 *(.ARM.exidx*)
 .ARM.exidx     0x0000000008008704        0x8 c:/st/stm32cubeide_1.3.0/stm32cubeide/plugins/com.st.stm32cube.ide.mcu.externaltools.gnu-tools-for-stm32.9-2020-q2-update.win32_2.0.0.202105311346/tools/bin/../lib/gcc/arm-none-eabi/9.3.1/thumb/v7e-m+fp/hard\libgcc.a(_udivmoddi4.o)
                0x000000000800870c                __exidx_end = .
                0x000000000800870c                . = ALIGN (0x4)

.rel.dyn        0x000000000800870c        0x0
 .rel.iplt      0x000000000800870c        0x0 c:/st/stm32cubeide_1.3.0/stm32cubeide/plugins/com.st.stm32cube.ide.mcu.externaltools.gnu-tools-for-stm32.9-2020-q2-update.win32_2.0.0.202105311346/tools/bin/../lib/gcc/arm-none-eabi/9.3.1/thumb/v7e-m+fp/hard/crtbegin.o

.preinit_array  0x000000000800870c        0x0
                0x000000000800870c                . = ALIGN (0x4)
                0x000000000800870c                PROVIDE (__preinit_array_start = .)
 *(.preinit_array*)
                0x000000000800870c                PROVIDE (__preinit_array_end = .)
                0x000000000800870c                . = ALIGN (0x4)

.init_array     0x000000000800870c        0x4
                0x000000000800870c                . = ALIGN (0x4)
                0x000000000800870c                PROVIDE (__init_array_start = .)
 *(SORT_BY_NAME(.init_array.*))
 *(.init_array*)
 .init_array    0x000000000800870c        0x4 c:/st/stm32cubeide_1.3.0/stm32cubeide/plugins/com.st.stm32cube.ide.mcu.externaltools.gnu-tools-for-stm32.9-2020-q2-update.win32_2.0.0.202105311346/tools/bin/../lib/gcc/arm-none-eabi/9.3.1/thumb/v7e-m+fp/hard/crtbegin.o
                0x0000000008008710                PROVIDE (__init_array_end = .)
                0x0000000008008710                . = ALIGN (0x4)

.fini_array     0x0000000008008710        0x4
                0x0000000008008710                . = ALIGN (0x4)
                [!provide]                        PROVIDE (__fini_array_start = .)
 *(SORT_BY_NAME(.fini_array.*))
 *(.fini_array*)
 .fini_array    0x0000000008008710        0x4 c:/st/stm32cubeide_1.3.0/stm32cubeide/plugins/com.st.stm32cube.ide.mcu.externaltools.gnu-tools-for-stm32.9-2020-q2-update.win32_2.0.0.202105311346/tools/bin/../lib/gcc/arm-none-eabi/9.3.1/thumb/v7e-m+fp/hard/crtbegin.o
                [!provide]                        PROVIDE (__fini_array_end = .)
                0x0000000008008714                . = ALIGN (0x4)
                0x0000000008008714                _sidata = LOADADDR (.data)

.data           0x0000000020000000       0x28 load address 0x0000000008008714
                0x0000000020000000                . = ALIGN (0x4)
                0x0000000020000000                _sdata = .
 *(.data)
 *(.data*)
 .data.ReadAngle
                0x0000000020000000        0x2 ./Core/Src/AS5048A.o
                0x0000000020000000                ReadAngle
 *fill*         0x0000000020000002        0x2 
 .data.ReadErrorFlagsAddress
                0x0000000020000004        0x2 ./Core/Src/AS5048A.o
                0x0000000020000004                ReadErrorFlagsAddress
 *fill*         0x0000000020000006        0x2 
 .data.AGCDiagnosticAddress
                0x0000000020000008        0x2 ./Core/Src/AS5048A.o
                0x0000000020000008                AGCDiagnosticAddress
 .data.OCF      0x000000002000000a        0x1 ./Core/Src/AS5048A.o
                0x000000002000000a                OCF
 *fill*         0x000000002000000b        0x1 
 .data.pJCUConfig
                0x000000002000000c        0x4 ./Core/Src/Motor_Driver.o
                0x000000002000000c                pJCUConfig
 .data.pJCUState
                0x0000000020000010        0x4 ./Core/Src/Motor_Driver.o
                0x0000000020000010                pJCUState
 .data.PWMValue
                0x0000000020000014        0x2 ./Core/Src/Motor_Driver.o
                0x0000000020000014                PWMValue
 *fill*         0x0000000020000016        0x2 
 .data.ModbusTimeout
                0x0000000020000018        0x4 ./Core/Src/main.o
                0x0000000020000018                ModbusTimeout
 .data.SystemCoreClock
                0x000000002000001c        0x4 ./Core/Src/system_stm32l4xx.o
                0x000000002000001c                SystemCoreClock
 .data.uwTickPrio
                0x0000000020000020        0x4 ./Drivers/STM32L4xx_HAL_Driver/Src/stm32l4xx_hal.o
                0x0000000020000020                uwTickPrio
 .data.uwTickFreq
                0x0000000020000024        0x1 ./Drivers/STM32L4xx_HAL_Driver/Src/stm32l4xx_hal.o
                0x0000000020000024                uwTickFreq
 *(.RamFunc)
 *(.RamFunc*)
                0x0000000020000028                . = ALIGN (0x4)
 *fill*         0x0000000020000025        0x3 
                0x0000000020000028                _edata = .

.igot.plt       0x0000000020000028        0x0 load address 0x000000000800873c
 .igot.plt      0x0000000020000028        0x0 c:/st/stm32cubeide_1.3.0/stm32cubeide/plugins/com.st.stm32cube.ide.mcu.externaltools.gnu-tools-for-stm32.9-2020-q2-update.win32_2.0.0.202105311346/tools/bin/../lib/gcc/arm-none-eabi/9.3.1/thumb/v7e-m+fp/hard/crtbegin.o
                0x0000000020000028                . = ALIGN (0x4)

.bss            0x0000000020000028      0x49c load address 0x000000000800873c
                0x0000000020000028                _sbss = .
                0x0000000020000028                __bss_start__ = _sbss
 *(.bss)
 .bss           0x0000000020000028       0x1c c:/st/stm32cubeide_1.3.0/stm32cubeide/plugins/com.st.stm32cube.ide.mcu.externaltools.gnu-tools-for-stm32.9-2020-q2-update.win32_2.0.0.202105311346/tools/bin/../lib/gcc/arm-none-eabi/9.3.1/thumb/v7e-m+fp/hard/crtbegin.o
 *(.bss*)
 .bss.Angle     0x0000000020000044        0x2 ./Core/Src/AS5048A.o
                0x0000000020000044                Angle
 *fill*         0x0000000020000046        0x2 
 .bss.AGCDiagnosticValue
                0x0000000020000048        0x2 ./Core/Src/AS5048A.o
                0x0000000020000048                AGCDiagnosticValue
 .bss.comp_high
                0x000000002000004a        0x1 ./Core/Src/AS5048A.o
                0x000000002000004a                comp_high
 .bss.comp_low  0x000000002000004b        0x1 ./Core/Src/AS5048A.o
                0x000000002000004b                comp_low
 .bss.COF       0x000000002000004c        0x1 ./Core/Src/AS5048A.o
                0x000000002000004c                COF
 *fill*         0x000000002000004d        0x3 
 .bss.RxData    0x0000000020000050       0x64 ./Core/Src/main.o
                0x0000000020000050                RxData
 .bss.TxData    0x00000000200000b4       0x64 ./Core/Src/main.o
                0x00000000200000b4                TxData
 *(COMMON)
 COMMON         0x0000000020000118       0x3c ./Core/Src/AS5048A.o
                0x0000000020000118                EncoderState
                0x0000000020000119                MotorState
                0x000000002000011a                temp
                0x000000002000011c                JCUState
                0x0000000020000128                JCUConfig
 COMMON         0x0000000020000154        0xc ./Core/Src/Motor_Driver.o
                0x0000000020000154                prevPosError
                0x0000000020000158                PosError
                0x000000002000015c                tau
 COMMON         0x0000000020000160      0x360 ./Core/Src/main.o
                0x0000000020000160                hdma_usart2_rx
                0x00000000200001a8                hcrc
                0x00000000200001cc                hdma_usart1_tx
                0x0000000020000214                hadc1
                0x0000000020000278                hdma_usart1_rx
                0x00000000200002c0                hdma_usart2_tx
                0x0000000020000308                huart1
                0x000000002000038c                htim1
                0x00000000200003d8                hspi1
                0x000000002000043c                huart2
 COMMON         0x00000000200004c0        0x4 ./Drivers/STM32L4xx_HAL_Driver/Src/stm32l4xx_hal.o
                0x00000000200004c0                uwTick
                0x00000000200004c4                . = ALIGN (0x4)
                0x00000000200004c4                _ebss = .
                0x00000000200004c4                __bss_end__ = _ebss

._user_heap_stack
                0x00000000200004c4      0x604 load address 0x000000000800873c
                0x00000000200004c8                . = ALIGN (0x8)
 *fill*         0x00000000200004c4        0x4 
                [!provide]                        PROVIDE (end = .)
                0x00000000200004c8                PROVIDE (_end = .)
                0x00000000200006c8                . = (. + _Min_Heap_Size)
 *fill*         0x00000000200004c8      0x200 
                0x0000000020000ac8                . = (. + _Min_Stack_Size)
 *fill*         0x00000000200006c8      0x400 
                0x0000000020000ac8                . = ALIGN (0x8)

/DISCARD/
 libc.a(*)
 libm.a(*)
 libgcc.a(*)

.ARM.attributes
                0x0000000000000000       0x30
 *(.ARM.attributes)
 .ARM.attributes
                0x0000000000000000       0x1e c:/st/stm32cubeide_1.3.0/stm32cubeide/plugins/com.st.stm32cube.ide.mcu.externaltools.gnu-tools-for-stm32.9-2020-q2-update.win32_2.0.0.202105311346/tools/bin/../lib/gcc/arm-none-eabi/9.3.1/thumb/v7e-m+fp/hard/crti.o
 .ARM.attributes
                0x000000000000001e       0x34 c:/st/stm32cubeide_1.3.0/stm32cubeide/plugins/com.st.stm32cube.ide.mcu.externaltools.gnu-tools-for-stm32.9-2020-q2-update.win32_2.0.0.202105311346/tools/bin/../lib/gcc/arm-none-eabi/9.3.1/thumb/v7e-m+fp/hard/crtbegin.o
 .ARM.attributes
                0x0000000000000052       0x34 ./Core/Src/AS5048A.o
 .ARM.attributes
                0x0000000000000086       0x34 ./Core/Src/MODBUS_RTU_Slave.o
 .ARM.attributes
                0x00000000000000ba       0x34 ./Core/Src/Motor_Driver.o
 .ARM.attributes
                0x00000000000000ee       0x34 ./Core/Src/main.o
 .ARM.attributes
                0x0000000000000122       0x34 ./Core/Src/stm32l4xx_hal_msp.o
 .ARM.attributes
                0x0000000000000156       0x34 ./Core/Src/stm32l4xx_it.o
 .ARM.attributes
                0x000000000000018a       0x34 ./Core/Src/system_stm32l4xx.o
 .ARM.attributes
                0x00000000000001be       0x21 ./Core/Startup/startup_stm32l432kcux.o
 .ARM.attributes
                0x00000000000001df       0x34 ./Drivers/STM32L4xx_HAL_Driver/Src/stm32l4xx_hal.o
 .ARM.attributes
                0x0000000000000213       0x34 ./Drivers/STM32L4xx_HAL_Driver/Src/stm32l4xx_hal_adc.o
 .ARM.attributes
                0x0000000000000247       0x34 ./Drivers/STM32L4xx_HAL_Driver/Src/stm32l4xx_hal_adc_ex.o
 .ARM.attributes
                0x000000000000027b       0x34 ./Drivers/STM32L4xx_HAL_Driver/Src/stm32l4xx_hal_cortex.o
 .ARM.attributes
                0x00000000000002af       0x34 ./Drivers/STM32L4xx_HAL_Driver/Src/stm32l4xx_hal_crc.o
 .ARM.attributes
                0x00000000000002e3       0x34 ./Drivers/STM32L4xx_HAL_Driver/Src/stm32l4xx_hal_crc_ex.o
 .ARM.attributes
                0x0000000000000317       0x34 ./Drivers/STM32L4xx_HAL_Driver/Src/stm32l4xx_hal_dma.o
 .ARM.attributes
                0x000000000000034b       0x34 ./Drivers/STM32L4xx_HAL_Driver/Src/stm32l4xx_hal_gpio.o
 .ARM.attributes
                0x000000000000037f       0x34 ./Drivers/STM32L4xx_HAL_Driver/Src/stm32l4xx_hal_pwr_ex.o
 .ARM.attributes
                0x00000000000003b3       0x34 ./Drivers/STM32L4xx_HAL_Driver/Src/stm32l4xx_hal_rcc.o
 .ARM.attributes
                0x00000000000003e7       0x34 ./Drivers/STM32L4xx_HAL_Driver/Src/stm32l4xx_hal_rcc_ex.o
 .ARM.attributes
                0x000000000000041b       0x34 ./Drivers/STM32L4xx_HAL_Driver/Src/stm32l4xx_hal_spi.o
 .ARM.attributes
                0x000000000000044f       0x34 ./Drivers/STM32L4xx_HAL_Driver/Src/stm32l4xx_hal_tim.o
 .ARM.attributes
                0x0000000000000483       0x34 ./Drivers/STM32L4xx_HAL_Driver/Src/stm32l4xx_hal_tim_ex.o
 .ARM.attributes
                0x00000000000004b7       0x34 ./Drivers/STM32L4xx_HAL_Driver/Src/stm32l4xx_hal_uart.o
 .ARM.attributes
                0x00000000000004eb       0x34 ./Drivers/STM32L4xx_HAL_Driver/Src/stm32l4xx_hal_uart_ex.o
 .ARM.attributes
                0x000000000000051f       0x34 c:/st/stm32cubeide_1.3.0/stm32cubeide/plugins/com.st.stm32cube.ide.mcu.externaltools.gnu-tools-for-stm32.9-2020-q2-update.win32_2.0.0.202105311346/tools/bin/../lib/gcc/arm-none-eabi/9.3.1/../../../../arm-none-eabi/lib/thumb/v7e-m+fp/hard\libc_nano.a(lib_a-init.o)
 .ARM.attributes
                0x0000000000000553       0x34 c:/st/stm32cubeide_1.3.0/stm32cubeide/plugins/com.st.stm32cube.ide.mcu.externaltools.gnu-tools-for-stm32.9-2020-q2-update.win32_2.0.0.202105311346/tools/bin/../lib/gcc/arm-none-eabi/9.3.1/../../../../arm-none-eabi/lib/thumb/v7e-m+fp/hard\libc_nano.a(lib_a-memset.o)
 .ARM.attributes
                0x0000000000000587       0x1e c:/st/stm32cubeide_1.3.0/stm32cubeide/plugins/com.st.stm32cube.ide.mcu.externaltools.gnu-tools-for-stm32.9-2020-q2-update.win32_2.0.0.202105311346/tools/bin/../lib/gcc/arm-none-eabi/9.3.1/thumb/v7e-m+fp/hard\libgcc.a(_aeabi_uldivmod.o)
 .ARM.attributes
                0x00000000000005a5       0x34 c:/st/stm32cubeide_1.3.0/stm32cubeide/plugins/com.st.stm32cube.ide.mcu.externaltools.gnu-tools-for-stm32.9-2020-q2-update.win32_2.0.0.202105311346/tools/bin/../lib/gcc/arm-none-eabi/9.3.1/thumb/v7e-m+fp/hard\libgcc.a(_udivmoddi4.o)
 .ARM.attributes
                0x00000000000005d9       0x1e c:/st/stm32cubeide_1.3.0/stm32cubeide/plugins/com.st.stm32cube.ide.mcu.externaltools.gnu-tools-for-stm32.9-2020-q2-update.win32_2.0.0.202105311346/tools/bin/../lib/gcc/arm-none-eabi/9.3.1/thumb/v7e-m+fp/hard\libgcc.a(_dvmd_tls.o)
 .ARM.attributes
                0x00000000000005f7       0x1e c:/st/stm32cubeide_1.3.0/stm32cubeide/plugins/com.st.stm32cube.ide.mcu.externaltools.gnu-tools-for-stm32.9-2020-q2-update.win32_2.0.0.202105311346/tools/bin/../lib/gcc/arm-none-eabi/9.3.1/thumb/v7e-m+fp/hard/crtn.o
OUTPUT(JCU.elf elf32-littlearm)
LOAD linker stubs
LOAD c:/st/stm32cubeide_1.3.0/stm32cubeide/plugins/com.st.stm32cube.ide.mcu.externaltools.gnu-tools-for-stm32.9-2020-q2-update.win32_2.0.0.202105311346/tools/bin/../lib/gcc/arm-none-eabi/9.3.1/../../../../arm-none-eabi/lib/thumb/v7e-m+fp/hard\libc.a
LOAD c:/st/stm32cubeide_1.3.0/stm32cubeide/plugins/com.st.stm32cube.ide.mcu.externaltools.gnu-tools-for-stm32.9-2020-q2-update.win32_2.0.0.202105311346/tools/bin/../lib/gcc/arm-none-eabi/9.3.1/../../../../arm-none-eabi/lib/thumb/v7e-m+fp/hard\libm.a
LOAD c:/st/stm32cubeide_1.3.0/stm32cubeide/plugins/com.st.stm32cube.ide.mcu.externaltools.gnu-tools-for-stm32.9-2020-q2-update.win32_2.0.0.202105311346/tools/bin/../lib/gcc/arm-none-eabi/9.3.1/thumb/v7e-m+fp/hard\libgcc.a

.debug_info     0x0000000000000000    0x1c2f2
 .debug_info    0x0000000000000000     0x147f ./Core/Src/AS5048A.o
 .debug_info    0x000000000000147f     0x19f0 ./Core/Src/MODBUS_RTU_Slave.o
 .debug_info    0x0000000000002e6f     0x135b ./Core/Src/Motor_Driver.o
 .debug_info    0x00000000000041ca     0x22df ./Core/Src/main.o
 .debug_info    0x00000000000064a9     0x1ea3 ./Core/Src/stm32l4xx_hal_msp.o
 .debug_info    0x000000000000834c     0x1461 ./Core/Src/stm32l4xx_it.o
 .debug_info    0x00000000000097ad      0x787 ./Core/Src/system_stm32l4xx.o
 .debug_info    0x0000000000009f34       0x22 ./Core/Startup/startup_stm32l432kcux.o
 .debug_info    0x0000000000009f56      0xb5e ./Drivers/STM32L4xx_HAL_Driver/Src/stm32l4xx_hal.o
 .debug_info    0x000000000000aab4     0x1eab ./Drivers/STM32L4xx_HAL_Driver/Src/stm32l4xx_hal_adc.o
 .debug_info    0x000000000000c95f     0x19f6 ./Drivers/STM32L4xx_HAL_Driver/Src/stm32l4xx_hal_adc_ex.o
 .debug_info    0x000000000000e355      0xfb0 ./Drivers/STM32L4xx_HAL_Driver/Src/stm32l4xx_hal_cortex.o
 .debug_info    0x000000000000f305      0x75a ./Drivers/STM32L4xx_HAL_Driver/Src/stm32l4xx_hal_crc.o
 .debug_info    0x000000000000fa5f      0x58d ./Drivers/STM32L4xx_HAL_Driver/Src/stm32l4xx_hal_crc_ex.o
 .debug_info    0x000000000000ffec      0x973 ./Drivers/STM32L4xx_HAL_Driver/Src/stm32l4xx_hal_dma.o
 .debug_info    0x000000000001095f      0xa5f ./Drivers/STM32L4xx_HAL_Driver/Src/stm32l4xx_hal_gpio.o
 .debug_info    0x00000000000113be      0xb7b ./Drivers/STM32L4xx_HAL_Driver/Src/stm32l4xx_hal_pwr_ex.o
 .debug_info    0x0000000000011f39      0xdb5 ./Drivers/STM32L4xx_HAL_Driver/Src/stm32l4xx_hal_rcc.o
 .debug_info    0x0000000000012cee     0x1108 ./Drivers/STM32L4xx_HAL_Driver/Src/stm32l4xx_hal_rcc_ex.o
 .debug_info    0x0000000000013df6     0x18f8 ./Drivers/STM32L4xx_HAL_Driver/Src/stm32l4xx_hal_spi.o
 .debug_info    0x00000000000156ee     0x2cb9 ./Drivers/STM32L4xx_HAL_Driver/Src/stm32l4xx_hal_tim.o
 .debug_info    0x00000000000183a7     0x1813 ./Drivers/STM32L4xx_HAL_Driver/Src/stm32l4xx_hal_tim_ex.o
 .debug_info    0x0000000000019bba     0x1ad1 ./Drivers/STM32L4xx_HAL_Driver/Src/stm32l4xx_hal_uart.o
 .debug_info    0x000000000001b68b      0xc67 ./Drivers/STM32L4xx_HAL_Driver/Src/stm32l4xx_hal_uart_ex.o

.debug_abbrev   0x0000000000000000     0x31da
 .debug_abbrev  0x0000000000000000      0x209 ./Core/Src/AS5048A.o
 .debug_abbrev  0x0000000000000209      0x20b ./Core/Src/MODBUS_RTU_Slave.o
 .debug_abbrev  0x0000000000000414      0x1cf ./Core/Src/Motor_Driver.o
 .debug_abbrev  0x00000000000005e3      0x2aa ./Core/Src/main.o
 .debug_abbrev  0x000000000000088d      0x222 ./Core/Src/stm32l4xx_hal_msp.o
 .debug_abbrev  0x0000000000000aaf      0x1a1 ./Core/Src/stm32l4xx_it.o
 .debug_abbrev  0x0000000000000c50      0x165 ./Core/Src/system_stm32l4xx.o
 .debug_abbrev  0x0000000000000db5       0x12 ./Core/Startup/startup_stm32l432kcux.o
 .debug_abbrev  0x0000000000000dc7      0x20b ./Drivers/STM32L4xx_HAL_Driver/Src/stm32l4xx_hal.o
 .debug_abbrev  0x0000000000000fd2      0x288 ./Drivers/STM32L4xx_HAL_Driver/Src/stm32l4xx_hal_adc.o
 .debug_abbrev  0x000000000000125a      0x2ac ./Drivers/STM32L4xx_HAL_Driver/Src/stm32l4xx_hal_adc_ex.o
 .debug_abbrev  0x0000000000001506      0x33c ./Drivers/STM32L4xx_HAL_Driver/Src/stm32l4xx_hal_cortex.o
 .debug_abbrev  0x0000000000001842      0x1f9 ./Drivers/STM32L4xx_HAL_Driver/Src/stm32l4xx_hal_crc.o
 .debug_abbrev  0x0000000000001a3b      0x185 ./Drivers/STM32L4xx_HAL_Driver/Src/stm32l4xx_hal_crc_ex.o
 .debug_abbrev  0x0000000000001bc0      0x201 ./Drivers/STM32L4xx_HAL_Driver/Src/stm32l4xx_hal_dma.o
 .debug_abbrev  0x0000000000001dc1      0x1e8 ./Drivers/STM32L4xx_HAL_Driver/Src/stm32l4xx_hal_gpio.o
 .debug_abbrev  0x0000000000001fa9      0x1f3 ./Drivers/STM32L4xx_HAL_Driver/Src/stm32l4xx_hal_pwr_ex.o
 .debug_abbrev  0x000000000000219c      0x275 ./Drivers/STM32L4xx_HAL_Driver/Src/stm32l4xx_hal_rcc.o
 .debug_abbrev  0x0000000000002411      0x268 ./Drivers/STM32L4xx_HAL_Driver/Src/stm32l4xx_hal_rcc_ex.o
 .debug_abbrev  0x0000000000002679      0x254 ./Drivers/STM32L4xx_HAL_Driver/Src/stm32l4xx_hal_spi.o
 .debug_abbrev  0x00000000000028cd      0x25e ./Drivers/STM32L4xx_HAL_Driver/Src/stm32l4xx_hal_tim.o
 .debug_abbrev  0x0000000000002b2b      0x266 ./Drivers/STM32L4xx_HAL_Driver/Src/stm32l4xx_hal_tim_ex.o
 .debug_abbrev  0x0000000000002d91      0x23f ./Drivers/STM32L4xx_HAL_Driver/Src/stm32l4xx_hal_uart.o
 .debug_abbrev  0x0000000000002fd0      0x20a ./Drivers/STM32L4xx_HAL_Driver/Src/stm32l4xx_hal_uart_ex.o

.debug_aranges  0x0000000000000000     0x1638
 .debug_aranges
                0x0000000000000000       0x48 ./Core/Src/AS5048A.o
 .debug_aranges
                0x0000000000000048       0x28 ./Core/Src/MODBUS_RTU_Slave.o
 .debug_aranges
                0x0000000000000070       0x40 ./Core/Src/Motor_Driver.o
 .debug_aranges
                0x00000000000000b0       0x98 ./Core/Src/main.o
 .debug_aranges
                0x0000000000000148       0x78 ./Core/Src/stm32l4xx_hal_msp.o
 .debug_aranges
                0x00000000000001c0       0xa8 ./Core/Src/stm32l4xx_it.o
 .debug_aranges
                0x0000000000000268       0x28 ./Core/Src/system_stm32l4xx.o
 .debug_aranges
                0x0000000000000290       0x28 ./Core/Startup/startup_stm32l432kcux.o
 .debug_aranges
                0x00000000000002b8      0x108 ./Drivers/STM32L4xx_HAL_Driver/Src/stm32l4xx_hal.o
 .debug_aranges
                0x00000000000003c0      0x210 ./Drivers/STM32L4xx_HAL_Driver/Src/stm32l4xx_hal_adc.o
 .debug_aranges
                0x00000000000005d0      0x170 ./Drivers/STM32L4xx_HAL_Driver/Src/stm32l4xx_hal_adc_ex.o
 .debug_aranges
                0x0000000000000740      0x118 ./Drivers/STM32L4xx_HAL_Driver/Src/stm32l4xx_hal_cortex.o
 .debug_aranges
                0x0000000000000858       0x60 ./Drivers/STM32L4xx_HAL_Driver/Src/stm32l4xx_hal_crc.o
 .debug_aranges
                0x00000000000008b8       0x30 ./Drivers/STM32L4xx_HAL_Driver/Src/stm32l4xx_hal_crc_ex.o
 .debug_aranges
                0x00000000000008e8       0x80 ./Drivers/STM32L4xx_HAL_Driver/Src/stm32l4xx_hal_dma.o
 .debug_aranges
                0x0000000000000968       0x58 ./Drivers/STM32L4xx_HAL_Driver/Src/stm32l4xx_hal_gpio.o
 .debug_aranges
                0x00000000000009c0      0x128 ./Drivers/STM32L4xx_HAL_Driver/Src/stm32l4xx_hal_pwr_ex.o
 .debug_aranges
                0x0000000000000ae8       0x88 ./Drivers/STM32L4xx_HAL_Driver/Src/stm32l4xx_hal_rcc.o
 .debug_aranges
                0x0000000000000b70       0xf0 ./Drivers/STM32L4xx_HAL_Driver/Src/stm32l4xx_hal_rcc_ex.o
 .debug_aranges
                0x0000000000000c60      0x1d8 ./Drivers/STM32L4xx_HAL_Driver/Src/stm32l4xx_hal_spi.o
 .debug_aranges
                0x0000000000000e38      0x3e0 ./Drivers/STM32L4xx_HAL_Driver/Src/stm32l4xx_hal_tim.o
 .debug_aranges
                0x0000000000001218      0x180 ./Drivers/STM32L4xx_HAL_Driver/Src/stm32l4xx_hal_tim_ex.o
 .debug_aranges
                0x0000000000001398      0x228 ./Drivers/STM32L4xx_HAL_Driver/Src/stm32l4xx_hal_uart.o
 .debug_aranges
                0x00000000000015c0       0x78 ./Drivers/STM32L4xx_HAL_Driver/Src/stm32l4xx_hal_uart_ex.o

.debug_ranges   0x0000000000000000     0x1508
 .debug_ranges  0x0000000000000000       0x38 ./Core/Src/AS5048A.o
 .debug_ranges  0x0000000000000038       0x18 ./Core/Src/MODBUS_RTU_Slave.o
 .debug_ranges  0x0000000000000050       0x30 ./Core/Src/Motor_Driver.o
 .debug_ranges  0x0000000000000080       0xa0 ./Core/Src/main.o
 .debug_ranges  0x0000000000000120       0x68 ./Core/Src/stm32l4xx_hal_msp.o
 .debug_ranges  0x0000000000000188       0x98 ./Core/Src/stm32l4xx_it.o
 .debug_ranges  0x0000000000000220       0x18 ./Core/Src/system_stm32l4xx.o
 .debug_ranges  0x0000000000000238       0x20 ./Core/Startup/startup_stm32l432kcux.o
 .debug_ranges  0x0000000000000258       0xf8 ./Drivers/STM32L4xx_HAL_Driver/Src/stm32l4xx_hal.o
 .debug_ranges  0x0000000000000350      0x200 ./Drivers/STM32L4xx_HAL_Driver/Src/stm32l4xx_hal_adc.o
 .debug_ranges  0x0000000000000550      0x160 ./Drivers/STM32L4xx_HAL_Driver/Src/stm32l4xx_hal_adc_ex.o
 .debug_ranges  0x00000000000006b0      0x108 ./Drivers/STM32L4xx_HAL_Driver/Src/stm32l4xx_hal_cortex.o
 .debug_ranges  0x00000000000007b8       0x50 ./Drivers/STM32L4xx_HAL_Driver/Src/stm32l4xx_hal_crc.o
 .debug_ranges  0x0000000000000808       0x20 ./Drivers/STM32L4xx_HAL_Driver/Src/stm32l4xx_hal_crc_ex.o
 .debug_ranges  0x0000000000000828       0x70 ./Drivers/STM32L4xx_HAL_Driver/Src/stm32l4xx_hal_dma.o
 .debug_ranges  0x0000000000000898       0x48 ./Drivers/STM32L4xx_HAL_Driver/Src/stm32l4xx_hal_gpio.o
 .debug_ranges  0x00000000000008e0      0x118 ./Drivers/STM32L4xx_HAL_Driver/Src/stm32l4xx_hal_pwr_ex.o
 .debug_ranges  0x00000000000009f8       0x78 ./Drivers/STM32L4xx_HAL_Driver/Src/stm32l4xx_hal_rcc.o
 .debug_ranges  0x0000000000000a70       0xe0 ./Drivers/STM32L4xx_HAL_Driver/Src/stm32l4xx_hal_rcc_ex.o
 .debug_ranges  0x0000000000000b50      0x1c8 ./Drivers/STM32L4xx_HAL_Driver/Src/stm32l4xx_hal_spi.o
 .debug_ranges  0x0000000000000d18      0x3d0 ./Drivers/STM32L4xx_HAL_Driver/Src/stm32l4xx_hal_tim.o
 .debug_ranges  0x00000000000010e8      0x170 ./Drivers/STM32L4xx_HAL_Driver/Src/stm32l4xx_hal_tim_ex.o
 .debug_ranges  0x0000000000001258      0x248 ./Drivers/STM32L4xx_HAL_Driver/Src/stm32l4xx_hal_uart.o
 .debug_ranges  0x00000000000014a0       0x68 ./Drivers/STM32L4xx_HAL_Driver/Src/stm32l4xx_hal_uart_ex.o

.debug_macro    0x0000000000000000    0x23607
 .debug_macro   0x0000000000000000      0x25f ./Core/Src/AS5048A.o
 .debug_macro   0x000000000000025f      0xaa8 ./Core/Src/AS5048A.o
 .debug_macro   0x0000000000000d07      0x1bf ./Core/Src/AS5048A.o
 .debug_macro   0x0000000000000ec6       0x2e ./Core/Src/AS5048A.o
 .debug_macro   0x0000000000000ef4       0x28 ./Core/Src/AS5048A.o
 .debug_macro   0x0000000000000f1c       0x22 ./Core/Src/AS5048A.o
 .debug_macro   0x0000000000000f3e       0x8e ./Core/Src/AS5048A.o
 .debug_macro   0x0000000000000fcc       0x51 ./Core/Src/AS5048A.o
 .debug_macro   0x000000000000101d      0x103 ./Core/Src/AS5048A.o
 .debug_macro   0x0000000000001120       0x6a ./Core/Src/AS5048A.o
 .debug_macro   0x000000000000118a      0x1df ./Core/Src/AS5048A.o
 .debug_macro   0x0000000000001369       0x1c ./Core/Src/AS5048A.o
 .debug_macro   0x0000000000001385       0x22 ./Core/Src/AS5048A.o
 .debug_macro   0x00000000000013a7      0x101 ./Core/Src/AS5048A.o
 .debug_macro   0x00000000000014a8     0x1011 ./Core/Src/AS5048A.o
 .debug_macro   0x00000000000024b9      0x11f ./Core/Src/AS5048A.o
 .debug_macro   0x00000000000025d8    0x1479f ./Core/Src/AS5048A.o
 .debug_macro   0x0000000000016d77       0x43 ./Core/Src/AS5048A.o
 .debug_macro   0x0000000000016dba     0x3897 ./Core/Src/AS5048A.o
 .debug_macro   0x000000000001a651      0x174 ./Core/Src/AS5048A.o
 .debug_macro   0x000000000001a7c5       0x5c ./Core/Src/AS5048A.o
 .debug_macro   0x000000000001a821     0x118b ./Core/Src/AS5048A.o
 .debug_macro   0x000000000001b9ac      0x535 ./Core/Src/AS5048A.o
 .debug_macro   0x000000000001bee1      0x13d ./Core/Src/AS5048A.o
 .debug_macro   0x000000000001c01e      0x122 ./Core/Src/AS5048A.o
 .debug_macro   0x000000000001c140      0x26b ./Core/Src/AS5048A.o
 .debug_macro   0x000000000001c3ab      0x23d ./Core/Src/AS5048A.o
 .debug_macro   0x000000000001c5e8      0xdd8 ./Core/Src/AS5048A.o
 .debug_macro   0x000000000001d3c0      0x61d ./Core/Src/AS5048A.o
 .debug_macro   0x000000000001d9dd      0x241 ./Core/Src/AS5048A.o
 .debug_macro   0x000000000001dc1e       0xd5 ./Core/Src/AS5048A.o
 .debug_macro   0x000000000001dcf3       0x4c ./Core/Src/AS5048A.o
 .debug_macro   0x000000000001dd3f      0x241 ./Core/Src/AS5048A.o
 .debug_macro   0x000000000001df80      0x375 ./Core/Src/AS5048A.o
 .debug_macro   0x000000000001e2f5       0xd6 ./Core/Src/AS5048A.o
 .debug_macro   0x000000000001e3cb      0x22c ./Core/Src/AS5048A.o
 .debug_macro   0x000000000001e5f7       0x61 ./Core/Src/AS5048A.o
 .debug_macro   0x000000000001e658       0xa5 ./Core/Src/AS5048A.o
 .debug_macro   0x000000000001e6fd      0x122 ./Core/Src/AS5048A.o
 .debug_macro   0x000000000001e81f      0x357 ./Core/Src/AS5048A.o
 .debug_macro   0x000000000001eb76      0x2fe ./Core/Src/AS5048A.o
 .debug_macro   0x000000000001ee74      0xa75 ./Core/Src/AS5048A.o
 .debug_macro   0x000000000001f8e9      0x12e ./Core/Src/AS5048A.o
 .debug_macro   0x000000000001fa17      0x5ba ./Core/Src/AS5048A.o
 .debug_macro   0x000000000001ffd1       0x44 ./Core/Src/AS5048A.o
 .debug_macro   0x0000000000020015      0x221 ./Core/Src/AS5048A.o
 .debug_macro   0x0000000000020236       0x82 ./Core/Src/AS5048A.o
 .debug_macro   0x00000000000202b8       0x22 ./Core/Src/AS5048A.o
 .debug_macro   0x00000000000202da       0x40 ./Core/Src/AS5048A.o
 .debug_macro   0x000000000002031a       0x7c ./Core/Src/AS5048A.o
 .debug_macro   0x0000000000020396      0x26a ./Core/Src/MODBUS_RTU_Slave.o
 .debug_macro   0x0000000000020600       0xdc ./Core/Src/MODBUS_RTU_Slave.o
 .debug_macro   0x00000000000206dc      0x25b ./Core/Src/Motor_Driver.o
 .debug_macro   0x0000000000020937      0x269 ./Core/Src/main.o
 .debug_macro   0x0000000000020ba0      0x234 ./Core/Src/stm32l4xx_hal_msp.o
 .debug_macro   0x0000000000020dd4      0x23e ./Core/Src/stm32l4xx_it.o
 .debug_macro   0x0000000000021012      0x225 ./Core/Src/system_stm32l4xx.o
 .debug_macro   0x0000000000021237      0x26d ./Drivers/STM32L4xx_HAL_Driver/Src/stm32l4xx_hal.o
 .debug_macro   0x00000000000214a4      0x242 ./Drivers/STM32L4xx_HAL_Driver/Src/stm32l4xx_hal_adc.o
 .debug_macro   0x00000000000216e6      0x231 ./Drivers/STM32L4xx_HAL_Driver/Src/stm32l4xx_hal_adc_ex.o
 .debug_macro   0x0000000000021917      0x225 ./Drivers/STM32L4xx_HAL_Driver/Src/stm32l4xx_hal_cortex.o
 .debug_macro   0x0000000000021b3c      0x225 ./Drivers/STM32L4xx_HAL_Driver/Src/stm32l4xx_hal_crc.o
 .debug_macro   0x0000000000021d61      0x225 ./Drivers/STM32L4xx_HAL_Driver/Src/stm32l4xx_hal_crc_ex.o
 .debug_macro   0x0000000000021f86      0x225 ./Drivers/STM32L4xx_HAL_Driver/Src/stm32l4xx_hal_dma.o
 .debug_macro   0x00000000000221ab      0x264 ./Drivers/STM32L4xx_HAL_Driver/Src/stm32l4xx_hal_gpio.o
 .debug_macro   0x000000000002240f      0x249 ./Drivers/STM32L4xx_HAL_Driver/Src/stm32l4xx_hal_pwr_ex.o
 .debug_macro   0x0000000000022658      0x267 ./Drivers/STM32L4xx_HAL_Driver/Src/stm32l4xx_hal_rcc.o
 .debug_macro   0x00000000000228bf      0x25b ./Drivers/STM32L4xx_HAL_Driver/Src/stm32l4xx_hal_rcc_ex.o
 .debug_macro   0x0000000000022b1a      0x22d ./Drivers/STM32L4xx_HAL_Driver/Src/stm32l4xx_hal_spi.o
 .debug_macro   0x0000000000022d47      0x226 ./Drivers/STM32L4xx_HAL_Driver/Src/stm32l4xx_hal_tim.o
 .debug_macro   0x0000000000022f6d      0x225 ./Drivers/STM32L4xx_HAL_Driver/Src/stm32l4xx_hal_tim_ex.o
 .debug_macro   0x0000000000023192      0x250 ./Drivers/STM32L4xx_HAL_Driver/Src/stm32l4xx_hal_uart.o
 .debug_macro   0x00000000000233e2      0x225 ./Drivers/STM32L4xx_HAL_Driver/Src/stm32l4xx_hal_uart_ex.o

.debug_line     0x0000000000000000    0x18a95
 .debug_line    0x0000000000000000      0x93e ./Core/Src/AS5048A.o
 .debug_line    0x000000000000093e      0xb3d ./Core/Src/MODBUS_RTU_Slave.o
 .debug_line    0x000000000000147b      0x8c0 ./Core/Src/Motor_Driver.o
 .debug_line    0x0000000000001d3b      0xbb2 ./Core/Src/main.o
 .debug_line    0x00000000000028ed      0xa5e ./Core/Src/stm32l4xx_hal_msp.o
 .debug_line    0x000000000000334b      0x93f ./Core/Src/stm32l4xx_it.o
 .debug_line    0x0000000000003c8a      0x852 ./Core/Src/system_stm32l4xx.o
 .debug_line    0x00000000000044dc       0x87 ./Core/Startup/startup_stm32l432kcux.o
 .debug_line    0x0000000000004563      0xafe ./Drivers/STM32L4xx_HAL_Driver/Src/stm32l4xx_hal.o
 .debug_line    0x0000000000005061     0x1c70 ./Drivers/STM32L4xx_HAL_Driver/Src/stm32l4xx_hal_adc.o
 .debug_line    0x0000000000006cd1     0x1516 ./Drivers/STM32L4xx_HAL_Driver/Src/stm32l4xx_hal_adc_ex.o
 .debug_line    0x00000000000081e7      0xd38 ./Drivers/STM32L4xx_HAL_Driver/Src/stm32l4xx_hal_cortex.o
 .debug_line    0x0000000000008f1f      0xae2 ./Drivers/STM32L4xx_HAL_Driver/Src/stm32l4xx_hal_crc.o
 .debug_line    0x0000000000009a01      0x854 ./Drivers/STM32L4xx_HAL_Driver/Src/stm32l4xx_hal_crc_ex.o
 .debug_line    0x000000000000a255      0xd70 ./Drivers/STM32L4xx_HAL_Driver/Src/stm32l4xx_hal_dma.o
 .debug_line    0x000000000000afc5      0xb8c ./Drivers/STM32L4xx_HAL_Driver/Src/stm32l4xx_hal_gpio.o
 .debug_line    0x000000000000bb51      0xc84 ./Drivers/STM32L4xx_HAL_Driver/Src/stm32l4xx_hal_pwr_ex.o
 .debug_line    0x000000000000c7d5     0x1017 ./Drivers/STM32L4xx_HAL_Driver/Src/stm32l4xx_hal_rcc.o
 .debug_line    0x000000000000d7ec     0x1363 ./Drivers/STM32L4xx_HAL_Driver/Src/stm32l4xx_hal_rcc_ex.o
 .debug_line    0x000000000000eb4f     0x1fba ./Drivers/STM32L4xx_HAL_Driver/Src/stm32l4xx_hal_spi.o
 .debug_line    0x0000000000010b09     0x3aec ./Drivers/STM32L4xx_HAL_Driver/Src/stm32l4xx_hal_tim.o
 .debug_line    0x00000000000145f5     0x1b6d ./Drivers/STM32L4xx_HAL_Driver/Src/stm32l4xx_hal_tim_ex.o
 .debug_line    0x0000000000016162     0x1db5 ./Drivers/STM32L4xx_HAL_Driver/Src/stm32l4xx_hal_uart.o
 .debug_line    0x0000000000017f17      0xb7e ./Drivers/STM32L4xx_HAL_Driver/Src/stm32l4xx_hal_uart_ex.o

.debug_str      0x0000000000000000    0xdbc5b
 .debug_str     0x0000000000000000    0xd57ee ./Core/Src/AS5048A.o
                                      0xd5e61 (size before relaxing)
 .debug_str     0x00000000000d57ee      0x88e ./Core/Src/MODBUS_RTU_Slave.o
                                      0xd65c4 (size before relaxing)
 .debug_str     0x00000000000d607c       0x92 ./Core/Src/Motor_Driver.o
                                      0xd5d98 (size before relaxing)
 .debug_str     0x00000000000d610e      0x910 ./Core/Src/main.o
                                      0xd69f8 (size before relaxing)
 .debug_str     0x00000000000d6a1e      0x29b ./Core/Src/stm32l4xx_hal_msp.o
                                      0xd60fd (size before relaxing)
 .debug_str     0x00000000000d6cb9      0x16e ./Core/Src/stm32l4xx_it.o
                                      0xd5949 (size before relaxing)
 .debug_str     0x00000000000d6e27       0xb8 ./Core/Src/system_stm32l4xx.o
                                      0xd4c4a (size before relaxing)
 .debug_str     0x00000000000d6edf       0x36 ./Core/Startup/startup_stm32l432kcux.o
                                         0x73 (size before relaxing)
 .debug_str     0x00000000000d6f15      0x4d4 ./Drivers/STM32L4xx_HAL_Driver/Src/stm32l4xx_hal.o
                                      0xd5543 (size before relaxing)
 .debug_str     0x00000000000d73e9      0x97a ./Drivers/STM32L4xx_HAL_Driver/Src/stm32l4xx_hal_adc.o
                                      0xd595a (size before relaxing)
 .debug_str     0x00000000000d7d63      0x614 ./Drivers/STM32L4xx_HAL_Driver/Src/stm32l4xx_hal_adc_ex.o
                                      0xd5801 (size before relaxing)
 .debug_str     0x00000000000d8377      0x389 ./Drivers/STM32L4xx_HAL_Driver/Src/stm32l4xx_hal_cortex.o
                                      0xd53a0 (size before relaxing)
 .debug_str     0x00000000000d8700       0xba ./Drivers/STM32L4xx_HAL_Driver/Src/stm32l4xx_hal_crc.o
                                      0xd4cf8 (size before relaxing)
 .debug_str     0x00000000000d87ba       0x82 ./Drivers/STM32L4xx_HAL_Driver/Src/stm32l4xx_hal_crc_ex.o
                                      0xd4ccb (size before relaxing)
 .debug_str     0x00000000000d883c      0x253 ./Drivers/STM32L4xx_HAL_Driver/Src/stm32l4xx_hal_dma.o
                                      0xd4eba (size before relaxing)
 .debug_str     0x00000000000d8a8f      0x236 ./Drivers/STM32L4xx_HAL_Driver/Src/stm32l4xx_hal_gpio.o
                                      0xd4edf (size before relaxing)
 .debug_str     0x00000000000d8cc5      0x44a ./Drivers/STM32L4xx_HAL_Driver/Src/stm32l4xx_hal_pwr_ex.o
                                      0xd5108 (size before relaxing)
 .debug_str     0x00000000000d910f      0x395 ./Drivers/STM32L4xx_HAL_Driver/Src/stm32l4xx_hal_rcc.o
                                      0xd51e1 (size before relaxing)
 .debug_str     0x00000000000d94a4      0x527 ./Drivers/STM32L4xx_HAL_Driver/Src/stm32l4xx_hal_rcc_ex.o
                                      0xd5459 (size before relaxing)
 .debug_str     0x00000000000d99cb      0x562 ./Drivers/STM32L4xx_HAL_Driver/Src/stm32l4xx_hal_spi.o
                                      0xd5415 (size before relaxing)
 .debug_str     0x00000000000d9f2d      0xdc4 ./Drivers/STM32L4xx_HAL_Driver/Src/stm32l4xx_hal_tim.o
                                      0xd5ee3 (size before relaxing)
 .debug_str     0x00000000000dacf1      0x537 ./Drivers/STM32L4xx_HAL_Driver/Src/stm32l4xx_hal_tim_ex.o
                                      0xd57b5 (size before relaxing)
 .debug_str     0x00000000000db228      0x856 ./Drivers/STM32L4xx_HAL_Driver/Src/stm32l4xx_hal_uart.o
                                      0xd58a9 (size before relaxing)
 .debug_str     0x00000000000dba7e      0x1dd ./Drivers/STM32L4xx_HAL_Driver/Src/stm32l4xx_hal_uart_ex.o
                                      0xd50b6 (size before relaxing)

.comment        0x0000000000000000       0x53
 .comment       0x0000000000000000       0x53 ./Core/Src/AS5048A.o
                                         0x54 (size before relaxing)
 .comment       0x0000000000000053       0x54 ./Core/Src/MODBUS_RTU_Slave.o
 .comment       0x0000000000000053       0x54 ./Core/Src/Motor_Driver.o
 .comment       0x0000000000000053       0x54 ./Core/Src/main.o
 .comment       0x0000000000000053       0x54 ./Core/Src/stm32l4xx_hal_msp.o
 .comment       0x0000000000000053       0x54 ./Core/Src/stm32l4xx_it.o
 .comment       0x0000000000000053       0x54 ./Core/Src/system_stm32l4xx.o
 .comment       0x0000000000000053       0x54 ./Drivers/STM32L4xx_HAL_Driver/Src/stm32l4xx_hal.o
 .comment       0x0000000000000053       0x54 ./Drivers/STM32L4xx_HAL_Driver/Src/stm32l4xx_hal_adc.o
 .comment       0x0000000000000053       0x54 ./Drivers/STM32L4xx_HAL_Driver/Src/stm32l4xx_hal_adc_ex.o
 .comment       0x0000000000000053       0x54 ./Drivers/STM32L4xx_HAL_Driver/Src/stm32l4xx_hal_cortex.o
 .comment       0x0000000000000053       0x54 ./Drivers/STM32L4xx_HAL_Driver/Src/stm32l4xx_hal_crc.o
 .comment       0x0000000000000053       0x54 ./Drivers/STM32L4xx_HAL_Driver/Src/stm32l4xx_hal_crc_ex.o
 .comment       0x0000000000000053       0x54 ./Drivers/STM32L4xx_HAL_Driver/Src/stm32l4xx_hal_dma.o
 .comment       0x0000000000000053       0x54 ./Drivers/STM32L4xx_HAL_Driver/Src/stm32l4xx_hal_gpio.o
 .comment       0x0000000000000053       0x54 ./Drivers/STM32L4xx_HAL_Driver/Src/stm32l4xx_hal_pwr_ex.o
 .comment       0x0000000000000053       0x54 ./Drivers/STM32L4xx_HAL_Driver/Src/stm32l4xx_hal_rcc.o
 .comment       0x0000000000000053       0x54 ./Drivers/STM32L4xx_HAL_Driver/Src/stm32l4xx_hal_rcc_ex.o
 .comment       0x0000000000000053       0x54 ./Drivers/STM32L4xx_HAL_Driver/Src/stm32l4xx_hal_spi.o
 .comment       0x0000000000000053       0x54 ./Drivers/STM32L4xx_HAL_Driver/Src/stm32l4xx_hal_tim.o
 .comment       0x0000000000000053       0x54 ./Drivers/STM32L4xx_HAL_Driver/Src/stm32l4xx_hal_tim_ex.o
 .comment       0x0000000000000053       0x54 ./Drivers/STM32L4xx_HAL_Driver/Src/stm32l4xx_hal_uart.o
 .comment       0x0000000000000053       0x54 ./Drivers/STM32L4xx_HAL_Driver/Src/stm32l4xx_hal_uart_ex.o

.debug_frame    0x0000000000000000     0x5e14
 .debug_frame   0x0000000000000000       0xcc ./Core/Src/AS5048A.o
 .debug_frame   0x00000000000000cc       0x64 ./Core/Src/MODBUS_RTU_Slave.o
 .debug_frame   0x0000000000000130       0xa4 ./Core/Src/Motor_Driver.o
 .debug_frame   0x00000000000001d4      0x220 ./Core/Src/main.o
 .debug_frame   0x00000000000003f4      0x1d4 ./Core/Src/stm32l4xx_hal_msp.o
 .debug_frame   0x00000000000005c8      0x200 ./Core/Src/stm32l4xx_it.o
 .debug_frame   0x00000000000007c8       0x58 ./Core/Src/system_stm32l4xx.o
 .debug_frame   0x0000000000000820      0x3dc ./Drivers/STM32L4xx_HAL_Driver/Src/stm32l4xx_hal.o
 .debug_frame   0x0000000000000bfc      0x9b0 ./Drivers/STM32L4xx_HAL_Driver/Src/stm32l4xx_hal_adc.o
 .debug_frame   0x00000000000015ac      0x68c ./Drivers/STM32L4xx_HAL_Driver/Src/stm32l4xx_hal_adc_ex.o
 .debug_frame   0x0000000000001c38      0x498 ./Drivers/STM32L4xx_HAL_Driver/Src/stm32l4xx_hal_cortex.o
 .debug_frame   0x00000000000020d0      0x168 ./Drivers/STM32L4xx_HAL_Driver/Src/stm32l4xx_hal_crc.o
 .debug_frame   0x0000000000002238       0x88 ./Drivers/STM32L4xx_HAL_Driver/Src/stm32l4xx_hal_crc_ex.o
 .debug_frame   0x00000000000022c0      0x204 ./Drivers/STM32L4xx_HAL_Driver/Src/stm32l4xx_hal_dma.o
 .debug_frame   0x00000000000024c4      0x14c ./Drivers/STM32L4xx_HAL_Driver/Src/stm32l4xx_hal_gpio.o
 .debug_frame   0x0000000000002610      0x4a4 ./Drivers/STM32L4xx_HAL_Driver/Src/stm32l4xx_hal_pwr_ex.o
 .debug_frame   0x0000000000002ab4      0x1f4 ./Drivers/STM32L4xx_HAL_Driver/Src/stm32l4xx_hal_rcc.o
 .debug_frame   0x0000000000002ca8      0x3d0 ./Drivers/STM32L4xx_HAL_Driver/Src/stm32l4xx_hal_rcc_ex.o
 .debug_frame   0x0000000000003078      0x860 ./Drivers/STM32L4xx_HAL_Driver/Src/stm32l4xx_hal_spi.o
 .debug_frame   0x00000000000038d8     0x121c ./Drivers/STM32L4xx_HAL_Driver/Src/stm32l4xx_hal_tim.o
 .debug_frame   0x0000000000004af4      0x6b0 ./Drivers/STM32L4xx_HAL_Driver/Src/stm32l4xx_hal_tim_ex.o
 .debug_frame   0x00000000000051a4      0x9e4 ./Drivers/STM32L4xx_HAL_Driver/Src/stm32l4xx_hal_uart.o
 .debug_frame   0x0000000000005b88      0x1e0 ./Drivers/STM32L4xx_HAL_Driver/Src/stm32l4xx_hal_uart_ex.o
 .debug_frame   0x0000000000005d68       0x2c c:/st/stm32cubeide_1.3.0/stm32cubeide/plugins/com.st.stm32cube.ide.mcu.externaltools.gnu-tools-for-stm32.9-2020-q2-update.win32_2.0.0.202105311346/tools/bin/../lib/gcc/arm-none-eabi/9.3.1/../../../../arm-none-eabi/lib/thumb/v7e-m+fp/hard\libc_nano.a(lib_a-init.o)
 .debug_frame   0x0000000000005d94       0x20 c:/st/stm32cubeide_1.3.0/stm32cubeide/plugins/com.st.stm32cube.ide.mcu.externaltools.gnu-tools-for-stm32.9-2020-q2-update.win32_2.0.0.202105311346/tools/bin/../lib/gcc/arm-none-eabi/9.3.1/../../../../arm-none-eabi/lib/thumb/v7e-m+fp/hard\libc_nano.a(lib_a-memset.o)
 .debug_frame   0x0000000000005db4       0x2c c:/st/stm32cubeide_1.3.0/stm32cubeide/plugins/com.st.stm32cube.ide.mcu.externaltools.gnu-tools-for-stm32.9-2020-q2-update.win32_2.0.0.202105311346/tools/bin/../lib/gcc/arm-none-eabi/9.3.1/thumb/v7e-m+fp/hard\libgcc.a(_aeabi_uldivmod.o)
 .debug_frame   0x0000000000005de0       0x34 c:/st/stm32cubeide_1.3.0/stm32cubeide/plugins/com.st.stm32cube.ide.mcu.externaltools.gnu-tools-for-stm32.9-2020-q2-update.win32_2.0.0.202105311346/tools/bin/../lib/gcc/arm-none-eabi/9.3.1/thumb/v7e-m+fp/hard\libgcc.a(_udivmoddi4.o)
