main.c:122:5:main	8	static
main.c:193:6:SystemClock_Config	96	static
main.c:241:13:MX_ADC1_Init	32	static
main.c:313:13:MX_CRC_Init	8	static
main.c:360:13:MX_SPI1_Init	8	static
main.c:400:13:MX_TIM1_Init	96	static
main.c:474:13:MX_TIM2_Init	56	static
main.c:523:13:MX_USART1_UART_Init	8	static
main.c:568:13:MX_USART2_UART_Init	8	static
main.c:608:13:MX_DMA_Init	16	static
main.c:638:13:MX_GPIO_Init	40	static
main.c:684:6:EndofBlock	16	static
main.c:711:6:HAL_UART_ErrorCallback	16	static
main.c:716:6:HAL_UART_TxCpltCallback	16	static
main.c:736:6:Error_Handler	4	static,ignoring_inline_asm
