main.c:118:5:main	8	static
main.c:188:6:SystemClock_Config	96	static
main.c:236:13:MX_ADC1_Init	32	static
main.c:292:13:MX_CRC_Init	8	static
main.c:328:13:MX_SPI1_Init	8	static
main.c:368:13:MX_TIM1_Init	96	static
main.c:442:13:MX_USART1_UART_Init	8	static
main.c:487:13:MX_USART2_UART_Init	8	static
main.c:527:13:MX_DMA_Init	16	static
main.c:554:13:MX_GPIO_Init	40	static
main.c:599:6:HAL_TIM_PeriodElapsedCallback	16	static
main.c:604:6:HAL_ADC_ConvCpltCallback	16	static
main.c:612:6:EndofBlock	16	static
main.c:637:6:HAL_UART_ErrorCallback	16	static
main.c:642:6:HAL_UART_TxCpltCallback	16	static
main.c:661:6:Error_Handler	4	static,ignoring_inline_asm
